Capturing execution frames: debug_large_image_results.json
  Frame 1 saved (frame_000.jpg, t=0.0s)
  Validating workflow...
  [ComfyUI] === /validate endpoint called ===
  [ComfyUI] Received JSON with keys: ['prompt']
  [ComfyUI] Prompt has 10 nodes
  [ComfyUI]   Node 59: SAM3D_DepthEstimate
  Queuing workflow for execution...
  [ComfyUI]     Inputs: {"depth_model": ["74", 0], "image": ["77", 0]}
  [ComfyUI]   Node 74: LoadSAM3DModel
  [ComfyUI]     Inputs: {"attn_backend": "flash_attn", "compile": false, "precision": "auto"}
  [ComfyUI]   Node 75: MultibandLoad
  [ComfyUI]     Inputs: {"image": "scene_multiband.npz", "normalize": true}
  [ComfyUI]   Node 77: MultibandToImage
  [ComfyUI]     Inputs: {"channels": "0,1,2", "multiband": ["75", 0]}
  [ComfyUI]   Node 78: MultibandToMasks
  [ComfyUI]     Inputs: {"channels": "3", "auto_detect_masks": false, "multiband": ["75", 0]}
  [ComfyUI]   Node 88: PreviewImage
  [ComfyUI]     Inputs: {"images": ["77", 0]}
  [ComfyUI]   Node 92: SAM3DGenerateSLAT
  [ComfyUI]     Inputs: {"seed": 42, "stage1_steps": 12, "stage1_cfg": 7.5, "stage1_cfg_pm": 0, "stage2_steps": 12, "stage2_cfg": 5, "use_distillation": false, "generator": ["74", 1], "image": ["77", 0], "mask": ["78", 0], "
  [ComfyUI]   Node 93: SAM3DMeshDecode
  [ComfyUI]     Inputs: {"with_postprocess": false, "simplify": 0.95, "up_axis": "Y-up (standard)", "world_coordinates": false, "use_sparse_flexicubes": true, "slat_decoder_mesh": ["74", 3], "slat": ["92", 0]}
  [ComfyUI]   Node 94: Preview3D
  [ComfyUI]     Inputs: {"model_file": ["93", 0], "image": ""}
  [ComfyUI]   Node 95: MaskPreview
  [ComfyUI]     Inputs: {"mask": ["78", 0]}
  [ComfyUI] Generated prompt_id: 3778cc14-ecb2-46cc-9788-02f893135708
  [ComfyUI] Calling execution.validate_prompt()...
  [ComfyUI] Validation result: valid=True
  [ComfyUI] === Validation PASSED ===
  [ComfyUI] got prompt
  Frame 2 saved (frame_001.jpg, t=2.4s)
  [capture-periodic] freeze=3ms shot=129ms unfreeze=4ms saved=True
  Node executed (1 total), capturing...
  [ComfyUI] [comfy-env] Running LoadSAM3DModel: attn_backend: 'flash_attn', compile: False, precision: 'auto'
  [ComfyUI] [VRAM] Before LoadSAM3DModel: 1271 / 24575 MB
  [ComfyUI] [SubprocessWorker] call_method: nodes.load_model.LoadSAM3DModel.EXECUTE_NORMALIZED
  [ComfyUI] [SubprocessWorker] acquired lock, ensuring started...
  [ComfyUI] [comfy-env] sam3dobjects-nodes: Library/bin has 649 DLLs
  [ComfyUI] ComfyUI-Multiband loaded: 15 nodes registered
  [ComfyUI] LoadMultibandImage: Loaded C:\workspaces\SAM3DObjects-1828\ComfyUI\input\scene_multiband.npz
  [ComfyUI]   Shape: (1, 10, 2240, 3360)
  [ComfyUI]   Channels: 10
  [ComfyUI]   Names: img_01_r,img_01_g,img_01_b,mask_01,mask_02,mask_03,mask_04,mask_05,mask_06,mask_07
  [ComfyUI] [comfy-env] SubprocessWorker: C:\workspaces\SAM3DObjects-1828\ComfyUI\.ce\.pixi\envs\sam3dobjects-nodes\python.exe
  [ComfyUI] [comfy-env] env_vars: {'COMFYUI_BASE': 'C:\\workspaces\\SAM3DObjects-1828\\ComfyUI'}
  [ComfyUI] [ComfyUI-SAM3DObjects] python: C:\workspaces\SAM3DObjects-1828\ComfyUI\.ce\.pixi\envs\sam3dobjects-nodes\python.exe
  [ComfyUI] [ComfyUI-SAM3DObjects] sys_path sent to worker: ['C:\\workspaces\\SAM3DObjects-1828\\ComfyUI', 'C:\\workspaces\\SAM3DObjects-1828\\ComfyUI\\custom_nodes\\ComfyUI-SAM3DObjects', 'C:\\workspaces\\SAM3DObjects-1828\\ComfyUI\\.ce\\.pixi\\envs\\sam3dobjects-nodes\\Lib\\site-packages', 'C:\\workspaces\\SAM3DObjects-1828\\ComfyUI\\custom_nodes\\ComfyUI-SAM3DObjects']
  Frame 3 saved (frame_002.jpg, t=2.9s)
  [ComfyUI] [SubprocessWorker] is_pixi=True, python=C:\workspaces\SAM3DObjects-1828\ComfyUI\.ce\.pixi\envs\sam3dobjects-nodes\python.exe
  [capture-node] freeze=4ms shot=203ms unfreeze=4ms saved=True
  [ComfyUI] [SubprocessWorker] launching cmd=['C:\\Users\\ContainerAdministrator\\.local\\bin\\pixi.EXE', 'run', '--as-is', '--manifest-path', 'C:\\workspaces\\SAM3DObjects-1828\\ComfyUI\\.ce\\pixi.toml', '-e', 'sam3dobjects-nodes', 'python', 'C:\\Users\\ContainerAdministrator\\AppData\\Local\\Temp\\comfyui_pvenv_0zgllkjn\\persistent_worker.py', 'tcp://127.0.0.1:52059']...
  Node executed (2 total), capturing...
  Frame 4 saved (frame_003.jpg, t=3.4s)
  [capture-node] freeze=4ms shot=150ms unfreeze=3ms saved=True
  Frame 5 saved (frame_004.jpg, t=5.7s)
  [capture-periodic] freeze=3ms shot=148ms unfreeze=5ms saved=True
  [capture-loop] iter=50 t=7.2s state={'complete': False, 'error': None, 'executedCount': 2, 'wsState': 1} eval_ms=4
  [capture-loop] iter=100 t=13.3s state={'complete': False, 'error': None, 'executedCount': 2, 'wsState': 1} eval_ms=4
  [capture-loop] iter=150 t=19.4s state={'complete': False, 'error': None, 'executedCount': 2, 'wsState': 1} eval_ms=4
  [capture-loop] iter=200 t=25.3s state={'complete': False, 'error': None, 'executedCount': 2, 'wsState': 1} eval_ms=3
  [ComfyUI] [worker:ComfyUI-SAM3DObjects] WARNING: WARNING: You need pytorch with cu130 or higher to use optimized CUDA operations.
  [ComfyUI] [SubprocessWorker] worker started/confirmed
  [ComfyUI] [SubprocessWorker] serializing kwargs to shm...
  [ComfyUI] [SubprocessWorker] created 0 shm blocks
  [ComfyUI] [SubprocessWorker] sending request via socket...
  [ComfyUI] [SubprocessWorker] call_id=1 sending call_method
  [ComfyUI] C:\workspaces\SAM3DObjects-1828\ComfyUI\.ce\.pixi\envs\sam3dobjects-nodes\Lib\site-packages\huggingface_hub\utils\_validators.py:205: UserWarning: The `local_dir_use_symlinks` argument is deprecated and ignored in `hf_hub_download`. Downloading to a local directory does not use symlinks anymore.
  [ComfyUI]   warnings.warn(
  [capture-loop] iter=250 t=31.4s state={'complete': False, 'error': None, 'executedCount': 2, 'wsState': 1} eval_ms=4
  [ComfyUI] Warning: You are sending unauthenticated requests to the HF Hub. Please set a HF_TOKEN to enable higher rate limits and faster downloads.
  [ComfyUI] [worker:ComfyUI-SAM3DObjects] WARNING: Warning: You are sending unauthenticated requests to the HF Hub. Please set a HF_TOKEN to enable higher rate limits and faster downloads.
  [capture-loop] iter=300 t=37.5s state={'complete': False, 'error': None, 'executedCount': 2, 'wsState': 1} eval_ms=4
  [capture-loop] iter=350 t=43.5s state={'complete': False, 'error': None, 'executedCount': 2, 'wsState': 1} eval_ms=4
  [capture-loop] iter=400 t=49.5s state={'complete': False, 'error': None, 'executedCount': 2, 'wsState': 1} eval_ms=4
  [capture-loop] iter=450 t=55.9s state={'complete': False, 'error': None, 'executedCount': 2, 'wsState': 1} eval_ms=4
  [capture-loop] iter=500 t=62.3s state={'complete': False, 'error': None, 'executedCount': 2, 'wsState': 1} eval_ms=4
  [ComfyUI] [worker:ComfyUI-SAM3DObjects]
  [ComfyUI] === WATCHDOG TICK 1 ===
  [ComfyUI] [worker:ComfyUI-SAM3DObjects] Thread 0x00002bf8 (most recent call first):
  [ComfyUI]   File "C:\workspaces\SAM3DObjects-1828\ComfyUI\.ce\.pixi\envs\sam3dobjects-nodes\Lib\threading.py", line 359 in wait
  [ComfyUI]   File "C:\workspaces\SAM3DObjects-1828\ComfyUI\.ce\.pixi\envs\sam3dobjects-nodes\Lib\threading.py", line 655 in wait
  [ComfyUI]   File "C:\workspaces\SAM3DObjects-1828\ComfyUI\.ce\.pixi\envs\sam3dobjects-nodes\Lib\site-packages\tqdm\_monitor.py", line 60 in run
  [ComfyUI]   File "C:\workspaces\SAM3DObjects-1828\ComfyUI\.ce\.pixi\envs\sam3dobjects-nodes\Lib\threading.py", line 1075 in _bootstrap_inner
  [ComfyUI]   File "C:\workspaces\SAM3DObjects-1828\ComfyUI\.ce\.pixi\envs\sam3dobjects-nodes\Lib\threading.py", line 1032 in _bootstrap
  [ComfyUI] 
  [ComfyUI] Thread 0x00004038 (most recent call first):
  [ComfyUI]   File "C:\Users\ContainerAdministrator\AppData\Local\Temp\comfyui_pvenv_0zgllkjn\persistent_worker.py", line 106 in _vram_poller
  [ComfyUI]   File "C:\workspaces\SAM3DObjects-1828\ComfyUI\.ce\.pixi\envs\sam3dobjects-nodes\Lib\threading.py", line 1012 in run
  [ComfyUI]   File "C:\workspaces\SAM3DObjects-1828\ComfyUI\.ce\.pixi\envs\sam3dobjects-nodes\Lib\threading.py", line 1075 in _bootstrap_inner
  [ComfyUI]   File "C:\workspaces\SAM3DObjects-1828\ComfyUI\.ce\.pixi\envs\sam3dobjects-nodes\Lib\threading.py", line 1032 in _bootstrap
  [ComfyUI] 
  [ComfyUI] Current thread 0x000015dc (most recent call first):
  [ComfyUI]   File "C:\Users\ContainerAdministrator\AppData\Local\Temp\comfyui_pvenv_0zgllkjn\persistent_worker.py", line 52 in _watchdog
  [ComfyUI]   File "C:\workspaces\SAM3DObjects-1828\ComfyUI\.ce\.pixi\envs\sam3dobjects-nodes\Lib\threading.py", line 1012 in run
  [ComfyUI]   File "C:\workspaces\SAM3DObjects-1828\ComfyUI\.ce\.pixi\envs\sam3dobjects-nodes\Lib\threading.py", line 1075 in _bootstrap_inner
  [ComfyUI]   File "C:\workspaces\SAM3DObjects-1828\ComfyUI\.ce\.pixi\envs\sam3dobjects-nodes\Lib\threading.py", line 1032 in _bootstrap
  [ComfyUI] 
  [ComfyUI] Thread 0x00000b28 (most recent call first):
  [ComfyUI]   File "C:\workspaces\SAM3DObjects-1828\ComfyUI\.ce\.pixi\envs\sam3dobjects-nodes\Lib\site-packages\huggingface_hub\file_download.py", line 558 in xet_get
  [ComfyUI]   File "C:\workspaces\SAM3DObjects-1828\ComfyUI\.ce\.pixi\envs\sam3dobjects-nodes\Lib\site-packages\huggingface_hub\file_download.py", line 1842 in _download_to_tmp_and_move
  [ComfyUI]   File "C:\workspaces\SAM3DObjects-1828\ComfyUI\.ce\.pixi\envs\sam3dobjects-nodes\Lib\site-packages\huggingface_hub\file_download.py", line 1427 in _hf_hub_download_to_local_dir
  [ComfyUI]   File "C:\workspaces\SAM3DObjects-1828\ComfyUI\.ce\.pixi\envs\sam3dobjects-nodes\Lib\site-packages\huggingface_hub\file_download.py", line 976 in hf_hub_download
  [ComfyUI]   File "C:\workspaces\SAM3DObjects-1828\ComfyUI\.ce\.pixi\envs\sam3dobjects-nodes\Lib\site-packages\huggingface_hub\utils\_validators.py", line 88 in _inner_fn
  [ComfyUI]   File "C:\workspaces\SAM3DObjects-1828\ComfyUI\custom_nodes\ComfyUI-SAM3DObjects\nodes\load_model.py", line 197 in _download_files
  [ComfyUI]   File "C:\workspaces\SAM3DObjects-1828\ComfyUI\custom_nodes\ComfyUI-SAM3DObjects\nodes\load_model.py", line 160 in _get_or_download_checkpoint
  [ComfyUI]   File "C:\workspaces\SAM3DObjects-1828\ComfyUI\custom_nodes\ComfyUI-SAM3DObjects\nodes\load_model.py", line 121 in execute
  [ComfyUI]   File "C:\workspaces\SAM3DObjects-1828\ComfyUI\.ce\.pixi\envs\sam3dobjects-nodes\Lib\site-packages\torch\utils\_contextlib.py", line 124 in decorate_context
  [ComfyUI]   File "C:\workspaces\SAM3DObjects-1828\ComfyUI\comfy_api\latest\_io.py", line 1826 in EXECUTE_NORMALIZED
  [ComfyUI]   File "C:\Users\ContainerAdministrator\AppData\Local\Temp\comfyui_pvenv_0zgllkjn\persistent_worker.py", line 1749 in main
  [ComfyUI]   File "C:\Users\ContainerAdministrator\AppData\Local\Temp\comfyui_pvenv_0zgllkjn\persistent_worker.py", line 1794 in <module>
  [ComfyUI] 
  [ComfyUI] [worker:ComfyUI-SAM3DObjects] === END ===
  [ComfyUI] 
  [capture-loop] iter=550 t=68.6s state={'complete': False, 'error': None, 'executedCount': 2, 'wsState': 1} eval_ms=4
  [capture-loop] iter=600 t=75.0s state={'complete': False, 'error': None, 'executedCount': 2, 'wsState': 1} eval_ms=4
  [capture-loop] iter=650 t=81.4s state={'complete': False, 'error': None, 'executedCount': 2, 'wsState': 1} eval_ms=6
  [capture-loop] iter=700 t=87.4s state={'complete': False, 'error': None, 'executedCount': 2, 'wsState': 1} eval_ms=3
  [capture-loop] iter=750 t=93.4s state={'complete': False, 'error': None, 'executedCount': 2, 'wsState': 1} eval_ms=4
  [capture-loop] iter=800 t=99.7s state={'complete': False, 'error': None, 'executedCount': 2, 'wsState': 1} eval_ms=4
  [capture-loop] iter=850 t=105.9s state={'complete': False, 'error': None, 'executedCount': 2, 'wsState': 1} eval_ms=4
  [capture-loop] iter=900 t=112.0s state={'complete': False, 'error': None, 'executedCount': 2, 'wsState': 1} eval_ms=4
  [capture-loop] iter=950 t=118.4s state={'complete': False, 'error': None, 'executedCount': 2, 'wsState': 1} eval_ms=5
  [ComfyUI] [worker:ComfyUI-SAM3DObjects]
  [ComfyUI] === WATCHDOG TICK 2 ===
  [ComfyUI] [worker:ComfyUI-SAM3DObjects] Thread 0x00002bf8 (most recent call first):
  [ComfyUI]   File "C:\workspaces\SAM3DObjects-1828\ComfyUI\.ce\.pixi\envs\sam3dobjects-nodes\Lib\threading.py", line 359 in wait
  [ComfyUI]   File "C:\workspaces\SAM3DObjects-1828\ComfyUI\.ce\.pixi\envs\sam3dobjects-nodes\Lib\threading.py", line 655 in wait
  [ComfyUI]   File "C:\workspaces\SAM3DObjects-1828\ComfyUI\.ce\.pixi\envs\sam3dobjects-nodes\Lib\site-packages\tqdm\_monitor.py", line 60 in run
  [ComfyUI]   File "C:\workspaces\SAM3DObjects-1828\ComfyUI\.ce\.pixi\envs\sam3dobjects-nodes\Lib\threading.py", line 1075 in _bootstrap_inner
  [ComfyUI]   File "C:\workspaces\SAM3DObjects-1828\ComfyUI\.ce\.pixi\envs\sam3dobjects-nodes\Lib\threading.py", line 1032 in _bootstrap
  [ComfyUI] 
  [ComfyUI] Thread 0x00004038 (most recent call first):
  [ComfyUI]   File "C:\Users\ContainerAdministrator\AppData\Local\Temp\comfyui_pvenv_0zgllkjn\persistent_worker.py", line 106 in _vram_poller
  [ComfyUI]   File "C:\workspaces\SAM3DObjects-1828\ComfyUI\.ce\.pixi\envs\sam3dobjects-nodes\Lib\threading.py", line 1012 in run
  [ComfyUI]   File "C:\workspaces\SAM3DObjects-1828\ComfyUI\.ce\.pixi\envs\sam3dobjects-nodes\Lib\threading.py", line 1075 in _bootstrap_inner
  [ComfyUI]   File "C:\workspaces\SAM3DObjects-1828\ComfyUI\.ce\.pixi\envs\sam3dobjects-nodes\Lib\threading.py", line 1032 in _bootstrap
  [ComfyUI] 
  [ComfyUI] Current thread 0x000015dc (most recent call first):
  [ComfyUI]   File "C:\Users\ContainerAdministrator\AppData\Local\Temp\comfyui_pvenv_0zgllkjn\persistent_worker.py", line 52 in _watchdog
  [ComfyUI]   File "C:\workspaces\SAM3DObjects-1828\ComfyUI\.ce\.pixi\envs\sam3dobjects-nodes\Lib\threading.py", line 1012 in run
  [ComfyUI]   File "C:\workspaces\SAM3DObjects-1828\ComfyUI\.ce\.pixi\envs\sam3dobjects-nodes\Lib\threading.py", line 1075 in _bootstrap_inner
  [ComfyUI]   File "C:\workspaces\SAM3DObjects-1828\ComfyUI\.ce\.pixi\envs\sam3dobjects-nodes\Lib\threading.py", line 1032 in _bootstrap
  [ComfyUI] 
  [ComfyUI] Thread 0x00000b28 (most recent call first):
  [ComfyUI]   File "C:\workspaces\SAM3DObjects-1828\ComfyUI\.ce\.pixi\envs\sam3dobjects-nodes\Lib\site-packages\huggingface_hub\file_download.py", line 558 in xet_get
  [ComfyUI]   File "C:\workspaces\SAM3DObjects-1828\ComfyUI\.ce\.pixi\envs\sam3dobjects-nodes\Lib\site-packages\huggingface_hub\file_download.py", line 1842 in _download_to_tmp_and_move
  [ComfyUI]   File "C:\workspaces\SAM3DObjects-1828\ComfyUI\.ce\.pixi\envs\sam3dobjects-nodes\Lib\site-packages\huggingface_hub\file_download.py", line 1427 in _hf_hub_download_to_local_dir
  [ComfyUI]   File "C:\workspaces\SAM3DObjects-1828\ComfyUI\.ce\.pixi\envs\sam3dobjects-nodes\Lib\site-packages\huggingface_hub\file_download.py", line 976 in hf_hub_download
  [ComfyUI]   File "C:\workspaces\SAM3DObjects-1828\ComfyUI\.ce\.pixi\envs\sam3dobjects-nodes\Lib\site-packages\huggingface_hub\utils\_validators.py", line 88 in _inner_fn
  [ComfyUI]   File "C:\workspaces\SAM3DObjects-1828\ComfyUI\custom_nodes\ComfyUI-SAM3DObjects\nodes\load_model.py", line 197 in _download_files
  [ComfyUI]   File "C:\workspaces\SAM3DObjects-1828\ComfyUI\custom_nodes\ComfyUI-SAM3DObjects\nodes\load_model.py", line 160 in _get_or_download_checkpoint
  [ComfyUI]   File "C:\workspaces\SAM3DObjects-1828\ComfyUI\custom_nodes\ComfyUI-SAM3DObjects\nodes\load_model.py", line 121 in execute
  [ComfyUI]   File "C:\workspaces\SAM3DObjects-1828\ComfyUI\.ce\.pixi\envs\sam3dobjects-nodes\Lib\site-packages\torch\utils\_contextlib.py", line 124 in decorate_context
  [ComfyUI]   File "C:\workspaces\SAM3DObjects-1828\ComfyUI\comfy_api\latest\_io.py", line 1826 in EXECUTE_NORMALIZED
  [ComfyUI]   File "C:\Users\ContainerAdministrator\AppData\Local\Temp\comfyui_pvenv_0zgllkjn\persistent_worker.py", line 1749 in main
  [ComfyUI]   File "C:\Users\ContainerAdministrator\AppData\Local\Temp\comfyui_pvenv_0zgllkjn\persistent_worker.py", line 1794 in <module>
  [ComfyUI] 
  [ComfyUI] [worker:ComfyUI-SAM3DObjects] === END ===
  [ComfyUI] 
  [capture-loop] iter=1000 t=124.8s state={'complete': False, 'error': None, 'executedCount': 2, 'wsState': 1} eval_ms=5
  [capture-loop] iter=1050 t=131.2s state={'complete': False, 'error': None, 'executedCount': 2, 'wsState': 1} eval_ms=4
  [capture-loop] iter=1100 t=137.6s state={'complete': False, 'error': None, 'executedCount': 2, 'wsState': 1} eval_ms=4
  [capture-loop] iter=1150 t=144.0s state={'complete': False, 'error': None, 'executedCount': 2, 'wsState': 1} eval_ms=4
  [capture-loop] iter=1200 t=150.2s state={'complete': False, 'error': None, 'executedCount': 2, 'wsState': 1} eval_ms=4
  [capture-loop] iter=1250 t=156.4s state={'complete': False, 'error': None, 'executedCount': 2, 'wsState': 1} eval_ms=4
  [capture-loop] iter=1300 t=162.7s state={'complete': False, 'error': None, 'executedCount': 2, 'wsState': 1} eval_ms=4
  [capture-loop] iter=1350 t=168.9s state={'complete': False, 'error': None, 'executedCount': 2, 'wsState': 1} eval_ms=3
  [capture-loop] iter=1400 t=174.9s state={'complete': False, 'error': None, 'executedCount': 2, 'wsState': 1} eval_ms=4
  [ComfyUI] [SubprocessWorker] got response: ok
  [ComfyUI] [comfy-env] LoadSAM3DModel done (177.89s): result: NodeOutput
  [ComfyUI] [VRAM] After LoadSAM3DModel: 1271 / 24575 MB
  [ComfyUI] [comfy-env] Running SAM3D_DepthEstimate: depth_model: dict, image: torch.float32 [1,2240,3360,3] cpu
  [ComfyUI] [VRAM] Before SAM3D_DepthEstimate: 1271 / 24575 MB
  [ComfyUI] [SubprocessWorker] call_method: nodes.depth_estimate.SAM3D_DepthEstimate.EXECUTE_NORMALIZED
  [ComfyUI] [SubprocessWorker] acquired lock, ensuring started...
  [ComfyUI] [ComfyUI-SAM3DObjects] Health check: ping (timeout=5.0s)...
  [ComfyUI] [ComfyUI-SAM3DObjects] Health check: ok
  [ComfyUI] [SubprocessWorker] worker started/confirmed
  [ComfyUI] [comfy-env] PRE-SERIALIZE 'image' shape: torch.Size([1, 2240, 3360, 3])
  [ComfyUI] [SubprocessWorker] serializing kwargs to shm...
  [ComfyUI] [SubprocessWorker] created 0 shm blocks
  [ComfyUI] [SubprocessWorker] sending request via socket...
  [ComfyUI] [SubprocessWorker] call_id=2 sending call_method
  [ComfyUI] [worker:ComfyUI-SAM3DObjects] [comfy-env] _from_shm got dict with keys: ['__type__', 'strategy', 'manager_path', 'storage_key', 'storage_size']
  [ComfyUI] [worker:ComfyUI-SAM3DObjects] [comfy-env] DESERIALIZE TensorRef: tensor_size=[1, 2240, 3360, 3]
  [ComfyUI] [worker:ComfyUI-SAM3DObjects] [comfy-env] DESERIALIZED tensor shape: torch.Size([1, 2240, 3360, 3])
  [capture-loop] iter=1450 t=181.3s state={'complete': False, 'error': None, 'executedCount': 2, 'wsState': 1} eval_ms=5
  Frame 6 saved (frame_005.jpg, t=181.7s)
  [capture-periodic] freeze=3ms shot=134ms unfreeze=4ms saved=True
  [ComfyUI] [worker:ComfyUI-SAM3DObjects]
  [ComfyUI] === WATCHDOG TICK 3 ===
  [ComfyUI] [worker:ComfyUI-SAM3DObjects] Thread 0x00002bf8 (most recent call first):
  [ComfyUI]   File "C:\workspaces\SAM3DObjects-1828\ComfyUI\.ce\.pixi\envs\sam3dobjects-nodes\Lib\threading.py", line 359 in wait
  [ComfyUI]   File "C:\workspaces\SAM3DObjects-1828\ComfyUI\.ce\.pixi\envs\sam3dobjects-nodes\Lib\threading.py", line 655 in wait
  [ComfyUI]   File "C:\workspaces\SAM3DObjects-1828\ComfyUI\.ce\.pixi\envs\sam3dobjects-nodes\Lib\site-packages\tqdm\_monitor.py", line 60 in run
  [ComfyUI]   File "C:\workspaces\SAM3DObjects-1828\ComfyUI\.ce\.pixi\envs\sam3dobjects-nodes\Lib\threading.py", line 1075 in _bootstrap_inner
  [ComfyUI]   File "C:\workspaces\SAM3DObjects-1828\ComfyUI\.ce\.pixi\envs\sam3dobjects-nodes\Lib\threading.py", line 1032 in _bootstrap
  [ComfyUI] 
  [ComfyUI] Thread 0x00004038 (most recent call first):
  [ComfyUI]   File "C:\Users\ContainerAdministrator\AppData\Local\Temp\comfyui_pvenv_0zgllkjn\persistent_worker.py", line 106 in _vram_poller
  [ComfyUI]   File "C:\workspaces\SAM3DObjects-1828\ComfyUI\.ce\.pixi\envs\sam3dobjects-nodes\Lib\threading.py", line 1012 in run
  [ComfyUI]   File "C:\workspaces\SAM3DObjects-1828\ComfyUI\.ce\.pixi\envs\sam3dobjects-nodes\Lib\threading.py", line 1075 in _bootstrap_inner
  [ComfyUI]   File "C:\workspaces\SAM3DObjects-1828\ComfyUI\.ce\.pixi\envs\sam3dobjects-nodes\Lib\threading.py", line 1032 in _bootstrap
  [ComfyUI] 
  [ComfyUI] Current thread 0x000015dc (most recent call first):
  [ComfyUI]   File "C:\Users\ContainerAdministrator\AppData\Local\Temp\comfyui_pvenv_0zgllkjn\persistent_worker.py", line 52 in _watchdog
  [ComfyUI]   File "C:\workspaces\SAM3DObjects-1828\ComfyUI\.ce\.pixi\envs\sam3dobjects-nodes\Lib\threading.py", line 1012 in run
  [ComfyUI]   File "C:\workspaces\SAM3DObjects-1828\ComfyUI\.ce\.pixi\envs\sam3dobjects-nodes\Lib\threading.py", line 1075 in _bootstrap_inner
  [ComfyUI]   File "C:\workspaces\SAM3DObjects-1828\ComfyUI\.ce\.pixi\envs\sam3dobjects-nodes\Lib\threading.py", line 1032 in _bootstrap
  [ComfyUI] 
  [ComfyUI] Thread 0x00000b28 (most recent call first):
  [ComfyUI]   File "<frozen importlib._bootstrap_external>", line 206 in _write_atomic
  [ComfyUI]   File "<frozen importlib._bootstrap_external>", line 1239 in set_data
  [ComfyUI]   File "<frozen importlib._bootstrap_external>", line 1214 in _cache_bytecode
  [ComfyUI]   File "<frozen importlib._bootstrap_external>", line 1146 in get_code
  [ComfyUI]   File "<frozen importlib._bootstrap_external>", line 995 in exec_module
  [ComfyUI]   File "<frozen importlib._bootstrap>", line 935 in _load_unlocked
  [ComfyUI]   File "<frozen importlib._bootstrap>", line 1331 in _find_and_load_unlocked
  [ComfyUI]   File "<frozen importlib._bootstrap>", line 1360 in _find_and_load
  [ComfyUI]   File "C:\workspaces\SAM3DObjects-1828\ComfyUI\comfy\model_base.py", line 42 in <module>
  [ComfyUI]   File "<frozen importlib._bootstrap>", line 488 in _call_with_frames_removed
  [ComfyUI]   File "<frozen importlib._bootstrap_external>", line 999 in exec_module
  [ComfyUI]   File "<frozen importlib._bootstrap>", line 935 in _load_unlocked
  [ComfyUI]   File "<frozen importlib._bootstrap>", line 1331 in _find_and_load_unlocked
  [ComfyUI]   File "<frozen importlib._bootstrap>", line 1360 in _find_and_load
  [ComfyUI]   File "C:\workspaces\SAM3DObjects-1828\ComfyUI\comfy\lora.py", line 22 in <module>
  [ComfyUI]   File "<frozen importlib._bootstrap>", line 488 in _call_with_frames_removed
  [ComfyUI]   File "<frozen importlib._bootstrap_external>", line 999 in exec_module
  [ComfyUI]   File "<frozen importlib._bootstrap>", line 935 in _load_unlocked
  [ComfyUI]   File "<frozen importlib._bootstrap>", line 1331 in _find_and_load_unlocked
  [ComfyUI]   File "<frozen importlib._bootstrap>", line 1360 in _find_and_load
  [ComfyUI]   File "C:\workspaces\SAM3DObjects-1828\ComfyUI\comfy\hooks.py", line 14 in <module>
  [ComfyUI]   File "<frozen importlib._bootstrap>", line 488 in _call_with_frames_removed
  [ComfyUI]   File "<frozen importlib._bootstrap_external>", line 999 in exec_module
  [ComfyUI]   File "<frozen importlib._bootstrap>", line 935 in _load_unlocked
  [ComfyUI]   File "<frozen importlib._bootstrap>", line 1331 in _find_and_load_unlocked
  [ComfyUI]   File "<frozen importlib._bootstrap>", line 1360 in _find_and_load
  [ComfyUI]   File "C:\workspaces\SAM3DObjects-1828\ComfyUI\comfy\model_patcher.py", line 31 in <module>
  [ComfyUI]   File "<frozen importlib._bootstrap>", line 488 in _call_with_frames_removed
  [ComfyUI]   File "<frozen importlib._bootstrap_external>", line 999 in exec_module
  [ComfyUI]   File "<frozen importlib._bootstrap>", line 935 in _load_unlocked
  [ComfyUI]   File "<frozen importlib._bootstrap>", line 1331 in _find_and_load_unlocked
  [ComfyUI]   File "<frozen importlib._bootstrap>", line 1360 in _find_and_load
  [ComfyUI]   File "C:\workspaces\SAM3DObjects-1828\ComfyUI\custom_nodes\ComfyUI-SAM3DObjects\nodes\depth_estimate.py", line 95 in execute
  [ComfyUI]   File "C:\workspaces\SAM3DObjects-1828\ComfyUI\.ce\.pixi\envs\sam3dobjects-nodes\Lib\site-packages\torch\utils\_contextlib.py", line 124 in decorate_context
  [ComfyUI]   File "C:\workspaces\SAM3DObjects-1828\ComfyUI\comfy_api\latest\_io.py", line 1826 in EXECUTE_NORMALIZED
  [ComfyUI]   File "C:\Users\ContainerAdministrator\AppData\Local\Temp\comfyui_pvenv_0zgllkjn\persistent_worker.py", line 1749 in main
  [ComfyUI]   File "C:\Users\ContainerAdministrator\AppData\Local\Temp\comfyui_pvenv_0zgllkjn\persistent_worker.py", line 1794 in <module>
  [ComfyUI] 
  [ComfyUI] [worker:ComfyUI-SAM3DObjects] === END ===
  [ComfyUI] 
  [capture-loop] iter=1500 t=187.2s state={'complete': False, 'error': None, 'executedCount': 2, 'wsState': 1} eval_ms=4
  [ComfyUI] [worker:ComfyUI-SAM3DObjects] [VRAM] DepthEstimate: start: torch=0MiB alloc, 0MiB reserved | gpu=1271MiB/24575MiB used
  [ComfyUI] [worker:ComfyUI-SAM3DObjects] [VRAM] DepthEstimate: before MoGe from_pretrained: torch=0MiB alloc, 0MiB reserved | gpu=1271MiB/24575MiB used
  [ComfyUI] C:\workspaces\SAM3DObjects-1828\ComfyUI\custom_nodes\ComfyUI-SAM3DObjects\nodes\sam3d\moge.py:1012: UserWarning: Deprecated arguments ignored: {'output_mask': True, 'split_head': True}
  [ComfyUI]   warnings.warn(f"Deprecated arguments ignored: {deprecated_kwargs}")
  [ComfyUI] [worker:ComfyUI-SAM3DObjects] [VRAM] DepthEstimate: after MoGe from_pretrained: torch=0MiB alloc, 0MiB reserved | gpu=1271MiB/24575MiB used
  [ComfyUI] [worker:ComfyUI-SAM3DObjects] [VRAM] DepthEstimate: before load_models_gpu: torch=0MiB alloc, 0MiB reserved | gpu=1271MiB/24575MiB used
  [ComfyUI] [SubprocessWorker] callback 'request_vram_budget' from call_id=2
  [ComfyUI] [comfy-env] VRAM request: 0.63GB, free before eviction: 24.44GB
  [ComfyUI] [comfy-env] VRAM after eviction: 24.44GB
  [ComfyUI] [worker:ComfyUI-SAM3DObjects] [VRAM] +272MB (now 272MB) reserved=288MB peak=272MB
  [ComfyUI] [worker:ComfyUI-SAM3DObjects] [VRAM] DepthEstimate: after load_models_gpu: torch=599MiB alloc, 608MiB reserved | gpu=1891MiB/24575MiB used
  [ComfyUI] [worker:ComfyUI-SAM3DObjects] [VRAM] +327MB (now 599MB) reserved=608MB peak=599MB
  [capture-loop] iter=1550 t=193.2s state={'complete': False, 'error': None, 'executedCount': 2, 'wsState': 1} eval_ms=4
  [capture-loop] iter=1600 t=198.9s state={'complete': False, 'error': None, 'executedCount': 2, 'wsState': 1} eval_ms=3
  [ComfyUI] [SubprocessWorker] callback 'report_progress' from call_id=2
  [capture-loop] iter=1650 t=204.9s state={'complete': False, 'error': None, 'executedCount': 2, 'wsState': 1} eval_ms=4
  [ComfyUI] [worker:ComfyUI-SAM3DObjects] [VRAM] DepthEstimate: before MoGe inference: torch=599MiB alloc, 608MiB reserved | gpu=1891MiB/24575MiB used
  Frame 7 saved (frame_006.jpg, t=206.1s)
  [capture-periodic] freeze=3ms shot=145ms unfreeze=3ms saved=True
  [ComfyUI] [worker:ComfyUI-SAM3DObjects] [VRAM] +224MB (now 824MB) reserved=1056MB peak=824MB
  [ComfyUI] [worker:ComfyUI-SAM3DObjects] [VRAM] DepthEstimate: after MoGe inference: torch=759MiB alloc, 1088MiB reserved | gpu=2431MiB/24575MiB used
  [ComfyUI] [worker:ComfyUI-SAM3DObjects] [VRAM] DepthEstimate: after cleanup: torch=159MiB alloc, 224MiB reserved | gpu=1567MiB/24575MiB used
  [ComfyUI] [SubprocessWorker] callback 'report_progress' from call_id=2
  [capture-loop] iter=1700 t=210.8s state={'complete': False, 'error': None, 'executedCount': 2, 'wsState': 1} eval_ms=4
  [ComfyUI] [SubprocessWorker] callback 'report_progress' from call_id=2
  [ComfyUI] [worker:ComfyUI-SAM3DObjects] [VRAM] -579MB (now 245MB) reserved=640MB peak=824MB
  Frame 8 saved (frame_007.jpg, t=212.8s)
  [capture-periodic] freeze=3ms shot=138ms unfreeze=3ms saved=True
  [capture-loop] iter=1750 t=216.6s state={'complete': False, 'error': None, 'executedCount': 2, 'wsState': 1} eval_ms=3
  [capture-loop] iter=1800 t=222.5s state={'complete': False, 'error': None, 'executedCount': 2, 'wsState': 1} eval_ms=3
  [capture-loop] iter=1850 t=228.2s state={'complete': False, 'error': None, 'executedCount': 2, 'wsState': 1} eval_ms=3
  [capture-loop] iter=1900 t=234.1s state={'complete': False, 'error': None, 'executedCount': 2, 'wsState': 1} eval_ms=3
  [capture-loop] iter=1950 t=240.0s state={'complete': False, 'error': None, 'executedCount': 2, 'wsState': 1} eval_ms=3
  [ComfyUI] [SubprocessWorker] callback 'report_progress' from call_id=2
  [ComfyUI] [worker:ComfyUI-SAM3DObjects] [VRAM] DepthEstimate: done: torch=245MiB alloc, 640MiB reserved | gpu=1983MiB/24575MiB used
  [ComfyUI] [SubprocessWorker] got response: ok
  [ComfyUI] [comfy-env] Created 1 model patchers: ['MoGeModelV1_1']
  [ComfyUI] [comfy-env] SAM3D_DepthEstimate done (62.03s): result: NodeOutput
  [ComfyUI] [VRAM] After SAM3D_DepthEstimate: 1271 / 24575 MB
  [ComfyUI] [VRAM] Loaded: SubprocessModel (0 MB)
  [ComfyUI] [comfy-env] Running SAM3DGenerateSLAT: seed: 42, stage1_steps: 12, stage1_cfg: 7.5, stage1_cfg_pm: 0.0, stage2_steps: 12, stage2_cfg: 5.0, use_distillation: False, generator: dict, image: torch.float32 [1,2240,3360,3] cpu, mask: torch.float32 [1,2240,3360] cpu, pointmap: torch.float32 [2240,3360,3] cpu
  [ComfyUI] [VRAM] Before SAM3DGenerateSLAT: 1271 / 24575 MB
  [ComfyUI] [VRAM] Loaded: SubprocessModel (0 MB)
  [ComfyUI] [SubprocessWorker] call_method: nodes.generate_slat.SAM3DGenerateSLAT.EXECUTE_NORMALIZED
  [ComfyUI] [SubprocessWorker] acquired lock, ensuring started...
  [ComfyUI] [ComfyUI-SAM3DObjects] Health check: ping (timeout=5.0s)...
  [ComfyUI] [ComfyUI-SAM3DObjects] Health check: failed
  [ComfyUI] [ComfyUI-SAM3DObjects] Socket unhealthy, restarting worker...
  [ComfyUI] [comfy-env] Invalidated 1 stale model patchers (will be cleaned up during next unload)
  [ComfyUI] [comfy-env] sam3dobjects-nodes: Library/bin has 649 DLLs
  [ComfyUI] [ComfyUI-SAM3DObjects] python: C:\workspaces\SAM3DObjects-1828\ComfyUI\.ce\.pixi\envs\sam3dobjects-nodes\python.exe
  [ComfyUI] [ComfyUI-SAM3DObjects] sys_path sent to worker: ['C:\\workspaces\\SAM3DObjects-1828\\ComfyUI', 'C:\\workspaces\\SAM3DObjects-1828\\ComfyUI\\custom_nodes\\ComfyUI-SAM3DObjects', 'C:\\workspaces\\SAM3DObjects-1828\\ComfyUI\\.ce\\.pixi\\envs\\sam3dobjects-nodes\\Lib\\site-packages', 'C:\\workspaces\\SAM3DObjects-1828\\ComfyUI\\custom_nodes\\ComfyUI-SAM3DObjects']
  [ComfyUI] [SubprocessWorker] is_pixi=True, python=C:\workspaces\SAM3DObjects-1828\ComfyUI\.ce\.pixi\envs\sam3dobjects-nodes\python.exe
  [ComfyUI] [SubprocessWorker] launching cmd=['C:\\Users\\ContainerAdministrator\\.local\\bin\\pixi.EXE', 'run', '--as-is', '--manifest-path', 'C:\\workspaces\\SAM3DObjects-1828\\ComfyUI\\.ce\\pixi.toml', '-e', 'sam3dobjects-nodes', 'python', 'C:\\Users\\ContainerAdministrator\\AppData\\Local\\Temp\\comfyui_pvenv_0zgllkjn\\persistent_worker.py', 'tcp://127.0.0.1:52545']...
  Frame 9 saved (frame_008.jpg, t=243.9s)
  [capture-periodic] freeze=3ms shot=134ms unfreeze=3ms saved=True
  [capture-loop] iter=2000 t=245.8s state={'complete': False, 'error': None, 'executedCount': 2, 'wsState': 1} eval_ms=3
  [ComfyUI] [worker:ComfyUI-SAM3DObjects] WARNING: WARNING: You need pytorch with cu130 or higher to use optimized CUDA operations.
  [ComfyUI] [SubprocessWorker] worker started/confirmed
  [ComfyUI] [comfy-env] PRE-SERIALIZE 'image' shape: torch.Size([1, 2240, 3360, 3])
  [ComfyUI] [comfy-env] PRE-SERIALIZE 'mask' shape: torch.Size([1, 2240, 3360])
  [ComfyUI] [comfy-env] PRE-SERIALIZE 'pointmap' shape: torch.Size([2240, 3360, 3])
  [ComfyUI] [SubprocessWorker] serializing kwargs to shm...
  [ComfyUI] [SubprocessWorker] created 0 shm blocks
  [ComfyUI] [SubprocessWorker] sending request via socket...
  [ComfyUI] [SubprocessWorker] call_id=3 sending call_method
  [ComfyUI] [worker:ComfyUI-SAM3DObjects] [comfy-env] _from_shm got dict with keys: ['__type__', 'strategy', 'manager_path', 'storage_key', 'storage_size']
  [ComfyUI] [worker:ComfyUI-SAM3DObjects] [comfy-env] DESERIALIZE TensorRef: tensor_size=[1, 2240, 3360, 3]
  [ComfyUI] [worker:ComfyUI-SAM3DObjects] [comfy-env] DESERIALIZED tensor shape: torch.Size([1, 2240, 3360, 3])
  [ComfyUI] [worker:ComfyUI-SAM3DObjects] [comfy-env] _from_shm got dict with keys: ['__type__', 'strategy', 'manager_path', 'storage_key', 'storage_size']
  [ComfyUI] [worker:ComfyUI-SAM3DObjects] [comfy-env] DESERIALIZE TensorRef: tensor_size=[1, 2240, 3360]
  [ComfyUI] [worker:ComfyUI-SAM3DObjects] [comfy-env] DESERIALIZED tensor shape: torch.Size([1, 2240, 3360])
  [ComfyUI] [worker:ComfyUI-SAM3DObjects] [comfy-env] _from_shm got dict with keys: ['__type__', 'strategy', 'manager_path', 'storage_key', 'storage_size']
  [ComfyUI] [worker:ComfyUI-SAM3DObjects] [comfy-env] DESERIALIZE TensorRef: tensor_size=[2240, 3360, 3]
  [ComfyUI] [worker:ComfyUI-SAM3DObjects] [comfy-env] DESERIALIZED tensor shape: torch.Size([2240, 3360, 3])
  [ComfyUI] [worker:ComfyUI-SAM3DObjects] [VRAM] GenerateSLAT: start: torch=0MiB alloc, 0MiB reserved | gpu=1271MiB/24575MiB used
  [capture-loop] iter=2050 t=251.7s state={'complete': False, 'error': None, 'executedCount': 2, 'wsState': 1} eval_ms=3
  [ComfyUI] 2026-05-02 18:42:24.616 | WARNING  | nodes.sam3d.transforms:__post_init__:1359 - No rgb pointmap normalizer provided, using scale + shift
  [ComfyUI] [worker:ComfyUI-SAM3DObjects] [VRAM] +323MB (now 323MB) reserved=480MB peak=323MB
  [ComfyUI] [worker:ComfyUI-SAM3DObjects] [VRAM] _load_condition_embedder(ss): before build: torch=108MiB alloc, 704MiB reserved | gpu=2075MiB/24575MiB used
  [ComfyUI] [worker:ComfyUI-SAM3DObjects] [VRAM] -216MB (now 108MB) reserved=704MB peak=323MB
  [capture-loop] iter=2100 t=258.1s state={'complete': False, 'error': None, 'executedCount': 2, 'wsState': 1} eval_ms=6
  [ComfyUI] [worker:ComfyUI-SAM3DObjects] [VRAM] _load_condition_embedder(ss): after load_state_dict: torch=108MiB alloc, 704MiB reserved | gpu=2075MiB/24575MiB used
  [ComfyUI] [SubprocessWorker] callback 'request_vram_budget' from call_id=3
  [ComfyUI] [comfy-env] VRAM request: 2.54GB, free before eviction: 24.44GB
  [ComfyUI] [comfy-env] VRAM after eviction: 24.44GB
  [ComfyUI] [worker:ComfyUI-SAM3DObjects] [VRAM] +208MB (now 316MB) reserved=416MB peak=323MB
  [ComfyUI] [worker:ComfyUI-SAM3DObjects] [VRAM] +1051MB (now 1367MB) reserved=1376MB peak=1367MB
  [ComfyUI] [worker:ComfyUI-SAM3DObjects] [VRAM] Stage1: before embedding: torch=1367MiB alloc, 1376MiB reserved | gpu=2747MiB/24575MiB used
  [capture-loop] iter=2150 t=264.2s state={'complete': False, 'error': None, 'executedCount': 2, 'wsState': 1} eval_ms=4
  [ComfyUI] [worker:ComfyUI-SAM3DObjects] [VRAM] Stage1: after embedding: torch=1398MiB alloc, 2464MiB reserved | gpu=3843MiB/24575MiB used
  [ComfyUI] [worker:ComfyUI-SAM3DObjects] [VRAM] -245MB (now 1123MB) reserved=2464MB peak=1425MB
  [ComfyUI] [worker:ComfyUI-SAM3DObjects] [VRAM] Stage1: after embedder unload: torch=138MiB alloc, 320MiB reserved | gpu=1699MiB/24575MiB used
  [ComfyUI] [worker:ComfyUI-SAM3DObjects] [VRAM] _load_generator(ss): before build: torch=138MiB alloc, 320MiB reserved | gpu=1699MiB/24575MiB used
  [ComfyUI] [worker:ComfyUI-SAM3DObjects] [VRAM] _load_generator(ss): after load_state_dict: torch=138MiB alloc, 320MiB reserved | gpu=1699MiB/24575MiB used
  [ComfyUI] [SubprocessWorker] callback 'request_vram_budget' from call_id=3
  [ComfyUI] [comfy-env] VRAM request: 3.86GB, free before eviction: 24.44GB
  [ComfyUI] [comfy-env] VRAM after eviction: 24.44GB
  [ComfyUI] [worker:ComfyUI-SAM3DObjects] [VRAM] -721MB (now 403MB) reserved=544MB peak=1425MB
  [ComfyUI] [worker:ComfyUI-SAM3DObjects] [VRAM] +1673MB (now 2076MB) reserved=2112MB peak=2076MB
  [ComfyUI] [worker:ComfyUI-SAM3DObjects] [VRAM] +1533MB (now 3609MB) reserved=3648MB peak=3609MB
  [ComfyUI] [worker:ComfyUI-SAM3DObjects] [VRAM] _load_decoder(ss): before instantiate: torch=3816MiB alloc, 3840MiB reserved | gpu=5219MiB/24575MiB used
  [ComfyUI] [worker:ComfyUI-SAM3DObjects] [VRAM] _load_decoder(ss): after load_state_dict: torch=3816MiB alloc, 3840MiB reserved | gpu=5219MiB/24575MiB used
  [ComfyUI] [SubprocessWorker] callback 'request_vram_budget' from call_id=3
  [ComfyUI] [comfy-env] VRAM request: 0.15GB, free before eviction: 24.44GB
  [ComfyUI] [comfy-env] VRAM after eviction: 24.44GB
  [ComfyUI] [worker:ComfyUI-SAM3DObjects] [VRAM] +261MB (now 3870MB) reserved=3904MB peak=3870MB
  [ComfyUI] [worker:ComfyUI-SAM3DObjects] [VRAM] Stage1: before inference: torch=3957MiB alloc, 3968MiB reserved | gpu=5347MiB/24575MiB used
  [ComfyUI] [worker:ComfyUI-SAM3DObjects] [DTYPE_DBG] _generate_noise_tensor: _compute_dtype=torch.bfloat16 shape=(1, 1, 6) device=cuda:0
  [ComfyUI] [worker:ComfyUI-SAM3DObjects] [DTYPE_DBG] _generate_noise_tensor: _compute_dtype=torch.bfloat16 shape=(1, 1, 3) device=cuda:0
  [ComfyUI] [worker:ComfyUI-SAM3DObjects] [DTYPE_DBG] _generate_noise_tensor: _compute_dtype=torch.bfloat16 shape=(1, 4096, 8) device=cuda:0
  [ComfyUI] [worker:ComfyUI-SAM3DObjects] [DTYPE_DBG] _generate_noise_tensor: _compute_dtype=torch.bfloat16 shape=(1, 1, 3) device=cuda:0
  [ComfyUI] [worker:ComfyUI-SAM3DObjects] [DTYPE_DBG] _generate_noise_tensor: _compute_dtype=torch.bfloat16 shape=(1, 1, 1) device=cuda:0
  [capture-loop] iter=2200 t=270.1s state={'complete': False, 'error': None, 'executedCount': 2, 'wsState': 1} eval_ms=3
  [ComfyUI] [worker:ComfyUI-SAM3DObjects] [VRAM] +261MB (now 4132MB) reserved=4160MB peak=4132MB
  [ComfyUI] [SubprocessWorker] callback 'report_progress' from call_id=3
  [ComfyUI] [SubprocessWorker] callback 'report_progress' from call_id=3
  [ComfyUI] [SubprocessWorker] callback 'report_progress' from call_id=3
  Frame 10 saved (frame_009.jpg, t=275.1s)
  [capture-periodic] freeze=3ms shot=132ms unfreeze=4ms saved=True
  [ComfyUI] [SubprocessWorker] callback 'report_progress' from call_id=3
  [capture-loop] iter=2250 t=276.0s state={'complete': False, 'error': None, 'executedCount': 2, 'wsState': 1} eval_ms=3
  [ComfyUI] [SubprocessWorker] callback 'report_progress' from call_id=3
  [ComfyUI] [SubprocessWorker] callback 'report_progress' from call_id=3
  [ComfyUI] [SubprocessWorker] callback 'report_progress' from call_id=3
  Frame 11 saved (frame_010.jpg, t=277.3s)
  [capture-periodic] freeze=3ms shot=136ms unfreeze=3ms saved=True
  [ComfyUI] [SubprocessWorker] callback 'report_progress' from call_id=3
  [ComfyUI] [SubprocessWorker] callback 'report_progress' from call_id=3
  [ComfyUI] [SubprocessWorker] callback 'report_progress' from call_id=3
  [ComfyUI] [SubprocessWorker] callback 'report_progress' from call_id=3
  [ComfyUI] [SubprocessWorker] callback 'report_progress' from call_id=3
  Frame 12 saved (frame_011.jpg, t=279.5s)
  [capture-periodic] freeze=4ms shot=139ms unfreeze=4ms saved=True
  [ComfyUI] [worker:ComfyUI-SAM3DObjects] [VRAM] Stage1: after inference: torch=3974MiB alloc, 4352MiB reserved | gpu=5731MiB/24575MiB used
  [ComfyUI] [worker:ComfyUI-SAM3DObjects] [VRAM] -369MB (now 3763MB) reserved=4352MB peak=4199MB
  [ComfyUI] [worker:ComfyUI-SAM3DObjects] [VRAM] -2363MB (now 1401MB) reserved=4352MB peak=4199MB
  [ComfyUI] [worker:ComfyUI-SAM3DObjects] [VRAM] Stage1: after model cleanup: torch=155MiB alloc, 416MiB reserved | gpu=1795MiB/24575MiB used
  [capture-loop] iter=2300 t=281.8s state={'complete': False, 'error': None, 'executedCount': 2, 'wsState': 1} eval_ms=3
  [ComfyUI] 2026-05-02 18:42:52.758 | WARNING  | nodes.sam3d.transforms:__post_init__:1359 - No rgb pointmap normalizer provided, using scale + shift
  [ComfyUI] [worker:ComfyUI-SAM3DObjects] [VRAM] -1305MB (now 96MB) reserved=416MB peak=4199MB
  Frame 13 saved (frame_012.jpg, t=281.8s)
  [capture-periodic] freeze=4ms shot=136ms unfreeze=4ms saved=True
  [ComfyUI] [worker:ComfyUI-SAM3DObjects] [VRAM] _load_condition_embedder(slat): before build: torch=105MiB alloc, 416MiB reserved | gpu=1797MiB/24575MiB used
  [ComfyUI] [worker:ComfyUI-SAM3DObjects] [VRAM] _load_condition_embedder(slat): after load_state_dict: torch=105MiB alloc, 416MiB reserved | gpu=1797MiB/24575MiB used
  [capture-loop] iter=2350 t=288.3s state={'complete': False, 'error': None, 'executedCount': 2, 'wsState': 1} eval_ms=3
  [ComfyUI] [SubprocessWorker] callback 'request_vram_budget' from call_id=3
  [ComfyUI] [comfy-env] VRAM request: 2.50GB, free before eviction: 24.44GB
  [ComfyUI] [comfy-env] VRAM after eviction: 24.44GB
  [ComfyUI] [worker:ComfyUI-SAM3DObjects] [VRAM] +216MB (now 313MB) reserved=448MB peak=4199MB
  [ComfyUI] [worker:ComfyUI-SAM3DObjects] [VRAM] +812MB (now 1125MB) reserved=1216MB peak=4199MB
  [ComfyUI] [worker:ComfyUI-SAM3DObjects] [VRAM] Stage2: before embedding: torch=1332MiB alloc, 1408MiB reserved | gpu=2789MiB/24575MiB used
  [ComfyUI] [worker:ComfyUI-SAM3DObjects] [VRAM] Stage2: after embedding: torch=1342MiB alloc, 1472MiB reserved | gpu=2853MiB/24575MiB used
  [ComfyUI] [worker:ComfyUI-SAM3DObjects] [VRAM] +217MB (now 1342MB) reserved=1472MB peak=4199MB
  [ComfyUI] [worker:ComfyUI-SAM3DObjects] [VRAM] Stage2: after embedder unload: torch=115MiB alloc, 320MiB reserved | gpu=1701MiB/24575MiB used
  [ComfyUI] [worker:ComfyUI-SAM3DObjects] [VRAM] _load_generator(slat): before build: torch=115MiB alloc, 320MiB reserved | gpu=1701MiB/24575MiB used
  [ComfyUI] [worker:ComfyUI-SAM3DObjects] [VRAM] -1228MB (now 115MB) reserved=320MB peak=4199MB
  [capture-loop] iter=2400 t=294.3s state={'complete': False, 'error': None, 'executedCount': 2, 'wsState': 1} eval_ms=3
  [capture-loop] iter=2450 t=300.2s state={'complete': False, 'error': None, 'executedCount': 2, 'wsState': 1} eval_ms=4
  [ComfyUI] [worker:ComfyUI-SAM3DObjects]
  [ComfyUI] === WATCHDOG TICK 1 ===
  [ComfyUI] [worker:ComfyUI-SAM3DObjects] Thread 0x0000342c (most recent call first):
  [ComfyUI]   File "C:\Users\ContainerAdministrator\AppData\Local\Temp\comfyui_pvenv_0zgllkjn\persistent_worker.py", line 106 in _vram_poller
  [ComfyUI]   File "C:\workspaces\SAM3DObjects-1828\ComfyUI\.ce\.pixi\envs\sam3dobjects-nodes\Lib\threading.py", line 1012 in run
  [ComfyUI]   File "C:\workspaces\SAM3DObjects-1828\ComfyUI\.ce\.pixi\envs\sam3dobjects-nodes\Lib\threading.py", line 1075 in _bootstrap_inner
  [ComfyUI]   File "C:\workspaces\SAM3DObjects-1828\ComfyUI\.ce\.pixi\envs\sam3dobjects-nodes\Lib\threading.py", line 1032 in _bootstrap
  [ComfyUI] 
  [ComfyUI] Current thread 0x00003860 (most recent call first):
  [ComfyUI]   File "C:\Users\ContainerAdministrator\AppData\Local\Temp\comfyui_pvenv_0zgllkjn\persistent_worker.py", line 52 in _watchdog
  [ComfyUI]   File "C:\workspaces\SAM3DObjects-1828\ComfyUI\.ce\.pixi\envs\sam3dobjects-nodes\Lib\threading.py", line 1012 in run
  [ComfyUI]   File "C:\workspaces\SAM3DObjects-1828\ComfyUI\.ce\.pixi\envs\sam3dobjects-nodes\Lib\threading.py", line 1075 in _bootstrap_inner
  [ComfyUI]   File "C:\workspaces\SAM3DObjects-1828\ComfyUI\.ce\.pixi\envs\sam3dobjects-nodes\Lib\threading.py", line 1032 in _bootstrap
  [ComfyUI] 
  [ComfyUI] Thread 0x0000401c (most recent call first):
  [ComfyUI]   File "C:\workspaces\SAM3DObjects-1828\ComfyUI\.ce\.pixi\envs\sam3dobjects-nodes\Lib\site-packages\cumm\gemm\core\metaarray.py", line 87 in <lambda>
  [ComfyUI]   File "C:\workspaces\SAM3DObjects-1828\ComfyUI\.ce\.pixi\envs\sam3dobjects-nodes\Lib\site-packages\cumm\gemm\core\metaarray.py", line 87 in prod
  [ComfyUI]   File "C:\workspaces\SAM3DObjects-1828\ComfyUI\.ce\.pixi\envs\sam3dobjects-nodes\Lib\site-packages\cumm\gemm\out_iters.py", line 212 in __init__
  [ComfyUI]   File "C:\workspaces\SAM3DObjects-1828\ComfyUI\.ce\.pixi\envs\sam3dobjects-nodes\Lib\site-packages\pccm\core\__init__.py", line 983 in wrapper
  [ComfyUI]   File "C:\workspaces\SAM3DObjects-1828\ComfyUI\.ce\.pixi\envs\sam3dobjects-nodes\Lib\site-packages\cumm\gemm\algospec\turing.py", line 432 in __init__
  [ComfyUI]   File "C:\workspaces\SAM3DObjects-1828\ComfyUI\.ce\.pixi\envs\sam3dobjects-nodes\Lib\site-packages\cumm\conv\algospec\turing.py", line 269 in __init__
  [ComfyUI]   File "C:\workspaces\SAM3DObjects-1828\ComfyUI\.ce\.pixi\envs\sam3dobjects-nodes\Lib\site-packages\cumm\conv\kernel.py", line 563 in __init__
  [ComfyUI]   File "C:\workspaces\SAM3DObjects-1828\ComfyUI\.ce\.pixi\envs\sam3dobjects-nodes\Lib\site-packages\pccm\core\__init__.py", line 983 in wrapper
  [ComfyUI]   File "C:\workspaces\SAM3DObjects-1828\ComfyUI\.ce\.pixi\envs\sam3dobjects-nodes\Lib\site-packages\cumm\conv\main.py", line 209 in gen_gemm_kernels
  [ComfyUI]   File "C:\workspaces\SAM3DObjects-1828\ComfyUI\.ce\.pixi\envs\sam3dobjects-nodes\Lib\site-packages\spconv\algocore.py", line 86 in get_conv_algo_desp_from_param
  [ComfyUI]   File "C:\workspaces\SAM3DObjects-1828\ComfyUI\.ce\.pixi\envs\sam3dobjects-nodes\Lib\site-packages\spconv\algo.py", line 1056 in <module>
  [ComfyUI]   File "<frozen importlib._bootstrap>", line 488 in _call_with_frames_removed
  [ComfyUI]   File "<frozen importlib._bootstrap_external>", line 999 in exec_module
  [ComfyUI]   File "<frozen importlib._bootstrap>", line 935 in _load_unlocked
  [ComfyUI]   File "<frozen importlib._bootstrap>", line 1331 in _find_and_load_unlocked
  [ComfyUI]   File "<frozen importlib._bootstrap>", line 1360 in _find_and_load
  [ComfyUI]   File "C:\workspaces\SAM3DObjects-1828\ComfyUI\.ce\.pixi\envs\sam3dobjects-nodes\Lib\site-packages\spconv\pytorch\ops.py", line 38 in <module>
  [ComfyUI]   File "<frozen importlib._bootstrap>", line 488 in _call_with_frames_removed
  [ComfyUI]   File "<frozen importlib._bootstrap_external>", line 999 in exec_module
  [ComfyUI]   File "<frozen importlib._bootstrap>", line 935 in _load_unlocked
  [ComfyUI]   File "<frozen importlib._bootstrap>", line 1331 in _find_and_load_unlocked
  [ComfyUI]   File "<frozen importlib._bootstrap>", line 1360 in _find_and_load
  [ComfyUI]   File "<frozen importlib._bootstrap>", line 488 in _call_with_frames_removed
  [ComfyUI]   File "<frozen importlib._bootstrap>", line 1415 in _handle_fromlist
  [ComfyUI]   File "C:\workspaces\SAM3DObjects-1828\ComfyUI\.ce\.pixi\envs\sam3dobjects-nodes\Lib\site-packages\spconv\pytorch\functional.py", line 24 in <module>
  [ComfyUI]   File "<frozen importlib._bootstrap>", line 488 in _call_with_frames_removed
  [ComfyUI]   File "<frozen importlib._bootstrap_external>", line 999 in exec_module
  [ComfyUI]   File "<frozen importlib._bootstrap>", line 935 in _load_unlocked
  [ComfyUI]   File "<frozen importlib._bootstrap>", line 1331 in _find_and_load_unlocked
  [ComfyUI]   File "<frozen importlib._bootstrap>", line 1360 in _find_and_load
  [ComfyUI]   File "<frozen importlib._bootstrap>", line 488 in _call_with_frames_removed
  [ComfyUI]   File "<frozen importlib._bootstrap>", line 1415 in _handle_fromlist
  [ComfyUI]   File "C:\workspaces\SAM3DObjects-1828\ComfyUI\.ce\.pixi\envs\sam3dobjects-nodes\Lib\site-packages\spconv\pytorch\__init__.py", line 8 in <module>
  [ComfyUI]   File "<frozen importlib._bootstrap>", line 488 in _call_with_frames_removed
  [ComfyUI]   File "<frozen importlib._bootstrap_external>", line 999 in exec_module
  [ComfyUI]   File "<frozen importlib._bootstrap>", line 935 in _load_unlocked
  [ComfyUI]   File "<frozen importlib._bootstrap>", line 1331 in _find_and_load_unlocked
  [ComfyUI]   File "<frozen importlib._bootstrap>", line 1360 in _find_and_load
  [ComfyUI]   File "C:\workspaces\SAM3DObjects-1828\ComfyUI\custom_nodes\ComfyUI-SAM3DObjects\nodes\sam3d\ops_sparse.py", line 125 in _load_spconv
  [ComfyUI]   File "C:\workspaces\SAM3DObjects-1828\ComfyUI\custom_nodes\ComfyUI-SAM3DObjects\nodes\sam3d\ops_sparse.py", line 131 in _spconv_conv3d_init
  [ComfyUI]   File "C:\workspaces\SAM3DObjects-1828\ComfyUI\custom_nodes\ComfyUI-SAM3DObjects\nodes\sam3d\ops_sparse.py", line 570 in __init__
  [ComfyUI]   File "C:\workspaces\SAM3DObjects-1828\ComfyUI\custom_nodes\ComfyUI-SAM3DObjects\nodes\sam3d\model.py", line 1166 in __init__
  [ComfyUI]   File "C:\workspaces\SAM3DObjects-1828\ComfyUI\custom_nodes\ComfyUI-SAM3DObjects\nodes\sam3d\model.py", line 1609 in __init__
  [ComfyUI]   File "C:\workspaces\SAM3DObjects-1828\ComfyUI\custom_nodes\ComfyUI-SAM3DObjects\nodes\sam3d\model.py", line 1716 in __init__
  [ComfyUI]   File "C:\workspaces\SAM3DObjects-1828\ComfyUI\custom_nodes\ComfyUI-SAM3DObjects\nodes\utils\stages.py", line 275 in _instantiate
  [ComfyUI]   File "C:\workspaces\SAM3DObjects-1828\ComfyUI\custom_nodes\ComfyUI-SAM3DObjects\nodes\utils\stages.py", line 272 in _instantiate
  [ComfyUI]   File "C:\workspaces\SAM3DObjects-1828\ComfyUI\custom_nodes\ComfyUI-SAM3DObjects\nodes\utils\stages.py", line 272 in _instantiate
  [ComfyUI]   File "C:\workspaces\SAM3DObjects-1828\ComfyUI\custom_nodes\ComfyUI-SAM3DObjects\nodes\utils\stages.py", line 442 in _load_generator
  [ComfyUI]   File "C:\workspaces\SAM3DObjects-1828\ComfyUI\custom_nodes\ComfyUI-SAM3DObjects\nodes\utils\stages.py", line 1179 in run_stage2
  [ComfyUI]   File "C:\workspaces\SAM3DObjects-1828\ComfyUI\custom_nodes\ComfyUI-SAM3DObjects\nodes\generate_slat.py", line 262 in execute
  [ComfyUI]   File "C:\workspaces\SAM3DObjects-1828\ComfyUI\.ce\.pixi\envs\sam3dobjects-nodes\Lib\site-packages\torch\utils\_contextlib.py", line 124 in decorate_context
  [ComfyUI]   File "C:\workspaces\SAM3DObjects-1828\ComfyUI\comfy_api\latest\_io.py", line 1826 in EXECUTE_NORMALIZED
  [ComfyUI]   File "C:\Users\ContainerAdministrator\AppData\Local\Temp\comfyui_pvenv_0zgllkjn\persistent_worker.py", line 1749 in main
  [ComfyUI]   File "C:\Users\ContainerAdministrator\AppData\Local\Temp\comfyui_pvenv_0zgllkjn\persistent_worker.py", line 1794 in <module>
  [ComfyUI] 
  [ComfyUI] [worker:ComfyUI-SAM3DObjects] === END ===
  [ComfyUI] 
  [ComfyUI] [worker:ComfyUI-SAM3DObjects] [VRAM] _load_generator(slat): after load_state_dict: torch=115MiB alloc, 320MiB reserved | gpu=1701MiB/24575MiB used
  [ComfyUI] [SubprocessWorker] callback 'request_vram_budget' from call_id=3
  [ComfyUI] [comfy-env] VRAM request: 2.40GB, free before eviction: 24.44GB
  [ComfyUI] [comfy-env] VRAM after eviction: 24.44GB
  [ComfyUI] [worker:ComfyUI-SAM3DObjects] [VRAM] +327MB (now 443MB) reserved=576MB peak=4199MB
  [ComfyUI] [worker:ComfyUI-SAM3DObjects] [VRAM] +1494MB (now 1937MB) reserved=2016MB peak=4199MB
  [capture-loop] iter=2500 t=306.0s state={'complete': False, 'error': None, 'executedCount': 2, 'wsState': 1} eval_ms=3
  [ComfyUI] [worker:ComfyUI-SAM3DObjects] [VRAM] Stage2: before inference: torch=2406MiB alloc, 2464MiB reserved | gpu=3845MiB/24575MiB used
  [ComfyUI] [worker:ComfyUI-SAM3DObjects] [DTYPE_DBG] _generate_noise_tensor: _compute_dtype=torch.bfloat16 shape=(1, 26583, 8) device=cuda:0
  [ComfyUI] W0502 18:43:17.697000 5792 .ce\.pixi\envs\sam3dobjects-nodes\Lib\site-packages\torch\fx\_symbolic_trace.py:53] is_fx_tracing will return true for both fx.symbolic_trace and torch.export. Please use is_fx_tracing_symbolic_tracing() for specifically fx.symbolic_trace or torch.compiler.is_compiling() for specifically torch.export/compile.
  [ComfyUI] C:\workspaces\SAM3DObjects-1828\ComfyUI\.ce\.pixi\envs\sam3dobjects-nodes\Lib\site-packages\spconv\pytorch\cppcore.py:106: UserWarning: [WARNING]your gpu arch (8, 6) isn't compiled in prebuilt, may cause invalid device function error. available: {(9, 0), (12, 0), (7, 0), (8, 0), (10, 0)}
  [ComfyUI]   warnings.warn(
  [ComfyUI] [worker:ComfyUI-SAM3DObjects] [VRAM] +492MB (now 2430MB) reserved=2496MB peak=4199MB
  [ComfyUI] [worker:ComfyUI-SAM3DObjects] Can't find algo Ampere_bf16bf16bf16f32f32tnt_m64n64k32m32n32k32A1T16816_200_C301LLL_SK in prebuilt. compile with nvrtc...
  [capture-loop] iter=2550 t=311.9s state={'complete': False, 'error': None, 'executedCount': 2, 'wsState': 1} eval_ms=4
  [ComfyUI] [worker:ComfyUI-SAM3DObjects] Can't find algo Ampere_bf16bf16bf16f32f32tnt_m64n64k32m32n32k32A1T16816_300_C301LLL_SK in prebuilt. compile with nvrtc...
  [ComfyUI] [worker:ComfyUI-SAM3DObjects] Can't find algo Ampere_bf16bf16bf16f32f32tnt_m64n64k32m32n32k32A1T16816_400_C301LLL_SK in prebuilt. compile with nvrtc...
  [capture-loop] iter=2600 t=317.8s state={'complete': False, 'error': None, 'executedCount': 2, 'wsState': 1} eval_ms=4
  [ComfyUI] [worker:ComfyUI-SAM3DObjects] Can't find algo Ampere_bf16bf16bf16f32f32tnt_m64n128k32m32n64k32A1T16816_200_C301LLL_SK in prebuilt. compile with nvrtc...
  [ComfyUI] [worker:ComfyUI-SAM3DObjects] Can't find algo Ampere_bf16bf16bf16f32f32tnt_m64n128k32m32n64k32A1T16816_300_C301LLL_SK in prebuilt. compile with nvrtc...
  [capture-loop] iter=2650 t=323.5s state={'complete': False, 'error': None, 'executedCount': 2, 'wsState': 1} eval_ms=4
  [ComfyUI] [worker:ComfyUI-SAM3DObjects] Can't find algo Ampere_bf16bf16bf16f32f32tnt_m64n128k32m32n64k32A1T16816_400_C301LLL_SK in prebuilt. compile with nvrtc...
  [capture-loop] iter=2700 t=329.4s state={'complete': False, 'error': None, 'executedCount': 2, 'wsState': 1} eval_ms=3
  [ComfyUI] [worker:ComfyUI-SAM3DObjects] Can't find algo Ampere_bf16bf16bf16f32f32tnt_m128n64k32m64n32k32A1T16816_200_C301LLL_SK in prebuilt. compile with nvrtc...
  [ComfyUI] [worker:ComfyUI-SAM3DObjects] Can't find algo Ampere_bf16bf16bf16f32f32tnt_m128n64k32m64n32k32A1T16816_300_C301LLL_SK in prebuilt. compile with nvrtc...
  [capture-loop] iter=2750 t=335.2s state={'complete': False, 'error': None, 'executedCount': 2, 'wsState': 1} eval_ms=3
  [ComfyUI] [worker:ComfyUI-SAM3DObjects] Can't find algo Ampere_bf16bf16bf16f32f32tnt_m128n64k32m64n32k32A1T16816_400_C301LLL_SK in prebuilt. compile with nvrtc...
  [ComfyUI] [worker:ComfyUI-SAM3DObjects] [33m[comfy-attn] Varlen attention: sage2[0m
  [ComfyUI] [worker:ComfyUI-SAM3DObjects] [VRAM] +261MB (now 2692MB) reserved=2784MB peak=4199MB
  [ComfyUI] C:\workspaces\SAM3DObjects-1828\ComfyUI\.ce\.pixi\envs\sam3dobjects-nodes\Lib\site-packages\spconv\pytorch\cppcore.py:106: UserWarning: [WARNING]your gpu arch (8, 6) isn't compiled in prebuilt, may cause invalid device function error. available: {(9, 0), (12, 0), (7, 0), (8, 0), (10, 0)}
  [ComfyUI]   warnings.warn(
  [ComfyUI] [worker:ComfyUI-SAM3DObjects] [VRAM] +225MB (now 2917MB) reserved=3232MB peak=4199MB
  [capture-loop] iter=2800 t=341.1s state={'complete': False, 'error': None, 'executedCount': 2, 'wsState': 1} eval_ms=3
  [ComfyUI] [worker:ComfyUI-SAM3DObjects] Can't find algo Simt_f32f32f32f32f32tnt_m32n128k16m32n32k8A1_200_C301LLL_SK in prebuilt. compile with nvrtc...
  [capture-loop] iter=2850 t=347.0s state={'complete': False, 'error': None, 'executedCount': 2, 'wsState': 1} eval_ms=3
  [ComfyUI] [worker:ComfyUI-SAM3DObjects] Can't find algo Simt_f32f32f32f32f32tnt_m32n256k8m32n64k8A1_200_C301LLL_SK in prebuilt. compile with nvrtc...
  [ComfyUI] [worker:ComfyUI-SAM3DObjects] Can't find algo Simt_f32f32f32f32f32tnt_m32n64k16m32n32k8A1_200_C301LLL_SK in prebuilt. compile with nvrtc...
  [capture-loop] iter=2900 t=352.7s state={'complete': False, 'error': None, 'executedCount': 2, 'wsState': 1} eval_ms=3
  [ComfyUI] [worker:ComfyUI-SAM3DObjects] Can't find algo Simt_f32f32f32f32f32tnt_m32n32k32m32n32k8A1_200_C301LLL_SK in prebuilt. compile with nvrtc...
  [capture-loop] iter=2950 t=358.6s state={'complete': False, 'error': None, 'executedCount': 2, 'wsState': 1} eval_ms=3
  [ComfyUI] [worker:ComfyUI-SAM3DObjects] Can't find algo Simt_f32f32f32f32f32tnt_m64n256k8m32n64k8A1_200_C301LLL_SK in prebuilt. compile with nvrtc...
  [ComfyUI] [worker:ComfyUI-SAM3DObjects] Can't find algo Simt_f32f32f32f32f32tnt_m64n128k8m32n64k8A1_200_C301LLL_SK in prebuilt. compile with nvrtc...
  [ComfyUI] [worker:ComfyUI-SAM3DObjects]
  [ComfyUI] === WATCHDOG TICK 2 ===
  [ComfyUI] [worker:ComfyUI-SAM3DObjects] Thread 0x0000342c (most recent call first):
  [ComfyUI]   File "C:\Users\ContainerAdministrator\AppData\Local\Temp\comfyui_pvenv_0zgllkjn\persistent_worker.py", line 106 in _vram_poller
  [ComfyUI]   File "C:\workspaces\SAM3DObjects-1828\ComfyUI\.ce\.pixi\envs\sam3dobjects-nodes\Lib\threading.py", line 1012 in run
  [ComfyUI]   File "C:\workspaces\SAM3DObjects-1828\ComfyUI\.ce\.pixi\envs\sam3dobjects-nodes\Lib\threading.py", line 1075 in _bootstrap_inner
  [ComfyUI]   File "C:\workspaces\SAM3DObjects-1828\ComfyUI\.ce\.pixi\envs\sam3dobjects-nodes\Lib\threading.py", line 1032 in _bootstrap
  [ComfyUI] 
  [ComfyUI] Current thread 0x00003860 (most recent call first):
  [ComfyUI]   File "C:\Users\ContainerAdministrator\AppData\Local\Temp\comfyui_pvenv_0zgllkjn\persistent_worker.py", line 52 in _watchdog
  [ComfyUI]   File "C:\workspaces\SAM3DObjects-1828\ComfyUI\.ce\.pixi\envs\sam3dobjects-nodes\Lib\threading.py", line 1012 in run
  [ComfyUI]   File "C:\workspaces\SAM3DObjects-1828\ComfyUI\.ce\.pixi\envs\sam3dobjects-nodes\Lib\threading.py", line 1075 in _bootstrap_inner
  [ComfyUI]   File "C:\workspaces\SAM3DObjects-1828\ComfyUI\.ce\.pixi\envs\sam3dobjects-nodes\Lib\threading.py", line 1032 in _bootstrap
  [ComfyUI] 
  [ComfyUI] Thread 0x0000401c (most recent call first):
  [ComfyUI]   File "<frozen ntpath>", line 695 in realpath
  [ComfyUI]   File "C:\workspaces\SAM3DObjects-1828\ComfyUI\.ce\.pixi\envs\sam3dobjects-nodes\Lib\pathlib.py", line 1240 in resolve
  [ComfyUI]   File "C:\workspaces\SAM3DObjects-1828\ComfyUI\.ce\.pixi\envs\sam3dobjects-nodes\Lib\site-packages\pccm\core\__init__.py", line 1899 in extract_module_id_of_class
  [ComfyUI]   File "C:\workspaces\SAM3DObjects-1828\ComfyUI\.ce\.pixi\envs\sam3dobjects-nodes\Lib\site-packages\pccm\core\__init__.py", line 2169 in build_graph
  [ComfyUI]   File "C:\workspaces\SAM3DObjects-1828\ComfyUI\.ce\.pixi\envs\sam3dobjects-nodes\Lib\site-packages\cumm\nvrtc\__init__.py", line 212 in create_nvrtc_code
  [ComfyUI]   File "C:\workspaces\SAM3DObjects-1828\ComfyUI\.ce\.pixi\envs\sam3dobjects-nodes\Lib\site-packages\cumm\nvrtc\__init__.py", line 496 in __init__
  [ComfyUI]   File "C:\workspaces\SAM3DObjects-1828\ComfyUI\.ce\.pixi\envs\sam3dobjects-nodes\Lib\site-packages\spconv\algo.py", line 196 in _compile_nvrtc_module
  [ComfyUI]   File "C:\workspaces\SAM3DObjects-1828\ComfyUI\.ce\.pixi\envs\sam3dobjects-nodes\Lib\site-packages\spconv\algo.py", line 208 in cached_get_nvrtc_params
  [ComfyUI]   File "C:\workspaces\SAM3DObjects-1828\ComfyUI\.ce\.pixi\envs\sam3dobjects-nodes\Lib\site-packages\spconv\pytorch\ops.py", line 1513 in implicit_gemm
  [ComfyUI]   File "C:\workspaces\SAM3DObjects-1828\ComfyUI\.ce\.pixi\envs\sam3dobjects-nodes\Lib\site-packages\spconv\pytorch\conv.py", line 467 in _conv_forward
  [ComfyUI]   File "C:\workspaces\SAM3DObjects-1828\ComfyUI\.ce\.pixi\envs\sam3dobjects-nodes\Lib\site-packages\spconv\pytorch\conv.py", line 755 in forward
  [ComfyUI]   File "C:\workspaces\SAM3DObjects-1828\ComfyUI\.ce\.pixi\envs\sam3dobjects-nodes\Lib\site-packages\torch\nn\modules\module.py", line 1833 in inner
  [ComfyUI]   File "C:\workspaces\SAM3DObjects-1828\ComfyUI\.ce\.pixi\envs\sam3dobjects-nodes\Lib\site-packages\torch\nn\modules\module.py", line 1885 in _call_impl
  [ComfyUI]   File "C:\workspaces\SAM3DObjects-1828\ComfyUI\.ce\.pixi\envs\sam3dobjects-nodes\Lib\site-packages\torch\nn\modules\module.py", line 1779 in _wrapped_call_impl
  [ComfyUI]   File "C:\workspaces\SAM3DObjects-1828\ComfyUI\custom_nodes\ComfyUI-SAM3DObjects\nodes\sam3d\ops_sparse.py", line 152 in _spconv_conv3d_forward
  [ComfyUI]   File "C:\workspaces\SAM3DObjects-1828\ComfyUI\custom_nodes\ComfyUI-SAM3DObjects\nodes\sam3d\ops_sparse.py", line 586 in _forward
  [ComfyUI]   File "C:\workspaces\SAM3DObjects-1828\ComfyUI\custom_nodes\ComfyUI-SAM3DObjects\nodes\sam3d\ops_sparse.py", line 601 in forward_comfy_cast_weights
  [ComfyUI]   File "C:\workspaces\SAM3DObjects-1828\ComfyUI\custom_nodes\ComfyUI-SAM3DObjects\nodes\sam3d\ops_sparse.py", line 612 in forward
  [ComfyUI]   File "C:\workspaces\SAM3DObjects-1828\ComfyUI\.ce\.pixi\envs\sam3dobjects-nodes\Lib\site-packages\torch\nn\modules\module.py", line 1790 in _call_impl
  [ComfyUI]   File "C:\workspaces\SAM3DObjects-1828\ComfyUI\.ce\.pixi\envs\sam3dobjects-nodes\Lib\site-packages\torch\nn\modules\module.py", line 1779 in _wrapped_call_impl
  [ComfyUI]   File "C:\workspaces\SAM3DObjects-1828\ComfyUI\custom_nodes\ComfyUI-SAM3DObjects\nodes\sam3d\model.py", line 1195 in forward
  [ComfyUI]   File "C:\workspaces\SAM3DObjects-1828\ComfyUI\.ce\.pixi\envs\sam3dobjects-nodes\Lib\site-packages\torch\nn\modules\module.py", line 1790 in _call_impl
  [ComfyUI]   File "C:\workspaces\SAM3DObjects-1828\ComfyUI\.ce\.pixi\envs\sam3dobjects-nodes\Lib\site-packages\torch\nn\modules\module.py", line 1779 in _wrapped_call_impl
  [ComfyUI]   File "C:\workspaces\SAM3DObjects-1828\ComfyUI\custom_nodes\ComfyUI-SAM3DObjects\nodes\sam3d\model.py", line 1703 in _forward
  [ComfyUI]   File "C:\workspaces\SAM3DObjects-1828\ComfyUI\comfy\patcher_extension.py", line 112 in execute
  [ComfyUI]   File "C:\workspaces\SAM3DObjects-1828\ComfyUI\custom_nodes\ComfyUI-SAM3DObjects\nodes\sam3d\model.py", line 1653 in forward
  [ComfyUI]   File "C:\workspaces\SAM3DObjects-1828\ComfyUI\custom_nodes\ComfyUI-SAM3DObjects\nodes\sam3d\model.py", line 1745 in forward
  [ComfyUI]   File "C:\workspaces\SAM3DObjects-1828\ComfyUI\.ce\.pixi\envs\sam3dobjects-nodes\Lib\site-packages\torch\nn\modules\module.py", line 1790 in _call_impl
  [ComfyUI]   File "C:\workspaces\SAM3DObjects-1828\ComfyUI\.ce\.pixi\envs\sam3dobjects-nodes\Lib\site-packages\torch\nn\modules\module.py", line 1779 in _wrapped_call_impl
  [ComfyUI]   File "C:\workspaces\SAM3DObjects-1828\ComfyUI\custom_nodes\ComfyUI-SAM3DObjects\nodes\sam3d\generators.py", line 666 in inner_forward
  [ComfyUI]   File "C:\workspaces\SAM3DObjects-1828\ComfyUI\custom_nodes\ComfyUI-SAM3DObjects\nodes\sam3d\generators.py", line 698 in forward
  [ComfyUI]   File "C:\workspaces\SAM3DObjects-1828\ComfyUI\.ce\.pixi\envs\sam3dobjects-nodes\Lib\site-packages\torch\nn\modules\module.py", line 1790 in _call_impl
  [ComfyUI]   File "C:\workspaces\SAM3DObjects-1828\ComfyUI\.ce\.pixi\envs\sam3dobjects-nodes\Lib\site-packages\torch\nn\modules\module.py", line 1779 in _wrapped_call_impl
  [ComfyUI]   File "C:\workspaces\SAM3DObjects-1828\ComfyUI\custom_nodes\ComfyUI-SAM3DObjects\nodes\sam3d\generators.py", line 426 in _generate_dynamics
  [ComfyUI]   File "C:\workspaces\SAM3DObjects-1828\ComfyUI\custom_nodes\ComfyUI-SAM3DObjects\nodes\sam3d\generators.py", line 133 in step
  [ComfyUI]   File "C:\workspaces\SAM3DObjects-1828\ComfyUI\custom_nodes\ComfyUI-SAM3DObjects\nodes\sam3d\generators.py", line 121 in solve_iter
  [ComfyUI]   File "C:\workspaces\SAM3DObjects-1828\ComfyUI\custom_nodes\ComfyUI-SAM3DObjects\nodes\sam3d\generators.py", line 410 in generate_iter
  [ComfyUI]   File "C:\workspaces\SAM3DObjects-1828\ComfyUI\custom_nodes\ComfyUI-SAM3DObjects\nodes\utils\stages.py", line 1213 in run_stage2
  [ComfyUI]   File "C:\workspaces\SAM3DObjects-1828\ComfyUI\custom_nodes\ComfyUI-SAM3DObjects\nodes\generate_slat.py", line 262 in execute
  [ComfyUI]   File "C:\workspaces\SAM3DObjects-1828\ComfyUI\.ce\.pixi\envs\sam3dobjects-nodes\Lib\site-packages\torch\utils\_contextlib.py", line 124 in decorate_context
  [ComfyUI]   File "C:\workspaces\SAM3DObjects-1828\ComfyUI\comfy_api\latest\_io.py", line 1826 in EXECUTE_NORMALIZED
  [ComfyUI]   File "C:\Users\ContainerAdministrator\AppData\Local\Temp\comfyui_pvenv_0zgllkjn\persistent_worker.py", line 1749 in main
  [ComfyUI]   File "C:\Users\ContainerAdministrator\AppData\Local\Temp\comfyui_pvenv_0zgllkjn\persistent_worker.py", line 1794 in <module>
  [ComfyUI] 
  [ComfyUI] [worker:ComfyUI-SAM3DObjects] === END ===
  [ComfyUI] 
  [capture-loop] iter=3000 t=364.5s state={'complete': False, 'error': None, 'executedCount': 2, 'wsState': 1} eval_ms=3
  [ComfyUI] [worker:ComfyUI-SAM3DObjects] Can't find algo Simt_f32f32f32f32f32tnt_m64n64k8m32n32k8A1_200_C301LLL_SK in prebuilt. compile with nvrtc...
  [capture-loop] iter=3050 t=370.3s state={'complete': False, 'error': None, 'executedCount': 2, 'wsState': 1} eval_ms=3
  [ComfyUI] [worker:ComfyUI-SAM3DObjects] Can't find algo Simt_f32f32f32f32f32tnt_m64n32k16m32n32k8A1_200_C301LLL_SK in prebuilt. compile with nvrtc...
  [ComfyUI] [worker:ComfyUI-SAM3DObjects] [VRAM] -413MB (now 2504MB) reserved=3232MB peak=4199MB
  [ComfyUI] [SubprocessWorker] callback 'report_progress' from call_id=3
  [ComfyUI] [SubprocessWorker] callback 'report_progress' from call_id=3
  Frame 14 saved (frame_013.jpg, t=372.9s)
  [capture-periodic] freeze=3ms shot=140ms unfreeze=4ms saved=True
  [ComfyUI] [worker:ComfyUI-SAM3DObjects] [VRAM] +205MB (now 2710MB) reserved=3328MB peak=4199MB
  [ComfyUI] [SubprocessWorker] callback 'report_progress' from call_id=3
  [ComfyUI] [SubprocessWorker] callback 'report_progress' from call_id=3
  [ComfyUI] [worker:ComfyUI-SAM3DObjects] [VRAM] -286MB (now 2424MB) reserved=3328MB peak=4199MB
  Frame 15 saved (frame_014.jpg, t=375.1s)
  [capture-periodic] freeze=3ms shot=133ms unfreeze=4ms saved=True
  [ComfyUI] [SubprocessWorker] callback 'report_progress' from call_id=3
  [ComfyUI] [worker:ComfyUI-SAM3DObjects] [VRAM] +285MB (now 2710MB) reserved=3232MB peak=4199MB
  [capture-loop] iter=3100 t=376.5s state={'complete': False, 'error': None, 'executedCount': 2, 'wsState': 1} eval_ms=4
  [ComfyUI] [SubprocessWorker] callback 'report_progress' from call_id=3
  Frame 16 saved (frame_015.jpg, t=377.4s)
  [capture-periodic] freeze=4ms shot=140ms unfreeze=3ms saved=True
  [ComfyUI] [SubprocessWorker] callback 'report_progress' from call_id=3
  [ComfyUI] [worker:ComfyUI-SAM3DObjects] [VRAM] -225MB (now 2486MB) reserved=3328MB peak=4199MB
  [ComfyUI] [SubprocessWorker] callback 'report_progress' from call_id=3
  [ComfyUI] [SubprocessWorker] callback 'report_progress' from call_id=3
  [ComfyUI] [SubprocessWorker] callback 'report_progress' from call_id=3
  [ComfyUI] [worker:ComfyUI-SAM3DObjects] [VRAM] +207MB (now 2694MB) reserved=3040MB peak=4199MB
  [ComfyUI] [SubprocessWorker] callback 'report_progress' from call_id=3
  Frame 17 saved (frame_016.jpg, t=379.6s)
  [capture-periodic] freeze=4ms shot=190ms unfreeze=3ms saved=True
  [ComfyUI] [SubprocessWorker] callback 'report_progress' from call_id=3
  [ComfyUI] [worker:ComfyUI-SAM3DObjects] [VRAM] Stage2: after inference: torch=2407MiB alloc, 3232MiB reserved | gpu=4619MiB/24575MiB used
  [ComfyUI] [worker:ComfyUI-SAM3DObjects] [VRAM] -1356MB (now 1338MB) reserved=3232MB peak=4199MB
  [ComfyUI] [worker:ComfyUI-SAM3DObjects] [VRAM] Stage2: after model cleanup: torch=116MiB alloc, 384MiB reserved | gpu=1771MiB/24575MiB used
  [ComfyUI] [worker:ComfyUI-SAM3DObjects] [VRAM] GenerateSLAT: done: torch=97MiB alloc, 384MiB reserved | gpu=1771MiB/24575MiB used
  [ComfyUI] [SubprocessWorker] got response: ok
  [ComfyUI] [comfy-env] [VRAM] Before offload 'MoGeModelV1_1' (599 MB) -> cpu: 1271 / 24575 MB
  [ComfyUI] [ComfyUI-SAM3DObjects] Health check: ping (timeout=5.0s)...
  [ComfyUI] [ComfyUI-SAM3DObjects] Health check: ok
  [ComfyUI] [SubprocessWorker] call_id=4 sending model_to_device
  [ComfyUI] Model 'MoGeModelV1_1' gone from worker (restarted?), treating as offloaded
  [ComfyUI] [comfy-env] [VRAM] After offload 'MoGeModelV1_1' (599 MB): 1271 / 24575 MB
  [ComfyUI] [comfy-env] Created 5 model patchers: ['EmbedderFuser_1', 'ShortCut_2', 'SparseStructureDecoderTdfyWrapper_3', 'EmbedderFuser_4', 'FlowMatching_5']
  [ComfyUI] [comfy-env] SAM3DGenerateSLAT done (138.19s): result: NodeOutput
  [ComfyUI] [VRAM] After SAM3DGenerateSLAT: 1271 / 24575 MB
  [ComfyUI] [VRAM] Loaded: SubprocessModel (0 MB), SubprocessModel (0 MB), SubprocessModel (0 MB), SubprocessModel (0 MB), SubprocessModel (0 MB)
  [ComfyUI] [comfy-env] Running SAM3DMeshDecode: with_postprocess: False, simplify: 0.95, up_axis: 'Y-up (standard)', world_coordinates: False, use_sparse_flexicubes: True, slat_decoder_mesh: dict, slat: 'C:\\workspaces\\SAM3DObjects-1828\\ComfyUI\\output\\sam3...
  [ComfyUI] [VRAM] Before SAM3DMeshDecode: 1271 / 24575 MB
  [ComfyUI] [VRAM] Loaded: SubprocessModel (0 MB), SubprocessModel (0 MB), SubprocessModel (0 MB), SubprocessModel (0 MB), SubprocessModel (0 MB)
  [ComfyUI] [SubprocessWorker] call_method: nodes.mesh_decode.SAM3DMeshDecode.EXECUTE_NORMALIZED
  [ComfyUI] [SubprocessWorker] acquired lock, ensuring started...
  [ComfyUI] [ComfyUI-SAM3DObjects] Health check: ping (timeout=5.0s)...
  [ComfyUI] [ComfyUI-SAM3DObjects] Health check: ok
  [ComfyUI] [SubprocessWorker] worker started/confirmed
  [ComfyUI] [SubprocessWorker] serializing kwargs to shm...
  [ComfyUI] [SubprocessWorker] created 0 shm blocks
  [ComfyUI] [SubprocessWorker] sending request via socket...
  [ComfyUI] [SubprocessWorker] call_id=5 sending call_method
  [ComfyUI] [worker:ComfyUI-SAM3DObjects] [VRAM] MeshDecode: start: torch=9MiB alloc, 384MiB reserved | gpu=1771MiB/24575MiB used
  [ComfyUI] [SubprocessWorker] callback 'report_progress' from call_id=5
  [ComfyUI] [worker:ComfyUI-SAM3DObjects] [VRAM] _load_decoder(slat_decoder_mesh): before instantiate: torch=9MiB alloc, 384MiB reserved | gpu=1771MiB/24575MiB used
  [ComfyUI] [worker:ComfyUI-SAM3DObjects] [VRAM] _load_decoder(slat_decoder_mesh): after load_state_dict: torch=9MiB alloc, 416MiB reserved | gpu=1803MiB/24575MiB used
  [ComfyUI] [worker:ComfyUI-SAM3DObjects] [VRAM] -1329MB (now 9MB) reserved=416MB peak=4199MB
  [ComfyUI] [SubprocessWorker] callback 'request_vram_budget' from call_id=5
  [ComfyUI] [comfy-env] VRAM request: 0.18GB, free before eviction: 24.44GB
  [ComfyUI] [comfy-env] VRAM after eviction: 24.44GB
  [ComfyUI] [worker:ComfyUI-SAM3DObjects] [VRAM] Decode(mesh): after load_models_gpu: torch=183MiB alloc, 256MiB reserved | gpu=1643MiB/24575MiB used
  [ComfyUI] [SubprocessWorker] callback 'report_progress' from call_id=5
  Frame 18 saved (frame_017.jpg, t=381.9s)
  [capture-periodic] freeze=2ms shot=143ms unfreeze=4ms saved=True
  [ComfyUI] [worker:ComfyUI-SAM3DObjects] [VRAM] +641MB (now 651MB) reserved=768MB peak=4199MB
  [capture-loop] iter=3150 t=382.7s state={'complete': False, 'error': None, 'executedCount': 2, 'wsState': 1} eval_ms=4
  [ComfyUI] [worker:ComfyUI-SAM3DObjects] [VRAM] -390MB (now 262MB) reserved=960MB peak=4199MB
  [ComfyUI] C:\workspaces\SAM3DObjects-1828\ComfyUI\.ce\.pixi\envs\sam3dobjects-nodes\Lib\site-packages\spconv\pytorch\cppcore.py:106: UserWarning: [WARNING]your gpu arch (8, 6) isn't compiled in prebuilt, may cause invalid device function error. available: {(9, 0), (12, 0), (7, 0), (8, 0), (10, 0)}
  [ComfyUI]   warnings.warn(
  [ComfyUI] [worker:ComfyUI-SAM3DObjects] [VRAM] +691MB (now 954MB) reserved=1088MB peak=4199MB
  [ComfyUI] [worker:ComfyUI-SAM3DObjects] [VRAM] +1132MB (now 2086MB) reserved=2240MB peak=4199MB
  [ComfyUI] [worker:ComfyUI-SAM3DObjects] [VRAM] +311MB (now 2398MB) reserved=4704MB peak=4199MB
  [ComfyUI] [worker:ComfyUI-SAM3DObjects] WARNING: [VRAM:mesh] start: 1054 MiB | cubefeats torch.Size([1701312, 101])
  [capture-loop] iter=3200 t=388.4s state={'complete': False, 'error': None, 'executedCount': 2, 'wsState': 1} eval_ms=4
  [ComfyUI] [worker:ComfyUI-SAM3DObjects] WARNING: [VRAM:mesh] after sparse_cube2verts: 1151 MiB | v_pos torch.Size([1958748, 3])
  [ComfyUI] [worker:ComfyUI-SAM3DObjects] WARNING: [VRAM:mesh] after get_sparse_attrs + del: 437 MiB | verts 1958748 cubes 1701312
  [ComfyUI] [worker:ComfyUI-SAM3DObjects] WARNING: [VRAM:mesh] after dilation: 499 MiB | verts 2386065 cubes 2142849
  [ComfyUI] [worker:ComfyUI-SAM3DObjects] WARNING: [VRAM:mesh] after searchsorted: 602 MiB | reg_c torch.Size([2142849, 8])
  [ComfyUI] [worker:ComfyUI-SAM3DObjects] WARNING: [VRAM:fc] start: 602 MiB | verts torch.Size([2386066, 3]) cubes torch.Size([2142849, 8]) sdf torch.Size([2386066])
  [ComfyUI] [worker:ComfyUI-SAM3DObjects] WARNING: [VRAM:fc] after _identify_surf_cubes: 621 MiB | surf_cubes 493875/2142849
  [ComfyUI] [worker:ComfyUI-SAM3DObjects] [VRAM] -1654MB (now 744MB) reserved=1088MB peak=4199MB
  [ComfyUI] [worker:ComfyUI-SAM3DObjects] WARNING: [VRAM:fc] after _get_case_id: 717 MiB
  [ComfyUI] [worker:ComfyUI-SAM3DObjects] WARNING: [VRAM:fc] after _identify_surf_edges: 794 MiB | surf_edges torch.Size([494234, 2])
  [ComfyUI] [worker:ComfyUI-SAM3DObjects] WARNING: [VRAM:fc] after _compute_vd: 866 MiB | vd torch.Size([494236, 3])
  [ComfyUI] [worker:ComfyUI-SAM3DObjects] WARNING: [VRAM:fc] after _triangulate: 888 MiB | verts torch.Size([494236, 3]) faces torch.Size([988468, 3])
  [ComfyUI] [worker:ComfyUI-SAM3DObjects] WARNING: [VRAM:mesh] after FlexiCubes: 638 MiB | verts torch.Size([494236, 3]) faces torch.Size([988468, 3])
  [ComfyUI] [SubprocessWorker] callback 'report_progress' from call_id=5
  [ComfyUI] [worker:ComfyUI-SAM3DObjects] [VRAM] Decode(mesh): after cleanup: torch=83MiB alloc, 256MiB reserved | gpu=1645MiB/24575MiB used
  [ComfyUI] [SubprocessWorker] callback 'report_progress' from call_id=5
  [ComfyUI] [worker:ComfyUI-SAM3DObjects] [VRAM] MeshDecode: done: torch=9MiB alloc, 256MiB reserved | gpu=1645MiB/24575MiB used
  [ComfyUI] [SubprocessWorker] got response: ok
  [ComfyUI] [comfy-env] Created 1 model patchers: ['SLatMeshDecoderTdfyWrapper_6']
  [ComfyUI] [comfy-env] SAM3DMeshDecode done (7.87s): result: NodeOutput
  [ComfyUI] [VRAM] After SAM3DMeshDecode: 1271 / 24575 MB
  [ComfyUI] [VRAM] Loaded: SubprocessModel (0 MB), SubprocessModel (0 MB), SubprocessModel (0 MB), SubprocessModel (0 MB), SubprocessModel (0 MB), SubprocessModel (0 MB)
  [ComfyUI] Prompt executed in 388.84 seconds
  Node executed (3 total), capturing...
  Frame 19 saved (frame_018.jpg, t=389.4s)
  [capture-node] freeze=4ms shot=440ms unfreeze=0ms saved=True
  Execution complete (t=389.4s)
  [3d-wait] Phase 1: Waiting for 'Loading 3D Model' text to disappear...
  [3d-wait] Phase 1 exception after 60.0s: Page.wait_for_function: Timeout 60000ms exceeded.
  [3d-wait] Phase 2: iframes=0
  [3d-wait] Total 3D wait: 60.0s
  Captured 19 unique frames over 449.91s
  [debug] iframes: 0
  [timing] trigger_3d_previews: 0.0s
  Saved high-quality screenshot: debug_large_image_results_executed.png
  [timing] final_screenshot: 1.3s
    Captured 20 video frames