Capturing execution frames: gaussian_generation.json
  [Console-error] Failed to load resource: the server responded with a status of 404 (Not Found)
  [Console-error] Failed to load resource: the server responded with a status of 404 (Not Found)
  [Console-error] Failed to load resource: the server responded with a status of 404 (Not Found)
  [Console-error] Failed to load resource: the server responded with a status of 404 (Not Found)
  [Console-error] Failed to load resource: the server responded with a status of 404 (Not Found)
  [Console-error] Failed to load resource: the server responded with a status of 404 (Not Found)
  [Console-warning] WARNING: Multiple instances of Three.js being imported.
  [Console-error] [vite:preloadError] Error: Extension named 'comfy3d.pointcloud.vtk' already registered.
    at Proxy.registerExtension (http://127.0.0.1:8288/assets/PanelTemplate-BUPnglF3.js:1:7530)
    at Proxy.wrappedAction (http://127.0.0.1:8288/assets/vendor-vue-BAQ5VIVR.js:1:4647)
    at Object.registerExtension (http://127.0.0.1:8288/assets/dialogService-Cr3DyAja.js:3:110199)
    at ComfyApp.registerExtension (http://127.0.0.1:8288/assets/dialogService-Cr3DyAja.js:192:20543)
    at http://127.0.0.1:8288/extensions/ComfyUI-SAM3DObjects/js/pointcloud_preview_vtk.js:13:5
  [Console-warning] [ComfyUI Deprecated] Importing from "scripts/ui.js" is deprecated and will be removed in v1.34.
  [Console-warning] [MaskEditor] ComfyApp.open_maskeditor is deprecated. Plugins should migrate to using the command system or direct node context menu integration.
  [Console-warning] [ComfyUI Deprecated] Importing from "scripts/ui/components/buttonGroup.js" is deprecated and will be removed in v1.34.
  [Console-warning] [ComfyUI Deprecated] Importing from "scripts/ui/components/button.js" is deprecated and will be removed in v1.34.
  [Console-warning] Canvas2D: Multiple readback operations using getImageData are faster with the willReadFrequently attribute set to true. See: https://html.spec.whatwg.org/multipage/canvas.html#concept-canvas-will-read-frequently
  [Console-error] No input!
  Frame 1 saved (frame_000.jpg, t=0.0s)
  Validating workflow...
  Queuing workflow for execution...
  Node executed (1 total), capturing...
  Frame 2 saved (frame_001.jpg, t=1.6s)
  [capture-node] freeze=19ms shot=415ms unfreeze=19ms saved=True
  [capture-loop] iter=50 t=10.4s state={'complete': False, 'error': None, 'executedCount': 1, 'wsState': 1} eval_ms=20
  [capture-loop] iter=100 t=18.8s state={'complete': False, 'error': None, 'executedCount': 1, 'wsState': 1} eval_ms=18
  Frame 3 saved (frame_002.jpg, t=19.9s)
  [capture-periodic] freeze=16ms shot=373ms unfreeze=17ms saved=True
  [capture-loop] iter=150 t=31.8s state={'complete': False, 'error': None, 'executedCount': 1, 'wsState': 1} eval_ms=18
  [capture-loop] iter=200 t=41.2s state={'complete': False, 'error': None, 'executedCount': 1, 'wsState': 1} eval_ms=20
  [capture-loop] iter=250 t=49.6s state={'complete': False, 'error': None, 'executedCount': 1, 'wsState': 1} eval_ms=15
  [capture-loop] iter=300 t=57.6s state={'complete': False, 'error': None, 'executedCount': 1, 'wsState': 1} eval_ms=17
  [capture-loop] iter=350 t=66.4s state={'complete': False, 'error': None, 'executedCount': 1, 'wsState': 1} eval_ms=33
  Frame 4 saved (frame_003.jpg, t=67.6s)
  [capture-periodic] freeze=18ms shot=380ms unfreeze=24ms saved=True
  Frame 5 saved (frame_004.jpg, t=70.1s)
  [capture-periodic] freeze=19ms shot=401ms unfreeze=20ms saved=True
  Frame 6 saved (frame_005.jpg, t=72.8s)
  [capture-periodic] freeze=26ms shot=410ms unfreeze=24ms saved=True
  [capture-loop] iter=400 t=75.2s state={'complete': False, 'error': None, 'executedCount': 1, 'wsState': 1} eval_ms=17
  [capture-loop] iter=450 t=83.9s state={'complete': False, 'error': None, 'executedCount': 1, 'wsState': 1} eval_ms=19
  Frame 7 saved (frame_006.jpg, t=85.5s)
  [capture-periodic] freeze=21ms shot=433ms unfreeze=20ms saved=True
  [capture-loop] iter=500 t=92.5s state={'complete': False, 'error': None, 'executedCount': 1, 'wsState': 1} eval_ms=19
  [capture-loop] iter=550 t=101.7s state={'complete': False, 'error': None, 'executedCount': 1, 'wsState': 1} eval_ms=25
  [capture-loop] iter=600 t=110.2s state={'complete': False, 'error': None, 'executedCount': 1, 'wsState': 1} eval_ms=21
  [capture-loop] iter=650 t=119.3s state={'complete': False, 'error': None, 'executedCount': 1, 'wsState': 1} eval_ms=24
  [capture-loop] iter=700 t=127.9s state={'complete': False, 'error': None, 'executedCount': 1, 'wsState': 1} eval_ms=23
  [capture-loop] iter=750 t=136.9s state={'complete': False, 'error': None, 'executedCount': 1, 'wsState': 1} eval_ms=22
  [capture-loop] iter=800 t=145.6s state={'complete': False, 'error': None, 'executedCount': 1, 'wsState': 1} eval_ms=21
  [capture-loop] iter=850 t=154.7s state={'complete': False, 'error': None, 'executedCount': 1, 'wsState': 1} eval_ms=21
  [capture-loop] iter=900 t=163.4s state={'complete': False, 'error': None, 'executedCount': 1, 'wsState': 1} eval_ms=18
  Frame 8 saved (frame_007.jpg, t=171.5s)
  [capture-periodic] freeze=16ms shot=336ms unfreeze=20ms saved=True
  [capture-loop] iter=950 t=172.4s state={'complete': False, 'error': None, 'executedCount': 1, 'wsState': 1} eval_ms=17
  Frame 9 saved (frame_008.jpg, t=174.1s)
  [capture-periodic] freeze=16ms shot=394ms unfreeze=20ms saved=True
  Frame 10 saved (frame_009.jpg, t=176.7s)
  [capture-periodic] freeze=17ms shot=405ms unfreeze=20ms saved=True
  Frame 11 saved (frame_010.jpg, t=179.4s)
  [capture-periodic] freeze=19ms shot=392ms unfreeze=20ms saved=True
  [capture-loop] iter=1000 t=181.1s state={'complete': False, 'error': None, 'executedCount': 1, 'wsState': 1} eval_ms=23
  Frame 12 saved (frame_011.jpg, t=181.9s)
  [capture-periodic] freeze=19ms shot=389ms unfreeze=21ms saved=True
  Frame 13 saved (frame_012.jpg, t=184.6s)
  [capture-periodic] freeze=17ms shot=368ms unfreeze=20ms saved=True
  Frame 14 saved (frame_013.jpg, t=187.2s)
  [capture-periodic] freeze=22ms shot=403ms unfreeze=20ms saved=True
  [capture-loop] iter=1050 t=189.7s state={'complete': False, 'error': None, 'executedCount': 1, 'wsState': 1} eval_ms=21
  Frame 15 saved (frame_014.jpg, t=189.7s)
  [capture-periodic] freeze=19ms shot=345ms unfreeze=17ms saved=True
  Frame 16 saved (frame_015.jpg, t=192.2s)
  [capture-periodic] freeze=18ms shot=399ms unfreeze=20ms saved=True
  Frame 17 saved (frame_016.jpg, t=194.8s)
  [capture-periodic] freeze=17ms shot=437ms unfreeze=20ms saved=True
  Frame 18 saved (frame_017.jpg, t=197.5s)
  [capture-periodic] freeze=17ms shot=328ms unfreeze=18ms saved=True
  [capture-loop] iter=1100 t=198.8s state={'complete': False, 'error': None, 'executedCount': 1, 'wsState': 1} eval_ms=25
  [capture-loop] iter=1150 t=207.1s state={'complete': False, 'error': None, 'executedCount': 1, 'wsState': 1} eval_ms=18
  [capture-loop] iter=1200 t=215.9s state={'complete': False, 'error': None, 'executedCount': 1, 'wsState': 1} eval_ms=19
  [capture-loop] iter=1250 t=224.9s state={'complete': False, 'error': None, 'executedCount': 1, 'wsState': 1} eval_ms=26
  [capture-loop] iter=1300 t=235.0s state={'complete': False, 'error': None, 'executedCount': 1, 'wsState': 1} eval_ms=18
  [capture-loop] iter=1350 t=244.3s state={'complete': False, 'error': None, 'executedCount': 1, 'wsState': 1} eval_ms=23
  [capture-loop] iter=1400 t=253.5s state={'complete': False, 'error': None, 'executedCount': 1, 'wsState': 1} eval_ms=21
  [capture-loop] iter=1450 t=262.1s state={'complete': False, 'error': None, 'executedCount': 1, 'wsState': 1} eval_ms=21
  [capture-loop] iter=1500 t=271.1s state={'complete': False, 'error': None, 'executedCount': 1, 'wsState': 1} eval_ms=21
  [capture-loop] iter=1550 t=279.7s state={'complete': False, 'error': None, 'executedCount': 1, 'wsState': 1} eval_ms=23
  [capture-loop] iter=1600 t=288.8s state={'complete': False, 'error': None, 'executedCount': 1, 'wsState': 1} eval_ms=24
  [capture-loop] iter=1650 t=297.3s state={'complete': False, 'error': None, 'executedCount': 1, 'wsState': 1} eval_ms=21
  [capture-loop] iter=1700 t=306.6s state={'complete': False, 'error': None, 'executedCount': 1, 'wsState': 1} eval_ms=24
  Frame 19 saved (frame_018.jpg, t=310.9s)
  [capture-periodic] freeze=26ms shot=465ms unfreeze=25ms saved=True
  Frame 20 saved (frame_019.jpg, t=313.6s)
  [capture-periodic] freeze=23ms shot=475ms unfreeze=21ms saved=True
  [capture-loop] iter=1750 t=315.5s state={'complete': False, 'error': None, 'executedCount': 1, 'wsState': 1} eval_ms=22
  Frame 21 saved (frame_020.jpg, t=316.4s)
  [capture-periodic] freeze=22ms shot=399ms unfreeze=5ms saved=True
  Frame 22 saved (frame_021.jpg, t=319.0s)
  [capture-periodic] freeze=21ms shot=345ms unfreeze=37ms saved=True
  Frame 23 saved (frame_022.jpg, t=321.5s)
  [capture-periodic] freeze=18ms shot=416ms unfreeze=10ms saved=True
  [capture-loop] iter=1800 t=324.2s state={'complete': False, 'error': None, 'executedCount': 1, 'wsState': 1} eval_ms=24
  Frame 24 saved (frame_023.jpg, t=324.2s)
  [capture-periodic] freeze=20ms shot=400ms unfreeze=21ms saved=True
  Frame 25 saved (frame_024.jpg, t=326.9s)
  [capture-periodic] freeze=21ms shot=459ms unfreeze=23ms saved=True
  Frame 26 saved (frame_025.jpg, t=329.6s)
  [capture-periodic] freeze=20ms shot=379ms unfreeze=23ms saved=True
  Frame 27 saved (frame_026.jpg, t=332.2s)
  [capture-periodic] freeze=20ms shot=460ms unfreeze=22ms saved=True
  [capture-loop] iter=1850 t=333.5s state={'complete': False, 'error': None, 'executedCount': 1, 'wsState': 1} eval_ms=25
  Frame 28 saved (frame_027.jpg, t=335.0s)
  [capture-periodic] freeze=15ms shot=389ms unfreeze=21ms saved=True
  [capture-loop] iter=1900 t=342.3s state={'complete': False, 'error': None, 'executedCount': 1, 'wsState': 1} eval_ms=20
  Frame 29 saved (frame_028.jpg, t=342.7s)
  [capture-periodic] freeze=18ms shot=380ms unfreeze=21ms saved=True
  Frame 30 saved (frame_029.jpg, t=345.3s)
  [capture-periodic] freeze=18ms shot=356ms unfreeze=19ms saved=True
  [capture-loop] iter=1950 t=351.1s state={'complete': False, 'error': None, 'executedCount': 1, 'wsState': 1} eval_ms=18
  [capture-loop] iter=2000 t=359.4s state={'complete': False, 'error': None, 'executedCount': 1, 'wsState': 1} eval_ms=22
  [capture-loop] iter=2050 t=367.8s state={'complete': False, 'error': None, 'executedCount': 1, 'wsState': 1} eval_ms=21
  [capture-loop] iter=2100 t=377.0s state={'complete': False, 'error': None, 'executedCount': 1, 'wsState': 1} eval_ms=20
  [capture-loop] iter=2150 t=385.4s state={'complete': False, 'error': None, 'executedCount': 1, 'wsState': 1} eval_ms=24
  [capture-loop] iter=2200 t=394.2s state={'complete': False, 'error': None, 'executedCount': 1, 'wsState': 1} eval_ms=19
  [capture-loop] iter=2250 t=402.8s state={'complete': False, 'error': None, 'executedCount': 1, 'wsState': 1} eval_ms=20
  [capture-loop] iter=2300 t=411.2s state={'complete': False, 'error': None, 'executedCount': 1, 'wsState': 1} eval_ms=21
  [capture-loop] iter=2350 t=420.4s state={'complete': False, 'error': None, 'executedCount': 1, 'wsState': 1} eval_ms=21
  [capture-loop] iter=2400 t=428.9s state={'complete': False, 'error': None, 'executedCount': 1, 'wsState': 1} eval_ms=23
  [capture-loop] iter=2450 t=437.8s state={'complete': False, 'error': None, 'executedCount': 1, 'wsState': 1} eval_ms=21
  Node executed (2 total), capturing...
  Frame 31 saved (frame_030.jpg, t=438.9s)
  [capture-node] freeze=25ms shot=366ms unfreeze=20ms saved=True
  Execution complete (t=439.5s)
  [3d-wait] Phase 1: Waiting for 'Loading 3D Model' text to disappear...
  [3d-wait] Phase 1 done in 0.1s
  [3d-wait] Phase 2: iframes=1
  [3d-wait] iframe viewer_ready=False (matched 0 console logs)
  [3d-wait] Waiting for 'Loaded successfully' console message (timeout=60s)...
  [3d-wait] iframe wait exception: Timeout 60000ms exceeded while waiting for event "console"
=========================== logs ===========================
waiting for event "console"
============================================================
  [3d-wait] Total 3D wait: 60.2s
  Captured 31 unique frames over 499.8s
  [debug] iframes: 1
  [debug]   iframe[0]: src=http://127.0.0.1:8288/extensions/ComfyUI-GeometryPack/viewer_vtk.html?v=17719391, canvas=588x545, rafFrozen=True
  [timing] trigger_3d_previews: 0.0s
  Saved high-quality screenshot: gaussian_generation_executed.png
  [timing] final_screenshot: 2.5s
    Captured 32 video frames