Capturing execution frames: full_generation.json
  [ComfyUI] [comfy-env] [VRAM] Before offload 'ShortCut_3' (3677 MB) -> cpu: 1015 / 24124 MB
  [ComfyUI] [ComfyUI-SAM3DObjects] Health check: ping (timeout=5.0s)...
  [ComfyUI] [ComfyUI-SAM3DObjects] python: /workspaces/SAM3DObjects-0430/ComfyUI/.ce/.pixi/envs/sam3dobjects-nodes/bin/python
  [ComfyUI] [ComfyUI-SAM3DObjects] Health check: failed
  [ComfyUI] [ComfyUI-SAM3DObjects] sys_path sent to worker: ['/workspaces/SAM3DObjects-0430/ComfyUI', '/workspaces/SAM3DObjects-0430/ComfyUI/custom_nodes/ComfyUI-SAM3DObjects', '/workspaces/SAM3DObjects-0430/ComfyUI/.ce/.pixi/envs/sam3dobjects-nodes/lib/python3.1/site-packages', '/workspaces/SAM3DObjects-0430/ComfyUI/custom_nodes/ComfyUI-SAM3DObjects']
  [ComfyUI] [SubprocessWorker] is_pixi=True, python=/workspaces/SAM3DObjects-0430/ComfyUI/.ce/.pixi/envs/sam3dobjects-nodes/bin/python
  [ComfyUI] [ComfyUI-SAM3DObjects] Socket unhealthy, restarting worker...
  [ComfyUI] [comfy-env] Invalidated 7 stale model patchers (will be cleaned up during next unload)
  [ComfyUI] [SubprocessWorker] launching cmd=['/root/.pixi/bin/pixi', 'run', '--as-is', '--manifest-path', '/workspaces/SAM3DObjects-0430/ComfyUI/.ce/pixi.toml', '-e', 'sam3dobjects-nodes', 'python', '/tmp/comfyui_pvenv_7mfv1yoo/persistent_worker.py', 'abstract://comfy_worker_4648ef667b89']...
  [ComfyUI] [SubprocessWorker] socket_addr=abstract://comfy_worker_4648ef667b89 (abstract, no filesystem path)
  [ComfyUI] [worker:ComfyUI-SAM3DObjects] WARNING: WARNING: You need pytorch with cu130 or higher to use optimized CUDA operations.
  [ComfyUI] [SubprocessWorker] call_id=5 sending model_to_device
  [ComfyUI] Model 'ShortCut_3' gone from worker (restarted?), treating as offloaded
  [ComfyUI] [comfy-env] [VRAM] After offload 'ShortCut_3' (3677 MB): 563 / 24124 MB
  [ComfyUI] [comfy-env] [VRAM] Before offload 'FlowMatching_6' (2290 MB) -> cpu: 563 / 24124 MB
  [ComfyUI] [ComfyUI-SAM3DObjects] Health check: ping (timeout=5.0s)...
  [ComfyUI] [ComfyUI-SAM3DObjects] Health check: ok
  [ComfyUI] [SubprocessWorker] call_id=6 sending model_to_device
  [ComfyUI] Model 'FlowMatching_6' gone from worker (restarted?), treating as offloaded
  [ComfyUI] [comfy-env] [VRAM] After offload 'FlowMatching_6' (2290 MB): 563 / 24124 MB
  [ComfyUI] [comfy-env] [VRAM] Before offload 'EmbedderFuser_2' (1259 MB) -> cpu: 563 / 24124 MB
  [ComfyUI] [ComfyUI-SAM3DObjects] Health check: ping (timeout=5.0s)...
  [ComfyUI] [ComfyUI-SAM3DObjects] Health check: ok
  [ComfyUI] [SubprocessWorker] call_id=7 sending model_to_device
  [ComfyUI] Model 'EmbedderFuser_2' gone from worker (restarted?), treating as offloaded
  [ComfyUI] [comfy-env] [VRAM] After offload 'EmbedderFuser_2' (1259 MB): 563 / 24124 MB
  [ComfyUI] [comfy-env] [VRAM] Before offload 'EmbedderFuser_5' (1227 MB) -> cpu: 563 / 24124 MB
  [ComfyUI] [ComfyUI-SAM3DObjects] Health check: ping (timeout=5.0s)...
  [ComfyUI] [ComfyUI-SAM3DObjects] Health check: ok
  [ComfyUI] [SubprocessWorker] call_id=8 sending model_to_device
  [ComfyUI] Model 'EmbedderFuser_5' gone from worker (restarted?), treating as offloaded
  [ComfyUI] [comfy-env] [VRAM] After offload 'EmbedderFuser_5' (1227 MB): 563 / 24124 MB
  [ComfyUI] [comfy-env] [VRAM] Before offload 'MoGeModelV1_1' (599 MB) -> cpu: 563 / 24124 MB
  [ComfyUI] [ComfyUI-SAM3DObjects] Health check: ping (timeout=5.0s)...
  [ComfyUI] [ComfyUI-SAM3DObjects] Health check: ok
  [ComfyUI] [SubprocessWorker] call_id=9 sending model_to_device
  [ComfyUI] Model 'MoGeModelV1_1' gone from worker (restarted?), treating as offloaded
  [ComfyUI] [comfy-env] [VRAM] After offload 'MoGeModelV1_1' (599 MB): 563 / 24124 MB
  [ComfyUI] [comfy-env] [VRAM] Before offload 'SLatMeshDecoderTdfyWrapper_7' (173 MB) -> cpu: 563 / 24124 MB
  [ComfyUI] [ComfyUI-SAM3DObjects] Health check: ping (timeout=5.0s)...
  [ComfyUI] [ComfyUI-SAM3DObjects] Health check: ok
  [ComfyUI] [SubprocessWorker] call_id=10 sending model_to_device
  [ComfyUI] Model 'SLatMeshDecoderTdfyWrapper_7' gone from worker (restarted?), treating as offloaded
  [ComfyUI] [comfy-env] [VRAM] After offload 'SLatMeshDecoderTdfyWrapper_7' (173 MB): 563 / 24124 MB
  [ComfyUI] [comfy-env] [VRAM] Before offload 'SparseStructureDecoderTdfyWrapper_4' (140 MB) -> cpu: 563 / 24124 MB
  [ComfyUI] [ComfyUI-SAM3DObjects] Health check: ping (timeout=5.0s)...
  [ComfyUI] [ComfyUI-SAM3DObjects] Health check: ok
  [ComfyUI] [SubprocessWorker] call_id=11 sending model_to_device
  [ComfyUI] Model 'SparseStructureDecoderTdfyWrapper_4' gone from worker (restarted?), treating as offloaded
  [ComfyUI] [comfy-env] [VRAM] After offload 'SparseStructureDecoderTdfyWrapper_4' (140 MB): 563 / 24124 MB
  Frame 1 saved (frame_000.jpg, t=0.0s)
  Validating workflow...
  [ComfyUI] === /validate endpoint called ===
  [ComfyUI] Received JSON with keys: ['prompt']
  Queuing workflow for execution...
  [ComfyUI] Prompt has 11 nodes
  [ComfyUI]   Node 4: LoadImage
  [ComfyUI]     Inputs: {"image": "elephant.png"}
  [ComfyUI]   Node 28: InvertMask
  [ComfyUI]     Inputs: {"mask": ["4", 1]}
  [ComfyUI]   Node 48: Preview3D
  [ComfyUI]     Inputs: {"model_file": ["73", 0], "image": ""}
  [ComfyUI]   Node 53: MaskPreview
  [ComfyUI]     Inputs: {"mask": ["28", 0]}
  [ComfyUI]   Node 54: SAM3D_PreviewPointCloud
  [ComfyUI]     Inputs: {"file_path": ["59", 2], "preview_vtk": ""}
  [ComfyUI]   Node 59: SAM3D_DepthEstimate
  [ComfyUI]     Inputs: {"depth_model": ["74", 0], "image": ["4", 0]}
  [ComfyUI]   Node 70: SAM3DGenerateSLAT
  [ComfyUI]     Inputs: {"seed": 42, "stage1_steps": 12, "stage1_cfg": 7.5, "stage1_cfg_pm": 0, "stage2_steps": 12, "stage2_cfg": 5, "use_distillation": false, "generator": ["74", 1], "image": ["4", 0], "mask": ["28", 0], "p
  [ComfyUI]   Node 71: SAM3DGaussianDecode
  [ComfyUI]     Inputs: {"up_axis": "Y-up (standard)", "world_coordinates": false, "slat_decoder_gs": ["74", 2], "slat": ["70", 0]}
  [ComfyUI]   Node 72: SAM3DMeshDecode
  [ComfyUI]     Inputs: {"with_postprocess": true, "simplify": 0.95, "up_axis": "Y-up (standard)", "world_coordinates": false, "use_sparse_flexicubes": true, "slat_decoder_mesh": ["74", 3], "slat": ["70", 0]}
  [ComfyUI]   Node 73: SAM3DTextureBake
  [ComfyUI]     Inputs: {"glb_path": ["72", 0], "ply_path": ["71", 0], "texture_mode": "fast", "texture_size": 1024, "rendering_engine": "nvdiffrast"}
  [ComfyUI]   Node 74: LoadSAM3DModel
  [ComfyUI]     Inputs: {"attn_backend": "flash_attn", "compile": false, "precision": "auto"}
  [ComfyUI] Generated prompt_id: beaab8f5-46dc-4e06-b8dc-1eb4a7508737
  [ComfyUI] Calling execution.validate_prompt()...
  [ComfyUI] Validation result: valid=True
  [ComfyUI] === Validation PASSED ===
  [ComfyUI] got prompt
  [ComfyUI] [comfy-env] Running LoadSAM3DModel: attn_backend: 'flash_attn', compile: False, precision: 'auto'
  [ComfyUI] [VRAM] Before LoadSAM3DModel: 563 / 24124 MB
  [ComfyUI] [SubprocessWorker] call_method: nodes.load_model.LoadSAM3DModel.EXECUTE_NORMALIZED
  [ComfyUI] [SubprocessWorker] acquired lock, ensuring started...
  [ComfyUI] [ComfyUI-SAM3DObjects] Health check: ping (timeout=5.0s)...
  [ComfyUI] [ComfyUI-SAM3DObjects] Health check: ok
  [ComfyUI] [SubprocessWorker] worker started/confirmed
  [ComfyUI] [SubprocessWorker] serializing kwargs to shm...
  [ComfyUI] [SubprocessWorker] created 0 shm blocks
  [ComfyUI] [SubprocessWorker] sending request via socket...
  [ComfyUI] [SubprocessWorker] call_id=12 sending call_method
  Node executed (1 total), capturing...
  [ComfyUI] [SubprocessWorker] got response: ok
  [ComfyUI] [comfy-env] [VRAM] Before offload 'SLatMeshDecoderTdfyWrapper_7' (173 MB) -> cpu: 563 / 24124 MB
  [ComfyUI] [ComfyUI-SAM3DObjects] Health check: ping (timeout=5.0s)...
  [ComfyUI] [ComfyUI-SAM3DObjects] Health check: ok
  [ComfyUI] [SubprocessWorker] call_id=13 sending model_to_device
  [ComfyUI] Model 'SLatMeshDecoderTdfyWrapper_7' gone from worker (restarted?), treating as offloaded
  [ComfyUI] [comfy-env] [VRAM] After offload 'SLatMeshDecoderTdfyWrapper_7' (173 MB): 563 / 24124 MB
  [ComfyUI] [comfy-env] [VRAM] Before offload 'FlowMatching_6' (2290 MB) -> cpu: 563 / 24124 MB
  [ComfyUI] [ComfyUI-SAM3DObjects] Health check: ping (timeout=5.0s)...
  [ComfyUI] [ComfyUI-SAM3DObjects] Health check: ok
  [ComfyUI] [SubprocessWorker] call_id=14 sending model_to_device
  [ComfyUI] Model 'FlowMatching_6' gone from worker (restarted?), treating as offloaded
  [ComfyUI] [comfy-env] [VRAM] After offload 'FlowMatching_6' (2290 MB): 563 / 24124 MB
  [ComfyUI] [comfy-env] [VRAM] Before offload 'EmbedderFuser_5' (1227 MB) -> cpu: 563 / 24124 MB
  [ComfyUI] [ComfyUI-SAM3DObjects] Health check: ping (timeout=5.0s)...
  [ComfyUI] [ComfyUI-SAM3DObjects] Health check: ok
  [ComfyUI] [SubprocessWorker] call_id=15 sending model_to_device
  [ComfyUI] Model 'EmbedderFuser_5' gone from worker (restarted?), treating as offloaded
  [ComfyUI] [comfy-env] [VRAM] After offload 'EmbedderFuser_5' (1227 MB): 563 / 24124 MB
  [ComfyUI] [comfy-env] [VRAM] Before offload 'SparseStructureDecoderTdfyWrapper_4' (140 MB) -> cpu: 563 / 24124 MB
  [ComfyUI] [ComfyUI-SAM3DObjects] Health check: ping (timeout=5.0s)...
  [ComfyUI] [ComfyUI-SAM3DObjects] Health check: ok
  [ComfyUI] [SubprocessWorker] call_id=16 sending model_to_device
  [ComfyUI] Model 'SparseStructureDecoderTdfyWrapper_4' gone from worker (restarted?), treating as offloaded
  [ComfyUI] [comfy-env] [VRAM] After offload 'SparseStructureDecoderTdfyWrapper_4' (140 MB): 563 / 24124 MB
  [ComfyUI] [comfy-env] [VRAM] Before offload 'ShortCut_3' (3677 MB) -> cpu: 563 / 24124 MB
  [ComfyUI] [ComfyUI-SAM3DObjects] Health check: ping (timeout=5.0s)...
  [ComfyUI] [ComfyUI-SAM3DObjects] Health check: ok
  [ComfyUI] [SubprocessWorker] call_id=17 sending model_to_device
  [ComfyUI] Model 'ShortCut_3' gone from worker (restarted?), treating as offloaded
  [ComfyUI] [comfy-env] [VRAM] After offload 'ShortCut_3' (3677 MB): 563 / 24124 MB
  [ComfyUI] [comfy-env] [VRAM] Before offload 'EmbedderFuser_2' (1259 MB) -> cpu: 563 / 24124 MB
  [ComfyUI] [ComfyUI-SAM3DObjects] Health check: ping (timeout=5.0s)...
  [ComfyUI] [ComfyUI-SAM3DObjects] Health check: ok
  [ComfyUI] [SubprocessWorker] call_id=18 sending model_to_device
  [ComfyUI] Model 'EmbedderFuser_2' gone from worker (restarted?), treating as offloaded
  [ComfyUI] [comfy-env] [VRAM] After offload 'EmbedderFuser_2' (1259 MB): 563 / 24124 MB
  [ComfyUI] [comfy-env] [VRAM] Before offload 'MoGeModelV1_1' (599 MB) -> cpu: 563 / 24124 MB
  Frame 2 saved (frame_001.jpg, t=0.8s)
  [ComfyUI] [ComfyUI-SAM3DObjects] Health check: ping (timeout=5.0s)...
  [capture-node] freeze=4ms shot=257ms unfreeze=16ms saved=True
  [ComfyUI] [ComfyUI-SAM3DObjects] Health check: ok
  [ComfyUI] [SubprocessWorker] call_id=19 sending model_to_device
  [ComfyUI] Model 'MoGeModelV1_1' gone from worker (restarted?), treating as offloaded
  [ComfyUI] [comfy-env] [VRAM] After offload 'MoGeModelV1_1' (599 MB): 563 / 24124 MB
  [ComfyUI] [comfy-env] LoadSAM3DModel done (0.55s): result: NodeOutput
  [ComfyUI] [VRAM] After LoadSAM3DModel: 563 / 24124 MB
  [ComfyUI] [comfy-env] Running SAM3D_DepthEstimate: depth_model: dict, image: torch.float32 [1,1062,1600,3] cpu
  [ComfyUI] [VRAM] Before SAM3D_DepthEstimate: 563 / 24124 MB
  [ComfyUI] [SubprocessWorker] call_method: nodes.depth_estimate.SAM3D_DepthEstimate.EXECUTE_NORMALIZED
  [ComfyUI] [SubprocessWorker] acquired lock, ensuring started...
  [ComfyUI] [ComfyUI-SAM3DObjects] Health check: ping (timeout=5.0s)...
  [ComfyUI] [ComfyUI-SAM3DObjects] Health check: ok
  [ComfyUI] [SubprocessWorker] worker started/confirmed
  [ComfyUI] [comfy-env] PRE-SERIALIZE 'image' shape: torch.Size([1, 1062, 1600, 3])
  [ComfyUI] [SubprocessWorker] serializing kwargs to shm...
  [ComfyUI] [SubprocessWorker] created 0 shm blocks
  [ComfyUI] [SubprocessWorker] sending request via socket...
  [ComfyUI] [SubprocessWorker] call_id=20 sending call_method
  [ComfyUI] [worker:ComfyUI-SAM3DObjects] [comfy-env] _from_shm got dict with keys: ['__type__', 'strategy', 'parent_pid', 'fd', 'storage_size']
  [ComfyUI] [worker:ComfyUI-SAM3DObjects] [comfy-env] DESERIALIZE TensorRef: tensor_size=[1, 1062, 1600, 3]
  [ComfyUI] [worker:ComfyUI-SAM3DObjects] [comfy-env] DESERIALIZED tensor shape: torch.Size([1, 1062, 1600, 3])
  [ComfyUI] [worker:ComfyUI-SAM3DObjects] [VRAM] DepthEstimate: start: torch=0MiB alloc, 0MiB reserved | gpu=563MiB/24124MiB used
  [ComfyUI] [worker:ComfyUI-SAM3DObjects] [VRAM] DepthEstimate: before MoGe from_pretrained: torch=0MiB alloc, 0MiB reserved | gpu=563MiB/24124MiB used
  [ComfyUI] /workspaces/SAM3DObjects-0430/ComfyUI/custom_nodes/ComfyUI-SAM3DObjects/nodes/sam3d/moge.py:1012: UserWarning: Deprecated arguments ignored: {'output_mask': True, 'split_head': True}
  [ComfyUI]   warnings.warn(f"Deprecated arguments ignored: {deprecated_kwargs}")
  [ComfyUI] [worker:ComfyUI-SAM3DObjects] [VRAM] DepthEstimate: after MoGe from_pretrained: torch=0MiB alloc, 0MiB reserved | gpu=563MiB/24124MiB used
  [ComfyUI] [worker:ComfyUI-SAM3DObjects] [VRAM] DepthEstimate: before load_models_gpu: torch=0MiB alloc, 0MiB reserved | gpu=563MiB/24124MiB used
  [ComfyUI] [SubprocessWorker] callback 'request_vram_budget' from call_id=20
  [ComfyUI] [comfy-env] VRAM request: 0.63GB, free before eviction: 24.71GB
  [ComfyUI] [comfy-env] VRAM after eviction: 24.71GB
  [ComfyUI] [worker:ComfyUI-SAM3DObjects] [VRAM] +208MB (now 208MB) reserved=224MB peak=208MB
  [ComfyUI] [worker:ComfyUI-SAM3DObjects] [VRAM] DepthEstimate: after load_models_gpu: torch=599MiB alloc, 608MiB reserved | gpu=1191MiB/24124MiB used
  Frame 3 saved (frame_002.jpg, t=3.2s)
  [capture-periodic] freeze=3ms shot=244ms unfreeze=3ms saved=True
  [ComfyUI] [worker:ComfyUI-SAM3DObjects] [VRAM] +391MB (now 599MB) reserved=608MB peak=599MB
  Frame 4 saved (frame_003.jpg, t=5.6s)
  [capture-periodic] freeze=3ms shot=242ms unfreeze=5ms saved=True
  [ComfyUI] [SubprocessWorker] callback 'report_progress' from call_id=20
  [ComfyUI] [worker:ComfyUI-SAM3DObjects] [VRAM] DepthEstimate: before MoGe inference: torch=599MiB alloc, 608MiB reserved | gpu=1191MiB/24124MiB used
  [capture-loop] iter=50 t=7.0s state={'complete': False, 'error': None, 'executedCount': 1, 'wsState': 1} eval_ms=4 ram=5.0/31.2GB (16%) swap=0.7/32.0GB (2%) cpu=4% browser_rss=1.04GB
  [ComfyUI] [worker:ComfyUI-SAM3DObjects] [VRAM] DepthEstimate: after MoGe inference: torch=642MiB alloc, 1088MiB reserved | gpu=1733MiB/24124MiB used
  [ComfyUI] [worker:ComfyUI-SAM3DObjects] [VRAM] -311MB (now 288MB) reserved=704MB peak=772MB
  Frame 5 saved (frame_004.jpg, t=8.0s)
  [capture-periodic] freeze=3ms shot=255ms unfreeze=24ms saved=True
  [ComfyUI] [worker:ComfyUI-SAM3DObjects] [VRAM] DepthEstimate: after cleanup: torch=43MiB alloc, 96MiB reserved | gpu=741MiB/24124MiB used
  [ComfyUI] [SubprocessWorker] callback 'report_progress' from call_id=20
  [ComfyUI] [SubprocessWorker] callback 'report_progress' from call_id=20
  [ComfyUI] [worker:ComfyUI-SAM3DObjects] [VRAM] -227MB (now 62MB) reserved=192MB peak=772MB
  [ComfyUI] [SubprocessWorker] callback 'report_progress' from call_id=20
  [ComfyUI] [worker:ComfyUI-SAM3DObjects] [VRAM] DepthEstimate: done: torch=62MiB alloc, 192MiB reserved | gpu=837MiB/24124MiB used
  [ComfyUI] [SubprocessWorker] got response: ok
  [ComfyUI] [comfy-env] Created 1 model patchers: ['MoGeModelV1_1']
  [ComfyUI] [comfy-env] SAM3D_DepthEstimate done (8.62s): result: NodeOutput
  [ComfyUI] [VRAM] After SAM3D_DepthEstimate: 837 / 24124 MB
  [ComfyUI] [VRAM] Loaded: SubprocessModel (0 MB)
  [ComfyUI] [comfy-env] Running SAM3D_PreviewPointCloud: file_path: '/workspaces/SAM3DObjects-0430/ComfyUI/output/sam3d_infer...
  [ComfyUI] [VRAM] Before SAM3D_PreviewPointCloud: 837 / 24124 MB
  [ComfyUI] [VRAM] Loaded: SubprocessModel (0 MB)
  [ComfyUI] [SubprocessWorker] call_method: nodes.preview_nodes.SAM3D_PreviewPointCloud.EXECUTE_NORMALIZED
  [ComfyUI] [SubprocessWorker] acquired lock, ensuring started...
  [ComfyUI] [ComfyUI-SAM3DObjects] Health check: ping (timeout=5.0s)...
  [ComfyUI] [ComfyUI-SAM3DObjects] Health check: ok
  [ComfyUI] [SubprocessWorker] worker started/confirmed
  [ComfyUI] [SubprocessWorker] serializing kwargs to shm...
  [ComfyUI] [SubprocessWorker] created 0 shm blocks
  [ComfyUI] [SubprocessWorker] sending request via socket...
  [ComfyUI] [SubprocessWorker] call_id=21 sending call_method
  [ComfyUI] [SubprocessWorker] got response: ok
  [ComfyUI] [comfy-env] SAM3D_PreviewPointCloud done (0.06s): result: NodeOutput
  [ComfyUI] [VRAM] After SAM3D_PreviewPointCloud: 837 / 24124 MB
  [ComfyUI] [VRAM] Loaded: SubprocessModel (0 MB)
  [ComfyUI] [comfy-env] Running SAM3DGenerateSLAT: seed: 42, stage1_steps: 12, stage1_cfg: 7.5, stage1_cfg_pm: 0.0, stage2_steps: 12, stage2_cfg: 5.0, use_distillation: False, generator: dict, image: torch.float32 [1,1062,1600,3] cpu, mask: torch.float32 [1,1062,1600] cpu, pointmap: torch.float32 [1062,1600,3] cpu
  [ComfyUI] [VRAM] Before SAM3DGenerateSLAT: 837 / 24124 MB
  [ComfyUI] [VRAM] Loaded: SubprocessModel (0 MB)
  [ComfyUI] [SubprocessWorker] call_method: nodes.generate_slat.SAM3DGenerateSLAT.EXECUTE_NORMALIZED
  [ComfyUI] [SubprocessWorker] acquired lock, ensuring started...
  [ComfyUI] [ComfyUI-SAM3DObjects] Health check: ping (timeout=5.0s)...
  [ComfyUI] [ComfyUI-SAM3DObjects] Health check: ok
  [ComfyUI] [SubprocessWorker] worker started/confirmed
  [ComfyUI] [comfy-env] PRE-SERIALIZE 'image' shape: torch.Size([1, 1062, 1600, 3])
  [ComfyUI] [comfy-env] PRE-SERIALIZE 'mask' shape: torch.Size([1, 1062, 1600])
  [ComfyUI] [comfy-env] PRE-SERIALIZE 'pointmap' shape: torch.Size([1062, 1600, 3])
  [ComfyUI] [SubprocessWorker] serializing kwargs to shm...
  [ComfyUI] [SubprocessWorker] created 0 shm blocks
  [ComfyUI] [SubprocessWorker] sending request via socket...
  [ComfyUI] [SubprocessWorker] call_id=22 sending call_method
  [ComfyUI] [worker:ComfyUI-SAM3DObjects] [comfy-env] _from_shm got dict with keys: ['__type__', 'strategy', 'parent_pid', 'fd', 'storage_size']
  [ComfyUI] [worker:ComfyUI-SAM3DObjects] [comfy-env] DESERIALIZE TensorRef: tensor_size=[1, 1062, 1600, 3]
  [ComfyUI] [worker:ComfyUI-SAM3DObjects] [comfy-env] DESERIALIZED tensor shape: torch.Size([1, 1062, 1600, 3])
  [ComfyUI] [worker:ComfyUI-SAM3DObjects] [comfy-env] _from_shm got dict with keys: ['__type__', 'strategy', 'parent_pid', 'fd', 'storage_size']
  [ComfyUI] [worker:ComfyUI-SAM3DObjects] [comfy-env] DESERIALIZE TensorRef: tensor_size=[1, 1062, 1600]
  [ComfyUI] [worker:ComfyUI-SAM3DObjects] [comfy-env] DESERIALIZED tensor shape: torch.Size([1, 1062, 1600])
  [ComfyUI] [worker:ComfyUI-SAM3DObjects] [comfy-env] _from_shm got dict with keys: ['__type__', 'strategy', 'parent_pid', 'fd', 'storage_size']
  [ComfyUI] [worker:ComfyUI-SAM3DObjects] [comfy-env] DESERIALIZE TensorRef: tensor_size=[1062, 1600, 3]
  [ComfyUI] [worker:ComfyUI-SAM3DObjects] [comfy-env] DESERIALIZED tensor shape: torch.Size([1062, 1600, 3])
  Node executed (2 total), capturing...
  [ComfyUI] [worker:ComfyUI-SAM3DObjects] [VRAM] GenerateSLAT: start: torch=9MiB alloc, 192MiB reserved | gpu=837MiB/24124MiB used
  [ComfyUI] 2026-05-08 04:42:17.850 | WARNING  | nodes.sam3d.transforms:__post_init__:1359 - No rgb pointmap normalizer provided, using scale + shift
  [ComfyUI] [worker:ComfyUI-SAM3DObjects] [VRAM] _load_condition_embedder(ss): before build: torch=42MiB alloc, 224MiB reserved | gpu=907MiB/24124MiB used
  Frame 6 saved (frame_005.jpg, t=10.1s)
  [capture-node] freeze=1662ms shot=239ms unfreeze=9ms saved=True
  Frame 7 saved (frame_006.jpg, t=14.1s)
  [capture-periodic] freeze=3ms shot=306ms unfreeze=3ms saved=True
  [capture-loop] iter=100 t=15.3s state={'complete': False, 'error': None, 'executedCount': 2, 'wsState': 1} eval_ms=4 ram=8.2/31.2GB (26%) swap=0.7/32.0GB (2%) cpu=10% browser_rss=1.10GB
  [ComfyUI] [worker:ComfyUI-SAM3DObjects] [VRAM] _load_condition_embedder(ss): after load_state_dict: torch=42MiB alloc, 224MiB reserved | gpu=907MiB/24124MiB used
  [ComfyUI] [SubprocessWorker] callback 'request_vram_budget' from call_id=22
  [ComfyUI] [comfy-env] VRAM request: 2.54GB, free before eviction: 24.48GB
  [ComfyUI] [comfy-env] VRAM after eviction: 24.48GB
  [ComfyUI] [worker:ComfyUI-SAM3DObjects] [VRAM] +268MB (now 331MB) reserved=384MB peak=772MB
  [ComfyUI] [worker:ComfyUI-SAM3DObjects] [VRAM] Stage1: before embedding: torch=1302MiB alloc, 1312MiB reserved | gpu=1995MiB/24124MiB used
  [ComfyUI] [worker:ComfyUI-SAM3DObjects] [VRAM] Stage1: after embedding: torch=1331MiB alloc, 2432MiB reserved | gpu=3115MiB/24124MiB used
  [ComfyUI] [worker:ComfyUI-SAM3DObjects] [VRAM] +982MB (now 1313MB) reserved=2432MB peak=1326MB
  [ComfyUI] [worker:ComfyUI-SAM3DObjects] [VRAM] Stage1: after embedder unload: torch=72MiB alloc, 160MiB reserved | gpu=843MiB/24124MiB used
  [ComfyUI] [worker:ComfyUI-SAM3DObjects] [VRAM] _load_generator(ss): before build: torch=72MiB alloc, 160MiB reserved | gpu=843MiB/24124MiB used
  [ComfyUI] [worker:ComfyUI-SAM3DObjects] [VRAM] _load_generator(ss): after load_state_dict: torch=72MiB alloc, 160MiB reserved | gpu=843MiB/24124MiB used
  [ComfyUI] [SubprocessWorker] callback 'request_vram_budget' from call_id=22
  [ComfyUI] [comfy-env] VRAM request: 3.86GB, free before eviction: 24.41GB
  [ComfyUI] [comfy-env] VRAM after eviction: 24.41GB
  [ComfyUI] [worker:ComfyUI-SAM3DObjects] [VRAM] +216MB (now 1529MB) reserved=1568MB peak=1529MB
  [ComfyUI] [worker:ComfyUI-SAM3DObjects] [VRAM] +1841MB (now 3370MB) reserved=3392MB peak=3370MB
  [ComfyUI] [worker:ComfyUI-SAM3DObjects] [VRAM] _load_decoder(ss): before instantiate: torch=3750MiB alloc, 3776MiB reserved | gpu=4459MiB/24124MiB used
  [ComfyUI] [worker:ComfyUI-SAM3DObjects] [VRAM] _load_decoder(ss): after load_state_dict: torch=3750MiB alloc, 3776MiB reserved | gpu=4459MiB/24124MiB used
  [ComfyUI] [SubprocessWorker] callback 'request_vram_budget' from call_id=22
  [ComfyUI] [comfy-env] VRAM request: 0.15GB, free before eviction: 20.62GB
  [ComfyUI] [comfy-env] VRAM after eviction: 20.62GB
  [ComfyUI] [worker:ComfyUI-SAM3DObjects] [VRAM] Stage1: before inference: torch=3890MiB alloc, 3904MiB reserved | gpu=4587MiB/24124MiB used
  [ComfyUI] [worker:ComfyUI-SAM3DObjects] [DTYPE_DBG] _generate_noise_tensor: _compute_dtype=torch.bfloat16 shape=(1, 1, 6) device=cuda:0
  [ComfyUI] [worker:ComfyUI-SAM3DObjects] [DTYPE_DBG] _generate_noise_tensor: _compute_dtype=torch.bfloat16 shape=(1, 1, 3) device=cuda:0
  [ComfyUI] [worker:ComfyUI-SAM3DObjects] [DTYPE_DBG] _generate_noise_tensor: _compute_dtype=torch.bfloat16 shape=(1, 4096, 8) device=cuda:0
  [ComfyUI] [worker:ComfyUI-SAM3DObjects] [DTYPE_DBG] _generate_noise_tensor: _compute_dtype=torch.bfloat16 shape=(1, 1, 3) device=cuda:0
  [ComfyUI] [worker:ComfyUI-SAM3DObjects] [DTYPE_DBG] _generate_noise_tensor: _compute_dtype=torch.bfloat16 shape=(1, 1, 1) device=cuda:0
  [ComfyUI] [worker:ComfyUI-SAM3DObjects] [VRAM] +741MB (now 4112MB) reserved=4224MB peak=4112MB
  [capture-loop] iter=150 t=21.1s state={'complete': False, 'error': None, 'executedCount': 2, 'wsState': 1} eval_ms=3 ram=8.5/31.2GB (27%) swap=0.7/32.0GB (2%) cpu=5% browser_rss=1.09GB
  [ComfyUI] [SubprocessWorker] callback 'report_progress' from call_id=22
  Frame 8 saved (frame_007.jpg, t=21.1s)
  [capture-periodic] freeze=3ms shot=255ms unfreeze=16ms saved=True
  [ComfyUI] [SubprocessWorker] callback 'report_progress' from call_id=22
  [ComfyUI] [worker:ComfyUI-SAM3DObjects] [VRAM] -207MB (now 3905MB) reserved=4224MB peak=4112MB
  [ComfyUI] [SubprocessWorker] callback 'report_progress' from call_id=22
  [ComfyUI] [SubprocessWorker] callback 'report_progress' from call_id=22
  Frame 9 saved (frame_008.jpg, t=23.6s)
  [capture-periodic] freeze=3ms shot=248ms unfreeze=3ms saved=True
  [ComfyUI] [worker:ComfyUI-SAM3DObjects] [VRAM] +207MB (now 4112MB) reserved=4224MB peak=4112MB
  [ComfyUI] [SubprocessWorker] callback 'report_progress' from call_id=22
  [ComfyUI] [SubprocessWorker] callback 'report_progress' from call_id=22
  [ComfyUI] [SubprocessWorker] callback 'report_progress' from call_id=22
  [ComfyUI] [worker:ComfyUI-SAM3DObjects] [VRAM] -208MB (now 3905MB) reserved=4224MB peak=4112MB
  Frame 10 saved (frame_009.jpg, t=25.9s)
  [capture-periodic] freeze=10ms shot=241ms unfreeze=13ms saved=True
  [ComfyUI] [SubprocessWorker] callback 'report_progress' from call_id=22
  [ComfyUI] [SubprocessWorker] callback 'report_progress' from call_id=22
  [capture-loop] iter=200 t=27.6s state={'complete': False, 'error': None, 'executedCount': 2, 'wsState': 1} eval_ms=4 ram=8.4/31.2GB (27%) swap=0.7/32.0GB (2%) cpu=7% browser_rss=0.94GB
  [ComfyUI] [SubprocessWorker] callback 'report_progress' from call_id=22
  [ComfyUI] [SubprocessWorker] callback 'report_progress' from call_id=22
  [ComfyUI] [SubprocessWorker] callback 'report_progress' from call_id=22
  Frame 11 saved (frame_010.jpg, t=28.3s)
  [capture-periodic] freeze=3ms shot=249ms unfreeze=7ms saved=True
  [ComfyUI] [worker:ComfyUI-SAM3DObjects] [VRAM] Stage1: after inference: torch=3906MiB alloc, 4384MiB reserved | gpu=5069MiB/24124MiB used
  [ComfyUI] [worker:ComfyUI-SAM3DObjects] [VRAM] -670MB (now 3236MB) reserved=4384MB peak=4112MB
  [ComfyUI] [worker:ComfyUI-SAM3DObjects] [VRAM] -1902MB (now 1334MB) reserved=4384MB peak=4112MB
  [ComfyUI] [worker:ComfyUI-SAM3DObjects] [VRAM] Stage1: after model cleanup: torch=88MiB alloc, 224MiB reserved | gpu=909MiB/24124MiB used
  [ComfyUI] 2026-05-08 04:42:38.697 | WARNING  | nodes.sam3d.transforms:__post_init__:1359 - No rgb pointmap normalizer provided, using scale + shift
  [ComfyUI] [worker:ComfyUI-SAM3DObjects] [VRAM] -1306MB (now 29MB) reserved=224MB peak=4112MB
  Frame 12 saved (frame_011.jpg, t=30.7s)
  [capture-periodic] freeze=3ms shot=256ms unfreeze=17ms saved=True
  [ComfyUI] [worker:ComfyUI-SAM3DObjects] [VRAM] _load_condition_embedder(slat): before build: torch=37MiB alloc, 224MiB reserved | gpu=909MiB/24124MiB used
  [capture-loop] iter=250 t=33.9s state={'complete': False, 'error': None, 'executedCount': 2, 'wsState': 1} eval_ms=4 ram=12.5/31.2GB (40%) swap=0.7/32.0GB (2%) cpu=6% browser_rss=0.95GB
  [ComfyUI] [worker:ComfyUI-SAM3DObjects] [VRAM] _load_condition_embedder(slat): after load_state_dict: torch=37MiB alloc, 224MiB reserved | gpu=909MiB/24124MiB used
  [ComfyUI] [SubprocessWorker] callback 'request_vram_budget' from call_id=22
  [ComfyUI] [comfy-env] VRAM request: 2.50GB, free before eviction: 24.44GB
  [ComfyUI] [comfy-env] VRAM after eviction: 24.44GB
  [ComfyUI] [worker:ComfyUI-SAM3DObjects] [VRAM] +296MB (now 325MB) reserved=384MB peak=4112MB
  [ComfyUI] [worker:ComfyUI-SAM3DObjects] [VRAM] Stage2: before embedding: torch=1264MiB alloc, 1312MiB reserved | gpu=1997MiB/24124MiB used
  [ComfyUI] [worker:ComfyUI-SAM3DObjects] [VRAM] Stage2: after embedding: torch=1275MiB alloc, 1408MiB reserved | gpu=2093MiB/24124MiB used
  [ComfyUI] [worker:ComfyUI-SAM3DObjects] [VRAM] +642MB (now 968MB) reserved=1408MB peak=4112MB
  [ComfyUI] [worker:ComfyUI-SAM3DObjects] [VRAM] Stage2: after embedder unload: torch=48MiB alloc, 160MiB reserved | gpu=845MiB/24124MiB used
  [ComfyUI] [worker:ComfyUI-SAM3DObjects] [VRAM] _load_generator(slat): before build: torch=48MiB alloc, 160MiB reserved | gpu=845MiB/24124MiB used
  [ComfyUI] [worker:ComfyUI-SAM3DObjects] [VRAM] -921MB (now 48MB) reserved=160MB peak=4112MB
  [capture-loop] iter=300 t=39.7s state={'complete': False, 'error': None, 'executedCount': 2, 'wsState': 1} eval_ms=4 ram=12.8/31.2GB (41%) swap=0.7/32.0GB (2%) cpu=6% browser_rss=0.93GB
  [ComfyUI] [worker:ComfyUI-SAM3DObjects] [VRAM] _load_generator(slat): after load_state_dict: torch=48MiB alloc, 160MiB reserved | gpu=845MiB/24124MiB used
  [ComfyUI] [SubprocessWorker] callback 'request_vram_budget' from call_id=22
  [ComfyUI] [comfy-env] VRAM request: 2.40GB, free before eviction: 24.41GB
  [ComfyUI] [comfy-env] VRAM after eviction: 24.41GB
  [ComfyUI] [worker:ComfyUI-SAM3DObjects] [VRAM] +375MB (now 423MB) reserved=544MB peak=4112MB
  [ComfyUI] [worker:ComfyUI-SAM3DObjects] [VRAM] Stage2: before inference: torch=2338MiB alloc, 2400MiB reserved | gpu=3085MiB/24124MiB used
  [ComfyUI] [worker:ComfyUI-SAM3DObjects] [DTYPE_DBG] _generate_noise_tensor: _compute_dtype=torch.bfloat16 shape=(1, 8713, 8) device=cuda:0
  [ComfyUI] W0508 04:42:52.586000 3294 .ce/.pixi/envs/sam3dobjects-nodes/lib/python3.12/site-packages/torch/fx/_symbolic_trace.py:53] is_fx_tracing will return true for both fx.symbolic_trace and torch.export. Please use is_fx_tracing_symbolic_tracing() for specifically fx.symbolic_trace or torch.compiler.is_compiling() for specifically torch.export/compile.
  [ComfyUI] /workspaces/SAM3DObjects-0430/ComfyUI/.ce/.pixi/envs/sam3dobjects-nodes/lib/python3.1/site-packages/spconv/pytorch/cppcore.py:106: UserWarning: [WARNING]your gpu arch (8, 6) isn't compiled in prebuilt, may cause invalid device function error. available: {(9, 0), (12, 0), (7, 0), (8, 0), (10, 0)}
  [ComfyUI]   warnings.warn(
  [capture-loop] iter=350 t=45.9s state={'complete': False, 'error': None, 'executedCount': 2, 'wsState': 1} eval_ms=3 ram=12.6/31.2GB (40%) swap=0.7/32.0GB (2%) cpu=5% browser_rss=0.93GB
  [ComfyUI] [worker:ComfyUI-SAM3DObjects] Can't find algo Ampere_bf16bf16bf16f32f32tnt_m64n64k32m32n32k32A1T16816_200_C301LLL_SK in prebuilt. compile with nvrtc...
  [ComfyUI] [worker:ComfyUI-SAM3DObjects] [VRAM] +1923MB (now 2347MB) reserved=2400MB peak=4112MB
  [ComfyUI] [worker:ComfyUI-SAM3DObjects] Can't find algo Ampere_bf16bf16bf16f32f32tnt_m64n64k32m32n32k32A1T16816_300_C301LLL_SK in prebuilt. compile with nvrtc...
  [ComfyUI] [worker:ComfyUI-SAM3DObjects] Can't find algo Ampere_bf16bf16bf16f32f32tnt_m64n64k32m32n32k32A1T16816_400_C301LLL_SK in prebuilt. compile with nvrtc...
  [ComfyUI] [worker:ComfyUI-SAM3DObjects] Can't find algo Ampere_bf16bf16bf16f32f32tnt_m64n128k32m32n64k32A1T16816_200_C301LLL_SK in prebuilt. compile with nvrtc...
  [capture-loop] iter=400 t=51.9s state={'complete': False, 'error': None, 'executedCount': 2, 'wsState': 1} eval_ms=4 ram=12.6/31.2GB (40%) swap=0.7/32.0GB (2%) cpu=6% browser_rss=0.93GB
  [ComfyUI] [worker:ComfyUI-SAM3DObjects] Can't find algo Ampere_bf16bf16bf16f32f32tnt_m64n128k32m32n64k32A1T16816_300_C301LLL_SK in prebuilt. compile with nvrtc...
  [ComfyUI] [worker:ComfyUI-SAM3DObjects]
  [ComfyUI] === WATCHDOG TICK 1 ===
  [ComfyUI] [worker:ComfyUI-SAM3DObjects] Thread 0x0000784b903ff640 (most recent call first):
  [ComfyUI]   File "/workspaces/SAM3DObjects-0430/ComfyUI/.ce/.pixi/envs/sam3dobjects-nodes/lib/python3.12/socket.py", line 295 in accept
  [ComfyUI]   File "/workspaces/SAM3DObjects-0430/ComfyUI/.ce/.pixi/envs/sam3dobjects-nodes/lib/python3.12/multiprocessing/connection.py", line 626 in accept
  [ComfyUI]   File "/workspaces/SAM3DObjects-0430/ComfyUI/.ce/.pixi/envs/sam3dobjects-nodes/lib/python3.12/multiprocessing/connection.py", line 480 in accept
  [ComfyUI]   File "/workspaces/SAM3DObjects-0430/ComfyUI/.ce/.pixi/envs/sam3dobjects-nodes/lib/python3.12/multiprocessing/resource_sharer.py", line 138 in _serve
  [ComfyUI]   File "/workspaces/SAM3DObjects-0430/ComfyUI/.ce/.pixi/envs/sam3dobjects-nodes/lib/python3.12/threading.py", line 1012 in run
  [ComfyUI]   File "/workspaces/SAM3DObjects-0430/ComfyUI/.ce/.pixi/envs/sam3dobjects-nodes/lib/python3.12/threading.py", line 1075 in _bootstrap_inner
  [ComfyUI]   File "/workspaces/SAM3DObjects-0430/ComfyUI/.ce/.pixi/envs/sam3dobjects-nodes/lib/python3.12/threading.py", line 1032 in _bootstrap
  [ComfyUI] 
  [ComfyUI] Thread 0x0000784de3e74640 (most recent call first):
  [ComfyUI]   File "/tmp/comfyui_pvenv_7mfv1yoo/persistent_worker.py", line 106 in _vram_poller
  [ComfyUI]   File "/workspaces/SAM3DObjects-0430/ComfyUI/.ce/.pixi/envs/sam3dobjects-nodes/lib/python3.12/threading.py", line 1012 in run
  [ComfyUI]   File "/workspaces/SAM3DObjects-0430/ComfyUI/.ce/.pixi/envs/sam3dobjects-nodes/lib/python3.12/threading.py", line 1075 in _bootstrap_inner
  [ComfyUI]   File "/workspaces/SAM3DObjects-0430/ComfyUI/.ce/.pixi/envs/sam3dobjects-nodes/lib/python3.12/threading.py", line 1032 in _bootstrap
  [ComfyUI] 
  [ComfyUI] Current thread 0x0000784de4679640 (most recent call first):
  [ComfyUI]   File "/tmp/comfyui_pvenv_7mfv1yoo/persistent_worker.py", line 52 in _watchdog
  [ComfyUI]   File "/workspaces/SAM3DObjects-0430/ComfyUI/.ce/.pixi/envs/sam3dobjects-nodes/lib/python3.12/threading.py", line 1012 in run
  [ComfyUI]   File "/workspaces/SAM3DObjects-0430/ComfyUI/.ce/.pixi/envs/sam3dobjects-nodes/lib/python3.12/threading.py", line 1075 in _bootstrap_inner
  [ComfyUI]   File "/workspaces/SAM3DObjects-0430/ComfyUI/.ce/.pixi/envs/sam3dobjects-nodes/lib/python3.12/threading.py", line 1032 in _bootstrap
  [ComfyUI] 
  [ComfyUI] Thread 0x0000784de4c74740 (most recent call first):
  [ComfyUI]   File "/tmp/comfyui_pvenv_7mfv1yoo/persistent_worker.py", line 82 in wlog
  [ComfyUI]   File "/tmp/comfyui_pvenv_7mfv1yoo/persistent_worker.py", line 1217 in _forwarded_print
  [ComfyUI]   File "/workspaces/SAM3DObjects-0430/ComfyUI/.ce/.pixi/envs/sam3dobjects-nodes/lib/python3.1/site-packages/spconv/algo.py", line 209 in cached_get_nvrtc_params
  [ComfyUI]   File "/workspaces/SAM3DObjects-0430/ComfyUI/.ce/.pixi/envs/sam3dobjects-nodes/lib/python3.1/site-packages/spconv/pytorch/ops.py", line 1513 in implicit_gemm
  [ComfyUI]   File "/workspaces/SAM3DObjects-0430/ComfyUI/.ce/.pixi/envs/sam3dobjects-nodes/lib/python3.1/site-packages/spconv/pytorch/conv.py", line 467 in _conv_forward
  [ComfyUI]   File "/workspaces/SAM3DObjects-0430/ComfyUI/.ce/.pixi/envs/sam3dobjects-nodes/lib/python3.1/site-packages/spconv/pytorch/conv.py", line 755 in forward
  [ComfyUI]   File "/workspaces/SAM3DObjects-0430/ComfyUI/.ce/.pixi/envs/sam3dobjects-nodes/lib/python3.12/site-packages/torch/nn/modules/module.py", line 1833 in inner
  [ComfyUI]   File "/workspaces/SAM3DObjects-0430/ComfyUI/.ce/.pixi/envs/sam3dobjects-nodes/lib/python3.12/site-packages/torch/nn/modules/module.py", line 1885 in _call_impl
  [ComfyUI]   File "/workspaces/SAM3DObjects-0430/ComfyUI/.ce/.pixi/envs/sam3dobjects-nodes/lib/python3.12/site-packages/torch/nn/modules/module.py", line 1779 in _wrapped_call_impl
  [ComfyUI]   File "/workspaces/SAM3DObjects-0430/ComfyUI/custom_nodes/ComfyUI-SAM3DObjects/nodes/sam3d/ops_sparse.py", line 152 in _spconv_conv3d_forward
  [ComfyUI]   File "/workspaces/SAM3DObjects-0430/ComfyUI/custom_nodes/ComfyUI-SAM3DObjects/nodes/sam3d/ops_sparse.py", line 586 in _forward
  [ComfyUI]   File "/workspaces/SAM3DObjects-0430/ComfyUI/custom_nodes/ComfyUI-SAM3DObjects/nodes/sam3d/ops_sparse.py", line 601 in forward_comfy_cast_weights
  [ComfyUI]   File "/workspaces/SAM3DObjects-0430/ComfyUI/custom_nodes/ComfyUI-SAM3DObjects/nodes/sam3d/ops_sparse.py", line 612 in forward
  [ComfyUI]   File "/workspaces/SAM3DObjects-0430/ComfyUI/.ce/.pixi/envs/sam3dobjects-nodes/lib/python3.12/site-packages/torch/nn/modules/module.py", line 1790 in _call_impl
  [ComfyUI]   File "/workspaces/SAM3DObjects-0430/ComfyUI/.ce/.pixi/envs/sam3dobjects-nodes/lib/python3.12/site-packages/torch/nn/modules/module.py", line 1779 in _wrapped_call_impl
  [ComfyUI]   File "/workspaces/SAM3DObjects-0430/ComfyUI/custom_nodes/ComfyUI-SAM3DObjects/nodes/sam3d/model.py", line 1195 in forward
  [ComfyUI]   File "/workspaces/SAM3DObjects-0430/ComfyUI/.ce/.pixi/envs/sam3dobjects-nodes/lib/python3.12/site-packages/torch/nn/modules/module.py", line 1790 in _call_impl
  [ComfyUI]   File "/workspaces/SAM3DObjects-0430/ComfyUI/.ce/.pixi/envs/sam3dobjects-nodes/lib/python3.12/site-packages/torch/nn/modules/module.py", line 1779 in _wrapped_call_impl
  [ComfyUI]   File "/workspaces/SAM3DObjects-0430/ComfyUI/custom_nodes/ComfyUI-SAM3DObjects/nodes/sam3d/model.py", line 1676 in _forward
  [ComfyUI]   File "/workspaces/SAM3DObjects-0430/ComfyUI/comfy/patcher_extension.py", line 112 in execute
  [ComfyUI]   File "/workspaces/SAM3DObjects-0430/ComfyUI/custom_nodes/ComfyUI-SAM3DObjects/nodes/sam3d/model.py", line 1653 in forward
  [ComfyUI]   File "/workspaces/SAM3DObjects-0430/ComfyUI/custom_nodes/ComfyUI-SAM3DObjects/nodes/sam3d/model.py", line 1745 in forward
  [ComfyUI]   File "/workspaces/SAM3DObjects-0430/ComfyUI/.ce/.pixi/envs/sam3dobjects-nodes/lib/python3.12/site-packages/torch/nn/modules/module.py", line 1790 in _call_impl
  [ComfyUI]   File "/workspaces/SAM3DObjects-0430/ComfyUI/.ce/.pixi/envs/sam3dobjects-nodes/lib/python3.12/site-packages/torch/nn/modules/module.py", line 1779 in _wrapped_call_impl
  [ComfyUI]   File "/workspaces/SAM3DObjects-0430/ComfyUI/custom_nodes/ComfyUI-SAM3DObjects/nodes/sam3d/generators.py", line 666 in inner_forward
  [ComfyUI]   File "/workspaces/SAM3DObjects-0430/ComfyUI/custom_nodes/ComfyUI-SAM3DObjects/nodes/sam3d/generators.py", line 698 in forward
  [ComfyUI]   File "/workspaces/SAM3DObjects-0430/ComfyUI/.ce/.pixi/envs/sam3dobjects-nodes/lib/python3.12/site-packages/torch/nn/modules/module.py", line 1790 in _call_impl
  [ComfyUI]   File "/workspaces/SAM3DObjects-0430/ComfyUI/.ce/.pixi/envs/sam3dobjects-nodes/lib/python3.12/site-packages/torch/nn/modules/module.py", line 1779 in _wrapped_call_impl
  [ComfyUI]   File "/workspaces/SAM3DObjects-0430/ComfyUI/custom_nodes/ComfyUI-SAM3DObjects/nodes/sam3d/generators.py", line 426 in _generate_dynamics
  [ComfyUI]   File "/workspaces/SAM3DObjects-0430/ComfyUI/custom_nodes/ComfyUI-SAM3DObjects/nodes/sam3d/generators.py", line 133 in step
  [ComfyUI]   File "/workspaces/SAM3DObjects-0430/ComfyUI/custom_nodes/ComfyUI-SAM3DObjects/nodes/sam3d/generators.py", line 121 in solve_iter
  [ComfyUI]   File "/workspaces/SAM3DObjects-0430/ComfyUI/custom_nodes/ComfyUI-SAM3DObjects/nodes/sam3d/generators.py", line 410 in generate_iter
  [ComfyUI]   File "/workspaces/SAM3DObjects-0430/ComfyUI/custom_nodes/ComfyUI-SAM3DObjects/nodes/utils/stages.py", line 1213 in run_stage2
  [ComfyUI]   File "/workspaces/SAM3DObjects-0430/ComfyUI/custom_nodes/ComfyUI-SAM3DObjects/nodes/generate_slat.py", line 262 in execute
  [ComfyUI]   File "/workspaces/SAM3DObjects-0430/ComfyUI/.ce/.pixi/envs/sam3dobjects-nodes/lib/python3.12/site-packages/torch/utils/_contextlib.py", line 124 in decorate_context
  [ComfyUI]   File "/workspaces/SAM3DObjects-0430/ComfyUI/comfy_api/latest/_io.py", line 1827 in EXECUTE_NORMALIZED
  [ComfyUI]   File "/tmp/comfyui_pvenv_7mfv1yoo/persistent_worker.py", line 1749 in main
  [ComfyUI]   File "/tmp/comfyui_pvenv_7mfv1yoo/persistent_worker.py", line 1794 in <module>
  [ComfyUI] 
  [ComfyUI] [worker:ComfyUI-SAM3DObjects] === END ===
  [ComfyUI] 
  [ComfyUI] [worker:ComfyUI-SAM3DObjects] Can't find algo Ampere_bf16bf16bf16f32f32tnt_m64n128k32m32n64k32A1T16816_400_C301LLL_SK in prebuilt. compile with nvrtc...
  [ComfyUI] [worker:ComfyUI-SAM3DObjects] Can't find algo Ampere_bf16bf16bf16f32f32tnt_m128n64k32m64n32k32A1T16816_200_C301LLL_SK in prebuilt. compile with nvrtc...
  [capture-loop] iter=450 t=57.8s state={'complete': False, 'error': None, 'executedCount': 2, 'wsState': 1} eval_ms=3 ram=12.6/31.2GB (40%) swap=0.7/32.0GB (2%) cpu=5% browser_rss=0.93GB
  [ComfyUI] [worker:ComfyUI-SAM3DObjects] Can't find algo Ampere_bf16bf16bf16f32f32tnt_m128n64k32m64n32k32A1T16816_300_C301LLL_SK in prebuilt. compile with nvrtc...
  [ComfyUI] [worker:ComfyUI-SAM3DObjects] Can't find algo Ampere_bf16bf16bf16f32f32tnt_m128n64k32m64n32k32A1T16816_400_C301LLL_SK in prebuilt. compile with nvrtc...
  [ComfyUI] [worker:ComfyUI-SAM3DObjects] [33m[comfy-attn] Varlen attention: sage2[0m
  [ComfyUI] [worker:ComfyUI-SAM3DObjects] Can't find algo Simt_f32f32f32f32f32tnt_m32n128k16m32n32k8A1_200_C301LLL_SK in prebuilt. compile with nvrtc...
  [capture-loop] iter=500 t=63.9s state={'complete': False, 'error': None, 'executedCount': 2, 'wsState': 1} eval_ms=3 ram=12.6/31.2GB (40%) swap=0.7/32.0GB (2%) cpu=5% browser_rss=0.93GB
  [ComfyUI] [worker:ComfyUI-SAM3DObjects] Can't find algo Simt_f32f32f32f32f32tnt_m32n256k8m32n64k8A1_200_C301LLL_SK in prebuilt. compile with nvrtc...
  [ComfyUI] [worker:ComfyUI-SAM3DObjects] Can't find algo Simt_f32f32f32f32f32tnt_m32n64k16m32n32k8A1_200_C301LLL_SK in prebuilt. compile with nvrtc...
  [ComfyUI] [worker:ComfyUI-SAM3DObjects] Can't find algo Simt_f32f32f32f32f32tnt_m32n32k32m32n32k8A1_200_C301LLL_SK in prebuilt. compile with nvrtc...
  [ComfyUI] [worker:ComfyUI-SAM3DObjects] Can't find algo Simt_f32f32f32f32f32tnt_m64n256k8m32n64k8A1_200_C301LLL_SK in prebuilt. compile with nvrtc...
  [capture-loop] iter=550 t=70.0s state={'complete': False, 'error': None, 'executedCount': 2, 'wsState': 1} eval_ms=3 ram=12.9/31.2GB (41%) swap=0.7/32.0GB (2%) cpu=6% browser_rss=0.93GB
  [ComfyUI] [worker:ComfyUI-SAM3DObjects] Can't find algo Simt_f32f32f32f32f32tnt_m64n128k8m32n64k8A1_200_C301LLL_SK in prebuilt. compile with nvrtc...
  [ComfyUI] [worker:ComfyUI-SAM3DObjects] Can't find algo Simt_f32f32f32f32f32tnt_m64n64k8m32n32k8A1_200_C301LLL_SK in prebuilt. compile with nvrtc...
  [ComfyUI] [worker:ComfyUI-SAM3DObjects] Can't find algo Simt_f32f32f32f32f32tnt_m64n32k16m32n32k8A1_200_C301LLL_SK in prebuilt. compile with nvrtc...
  [ComfyUI] [SubprocessWorker] callback 'report_progress' from call_id=22
  [capture-loop] iter=600 t=75.8s state={'complete': False, 'error': None, 'executedCount': 2, 'wsState': 1} eval_ms=4 ram=13.0/31.2GB (42%) swap=0.7/32.0GB (2%) cpu=5% browser_rss=0.94GB
  [ComfyUI] [SubprocessWorker] callback 'report_progress' from call_id=22
  [ComfyUI] [SubprocessWorker] callback 'report_progress' from call_id=22
  Frame 13 saved (frame_012.jpg, t=76.5s)
  [capture-periodic] freeze=3ms shot=234ms unfreeze=10ms saved=True
  [ComfyUI] [SubprocessWorker] callback 'report_progress' from call_id=22
  [ComfyUI] [SubprocessWorker] callback 'report_progress' from call_id=22
  [ComfyUI] [SubprocessWorker] callback 'report_progress' from call_id=22
  [ComfyUI] [SubprocessWorker] callback 'report_progress' from call_id=22
  [ComfyUI] [SubprocessWorker] callback 'report_progress' from call_id=22
  [ComfyUI] [SubprocessWorker] callback 'report_progress' from call_id=22
  [ComfyUI] [SubprocessWorker] callback 'report_progress' from call_id=22
  [ComfyUI] [SubprocessWorker] callback 'report_progress' from call_id=22
  [ComfyUI] [SubprocessWorker] callback 'report_progress' from call_id=22
  [ComfyUI] [worker:ComfyUI-SAM3DObjects] [VRAM] Stage2: after inference: torch=2338MiB alloc, 2688MiB reserved | gpu=3381MiB/24124MiB used
  Frame 14 saved (frame_013.jpg, t=78.9s)
  [capture-periodic] freeze=4ms shot=229ms unfreeze=5ms saved=True
  [ComfyUI] [worker:ComfyUI-SAM3DObjects] [VRAM] -212MB (now 2135MB) reserved=2688MB peak=4112MB
  [ComfyUI] [worker:ComfyUI-SAM3DObjects] [VRAM] -1638MB (now 497MB) reserved=2688MB peak=4112MB
  [ComfyUI] [worker:ComfyUI-SAM3DObjects] [VRAM] Stage2: after model cleanup: torch=48MiB alloc, 192MiB reserved | gpu=885MiB/24124MiB used
  [ComfyUI] [worker:ComfyUI-SAM3DObjects] [VRAM] GenerateSLAT: done: torch=29MiB alloc, 192MiB reserved | gpu=885MiB/24124MiB used
  [ComfyUI] [SubprocessWorker] got response: ok
  [ComfyUI] [comfy-env] Created 5 model patchers: ['EmbedderFuser_2', 'ShortCut_3', 'SparseStructureDecoderTdfyWrapper_4', 'EmbedderFuser_5', 'FlowMatching_6']
  [ComfyUI] [comfy-env] SAM3DGenerateSLAT done (70.88s): result: NodeOutput
  [ComfyUI] [VRAM] After SAM3DGenerateSLAT: 885 / 24124 MB
  [ComfyUI] [VRAM] Loaded: SubprocessModel (0 MB), SubprocessModel (0 MB), SubprocessModel (0 MB), SubprocessModel (0 MB), SubprocessModel (0 MB), SubprocessModel (0 MB)
  [ComfyUI] [comfy-env] Running SAM3DGaussianDecode: up_axis: 'Y-up (standard)', world_coordinates: False, slat_decoder_gs: dict, slat: '/workspaces/SAM3DObjects-0430/ComfyUI/output/sam3d_run_2...
  [ComfyUI] [VRAM] Before SAM3DGaussianDecode: 885 / 24124 MB
  [ComfyUI] [VRAM] Loaded: SubprocessModel (0 MB), SubprocessModel (0 MB), SubprocessModel (0 MB), SubprocessModel (0 MB), SubprocessModel (0 MB), SubprocessModel (0 MB)
  [ComfyUI] [SubprocessWorker] call_method: nodes.gaussian_decode.SAM3DGaussianDecode.EXECUTE_NORMALIZED
  [ComfyUI] [SubprocessWorker] acquired lock, ensuring started...
  [ComfyUI] [ComfyUI-SAM3DObjects] Health check: ping (timeout=5.0s)...
  [ComfyUI] [ComfyUI-SAM3DObjects] Health check: ok
  [ComfyUI] [SubprocessWorker] worker started/confirmed
  [ComfyUI] [SubprocessWorker] serializing kwargs to shm...
  [ComfyUI] [SubprocessWorker] created 0 shm blocks
  [ComfyUI] [SubprocessWorker] sending request via socket...
  [ComfyUI] [SubprocessWorker] call_id=23 sending call_method
  [ComfyUI] [worker:ComfyUI-SAM3DObjects] [VRAM] GaussianDecode: start: torch=9MiB alloc, 192MiB reserved | gpu=885MiB/24124MiB used
  [ComfyUI] [SubprocessWorker] callback 'report_progress' from call_id=23
  [ComfyUI] [worker:ComfyUI-SAM3DObjects] [VRAM] _load_decoder(slat_decoder_gs): before instantiate: torch=9MiB alloc, 192MiB reserved | gpu=885MiB/24124MiB used
  [ComfyUI] [worker:ComfyUI-SAM3DObjects] [VRAM] -489MB (now 9MB) reserved=192MB peak=4112MB
  Frame 15 saved (frame_014.jpg, t=81.2s)
  [capture-periodic] freeze=3ms shot=249ms unfreeze=3ms saved=True
  [ComfyUI] 2026-05-08 04:43:29.586 | DEBUG    | nodes.sam3d.image_ops:<module>:14 - image_operations: cv2 available, using OpenCV backend
  [ComfyUI] [worker:ComfyUI-SAM3DObjects] [VRAM] _load_decoder(slat_decoder_gs): after load_state_dict: torch=9MiB alloc, 192MiB reserved | gpu=885MiB/24124MiB used
  [ComfyUI] [SubprocessWorker] callback 'request_vram_budget' from call_id=23
  [ComfyUI] [comfy-env] VRAM request: 0.17GB, free before eviction: 24.37GB
  [ComfyUI] [comfy-env] VRAM after eviction: 24.37GB
  [ComfyUI] [worker:ComfyUI-SAM3DObjects] [VRAM] Decode(gaussian): after load_models_gpu: torch=172MiB alloc, 256MiB reserved | gpu=949MiB/24124MiB used
  [ComfyUI] [SubprocessWorker] callback 'report_progress' from call_id=23
  [capture-loop] iter=650 t=82.2s state={'complete': False, 'error': None, 'executedCount': 2, 'wsState': 1} eval_ms=3 ram=14.8/31.2GB (47%) swap=0.7/32.0GB (2%) cpu=8% browser_rss=0.95GB
  [ComfyUI] [worker:ComfyUI-SAM3DObjects] [VRAM] Decode(gaussian): after cleanup: torch=24MiB alloc, 64MiB reserved | gpu=757MiB/24124MiB used
  Frame 16 saved (frame_015.jpg, t=83.6s)
  [capture-periodic] freeze=3ms shot=252ms unfreeze=13ms saved=True
  [capture-loop] iter=700 t=88.2s state={'complete': False, 'error': None, 'executedCount': 2, 'wsState': 1} eval_ms=3 ram=15.2/31.2GB (49%) swap=0.7/32.0GB (2%) cpu=6% browser_rss=0.95GB
  [capture-loop] iter=750 t=94.2s state={'complete': False, 'error': None, 'executedCount': 2, 'wsState': 1} eval_ms=3 ram=15.2/31.2GB (49%) swap=0.7/32.0GB (2%) cpu=6% browser_rss=0.94GB
  [capture-loop] iter=800 t=100.0s state={'complete': False, 'error': None, 'executedCount': 2, 'wsState': 1} eval_ms=3 ram=15.3/31.2GB (49%) swap=0.7/32.0GB (2%) cpu=5% browser_rss=0.95GB
  [ComfyUI] [SubprocessWorker] callback 'report_progress' from call_id=23
  [ComfyUI] [worker:ComfyUI-SAM3DObjects] [VRAM] GaussianDecode: done: torch=9MiB alloc, 96MiB reserved | gpu=789MiB/24124MiB used
  [ComfyUI] [SubprocessWorker] got response: ok
  [ComfyUI] [comfy-env] Created 1 model patchers: ['SLatGaussianDecoderTdfyWrapper_7']
  [ComfyUI] [comfy-env] SAM3DGaussianDecode done (20.16s): result: NodeOutput
  [ComfyUI] [VRAM] After SAM3DGaussianDecode: 789 / 24124 MB
  [ComfyUI] [VRAM] Loaded: SubprocessModel (0 MB), SubprocessModel (0 MB), SubprocessModel (0 MB), SubprocessModel (0 MB), SubprocessModel (0 MB), SubprocessModel (0 MB), SubprocessModel (0 MB)
  [ComfyUI] [comfy-env] Running SAM3DMeshDecode: with_postprocess: True, simplify: 0.95, up_axis: 'Y-up (standard)', world_coordinates: False, use_sparse_flexicubes: True, slat_decoder_mesh: dict, slat: '/workspaces/SAM3DObjects-0430/ComfyUI/output/sam3d_run_2...
  [ComfyUI] [VRAM] Before SAM3DMeshDecode: 789 / 24124 MB
  [ComfyUI] [VRAM] Loaded: SubprocessModel (0 MB), SubprocessModel (0 MB), SubprocessModel (0 MB), SubprocessModel (0 MB), SubprocessModel (0 MB), SubprocessModel (0 MB), SubprocessModel (0 MB)
  [ComfyUI] [SubprocessWorker] call_method: nodes.mesh_decode.SAM3DMeshDecode.EXECUTE_NORMALIZED
  [ComfyUI] [SubprocessWorker] acquired lock, ensuring started...
  [ComfyUI] [ComfyUI-SAM3DObjects] Health check: ping (timeout=5.0s)...
  [ComfyUI] [ComfyUI-SAM3DObjects] Health check: ok
  [ComfyUI] [SubprocessWorker] worker started/confirmed
  [ComfyUI] [SubprocessWorker] serializing kwargs to shm...
  [ComfyUI] [SubprocessWorker] created 0 shm blocks
  [ComfyUI] [SubprocessWorker] sending request via socket...
  [ComfyUI] [SubprocessWorker] call_id=24 sending call_method
  [ComfyUI] [worker:ComfyUI-SAM3DObjects] [VRAM] MeshDecode: start: torch=9MiB alloc, 96MiB reserved | gpu=789MiB/24124MiB used
  [ComfyUI] [SubprocessWorker] callback 'report_progress' from call_id=24
  [ComfyUI] [worker:ComfyUI-SAM3DObjects] [VRAM] _load_decoder(slat_decoder_mesh): before instantiate: torch=9MiB alloc, 96MiB reserved | gpu=789MiB/24124MiB used
  [ComfyUI] [worker:ComfyUI-SAM3DObjects] [VRAM] _load_decoder(slat_decoder_mesh): after load_state_dict: torch=9MiB alloc, 384MiB reserved | gpu=1077MiB/24124MiB used
  [ComfyUI] [SubprocessWorker] callback 'request_vram_budget' from call_id=24
  [ComfyUI] [comfy-env] VRAM request: 0.18GB, free before eviction: 24.17GB
  [ComfyUI] [comfy-env] VRAM after eviction: 24.17GB
  [ComfyUI] [worker:ComfyUI-SAM3DObjects] [VRAM] Decode(mesh): after load_models_gpu: torch=182MiB alloc, 224MiB reserved | gpu=917MiB/24124MiB used
  [ComfyUI] [SubprocessWorker] callback 'report_progress' from call_id=24
  [ComfyUI] [worker:ComfyUI-SAM3DObjects] [VRAM] +426MB (now 435MB) reserved=480MB peak=4112MB
  Frame 17 saved (frame_016.jpg, t=102.3s)
  [capture-periodic] freeze=3ms shot=249ms unfreeze=3ms saved=True
  [ComfyUI] [worker:ComfyUI-SAM3DObjects] [VRAM] +371MB (now 806MB) reserved=896MB peak=4112MB
  [ComfyUI] [worker:ComfyUI-SAM3DObjects] WARNING: [VRAM:mesh] start: 468 MiB | cubefeats torch.Size([557632, 101])
  [ComfyUI] [worker:ComfyUI-SAM3DObjects] WARNING: [VRAM:mesh] after sparse_cube2verts: 501 MiB | v_pos torch.Size([661147, 3])
  [ComfyUI] [worker:ComfyUI-SAM3DObjects] WARNING: [VRAM:mesh] after get_sparse_attrs + del: 267 MiB | verts 661147 cubes 557632
  [ComfyUI] [worker:ComfyUI-SAM3DObjects] WARNING: [VRAM:mesh] after dilation: 293 MiB | verts 842557 cubes 739134
  [ComfyUI] [worker:ComfyUI-SAM3DObjects] WARNING: [VRAM:mesh] after searchsorted: 328 MiB | reg_c torch.Size([739134, 8])
  [ComfyUI] [worker:ComfyUI-SAM3DObjects] WARNING: [VRAM:fc] start: 328 MiB | verts torch.Size([842558, 3]) cubes torch.Size([739134, 8]) sdf torch.Size([842558])
  [ComfyUI] [worker:ComfyUI-SAM3DObjects] WARNING: [VRAM:fc] after _identify_surf_cubes: 334 MiB | surf_cubes 193639/739134
  [ComfyUI] [worker:ComfyUI-SAM3DObjects] WARNING: [VRAM:fc] after _get_case_id: 370 MiB
  [ComfyUI] [worker:ComfyUI-SAM3DObjects] WARNING: [VRAM:fc] after _identify_surf_edges: 400 MiB | surf_edges torch.Size([193668, 2])
  [ComfyUI] [worker:ComfyUI-SAM3DObjects] WARNING: [VRAM:fc] after _compute_vd: 428 MiB | vd torch.Size([193664, 3])
  [ComfyUI] [worker:ComfyUI-SAM3DObjects] WARNING: [VRAM:fc] after _triangulate: 437 MiB | verts torch.Size([193664, 3]) faces torch.Size([387324, 3])
  [ComfyUI] [worker:ComfyUI-SAM3DObjects] WARNING: [VRAM:mesh] after FlexiCubes: 342 MiB | verts torch.Size([193664, 3]) faces torch.Size([387324, 3])
  [ComfyUI] [SubprocessWorker] callback 'report_progress' from call_id=24
  [ComfyUI] [worker:ComfyUI-SAM3DObjects] [VRAM] Decode(mesh): after cleanup: torch=38MiB alloc, 192MiB reserved | gpu=887MiB/24124MiB used
  [ComfyUI] [worker:ComfyUI-SAM3DObjects] Before postprocess: 193664 vertices, 387324 faces
  [ComfyUI] 
  [ComfyUI]   0%|          [00:00<?]
  [ComfyUI] Decimating Mesh:   0%|          [00:00<?]
  [ComfyUI] Decimating Mesh:  10%|█         [00:00<00:01]
  [ComfyUI] Decimating Mesh:  20%|██        [00:00<00:01]
  [ComfyUI] Decimating Mesh:  28%|██▊       [00:00<00:01]
  [ComfyUI] Decimating Mesh:  37%|███▋      [00:00<00:01]
  [ComfyUI] Decimating Mesh:  45%|████▍     [00:00<00:01][worker:ComfyUI-SAM3DObjects] [VRAM] -769MB (now 38MB) reserved=192MB peak=4112MB
  [ComfyUI] 
  [ComfyUI] Decimating Mesh:  53%|█████▎    [00:01<00:01]
  Frame 18 saved (frame_017.jpg, t=104.7s)
  [capture-periodic] freeze=3ms shot=259ms unfreeze=14ms saved=True
  [ComfyUI] Decimating Mesh:  57%|█████▋    [00:01<00:01]
  [ComfyUI] Decimating Mesh:  61%|██████▏   [00:01<00:01]
  [ComfyUI] Decimating Mesh:  65%|██████▌   [00:01<00:00]
  [ComfyUI] Decimating Mesh:  70%|██████▉   [00:01<00:00]
  [ComfyUI] Decimating Mesh:  74%|███████▎  [00:01<00:00]
  [ComfyUI] Decimating Mesh:  78%|███████▊  [00:02<00:00]
  [ComfyUI] Decimating Mesh:  82%|████████▏ [00:02<00:00]
  [ComfyUI] Decimating Mesh:  86%|████████▌ [00:02<00:00]
  [ComfyUI] Decimating Mesh:  90%|█████████ [00:02<00:00]
  [ComfyUI] Decimating Mesh: 100%|██████████[00:02<00:00]
  [ComfyUI] Decimating Mesh: 100%|██████████[00:02<00:00]
  [ComfyUI] Decimating Mesh: 100%|██████████[00:02<00:00]
  [ComfyUI] [worker:ComfyUI-SAM3DObjects] After decimate: 9684 vertices, 19366 faces
  [capture-loop] iter=850 t=106.3s state={'complete': False, 'error': None, 'executedCount': 2, 'wsState': 1} eval_ms=4 ram=15.4/31.2GB (49%) swap=0.7/32.0GB (2%) cpu=6% browser_rss=0.94GB
  Frame 19 saved (frame_018.jpg, t=107.0s)
  [capture-periodic] freeze=3ms shot=249ms unfreeze=3ms saved=True
  [ComfyUI] [worker:ComfyUI-SAM3DObjects] Found 7505 invisible faces
  [ComfyUI] [worker:ComfyUI-SAM3DObjects] Dual graph: 29044 edges
  [ComfyUI] [worker:ComfyUI-SAM3DObjects] Mincut solved, start checking the cut
  [ComfyUI] [worker:ComfyUI-SAM3DObjects] Removed 9415 faces by mincut
  [ComfyUI] [worker:ComfyUI-SAM3DObjects] After remove invisible faces: 5007 vertices, 10014 faces
  [ComfyUI] [SubprocessWorker] callback 'report_progress' from call_id=24
  [ComfyUI] [worker:ComfyUI-SAM3DObjects] [VRAM] MeshDecode: done: torch=9MiB alloc, 224MiB reserved | gpu=919MiB/24124MiB used
  [ComfyUI] [SubprocessWorker] got response: ok
  [ComfyUI] [comfy-env] Created 1 model patchers: ['SLatMeshDecoderTdfyWrapper_8']
  [ComfyUI] [comfy-env] SAM3DMeshDecode done (7.66s): result: NodeOutput
  [ComfyUI] [VRAM] After SAM3DMeshDecode: 919 / 24124 MB
  [ComfyUI] [VRAM] Loaded: SubprocessModel (0 MB), SubprocessModel (0 MB), SubprocessModel (0 MB), SubprocessModel (0 MB), SubprocessModel (0 MB), SubprocessModel (0 MB), SubprocessModel (0 MB), SubprocessModel (0 MB)
  [ComfyUI] [comfy-env] Running SAM3DTextureBake: glb_path: '/workspaces/SAM3DObjects-0430/ComfyUI/output/sam3d_run_2..., ply_path: '/workspaces/SAM3DObjects-0430/ComfyUI/output/sam3d_run_2..., texture_mode: 'fast', texture_size: 1024, rendering_engine: 'nvdiffrast'
  [ComfyUI] [VRAM] Before SAM3DTextureBake: 919 / 24124 MB
  [ComfyUI] [VRAM] Loaded: SubprocessModel (0 MB), SubprocessModel (0 MB), SubprocessModel (0 MB), SubprocessModel (0 MB), SubprocessModel (0 MB), SubprocessModel (0 MB), SubprocessModel (0 MB), SubprocessModel (0 MB)
  [ComfyUI] [SubprocessWorker] call_method: nodes.postprocess.SAM3DTextureBake.EXECUTE_NORMALIZED
  [ComfyUI] [SubprocessWorker] acquired lock, ensuring started...
  [ComfyUI] [ComfyUI-SAM3DObjects] Health check: ping (timeout=5.0s)...
  [ComfyUI] [ComfyUI-SAM3DObjects] Health check: ok
  [ComfyUI] [SubprocessWorker] worker started/confirmed
  [ComfyUI] [SubprocessWorker] serializing kwargs to shm...
  [ComfyUI] [SubprocessWorker] created 0 shm blocks
  [ComfyUI] [SubprocessWorker] sending request via socket...
  [ComfyUI] [SubprocessWorker] call_id=25 sending call_method
  Frame 20 saved (frame_019.jpg, t=109.4s)
  [capture-periodic] freeze=3ms shot=252ms unfreeze=13ms saved=True
  Frame 21 saved (frame_020.jpg, t=111.8s)
  [capture-periodic] freeze=3ms shot=294ms unfreeze=9ms saved=True
  [capture-loop] iter=900 t=112.6s state={'complete': False, 'error': None, 'executedCount': 2, 'wsState': 1} eval_ms=3 ram=15.3/31.2GB (49%) swap=0.7/32.0GB (2%) cpu=5% browser_rss=0.94GB
  [ComfyUI] [worker:ComfyUI-SAM3DObjects]
  [ComfyUI] === WATCHDOG TICK 2 ===
  [ComfyUI] [worker:ComfyUI-SAM3DObjects] Thread 0x0000784b63fdb640 (most recent call first):
  [ComfyUI]   File "/workspaces/SAM3DObjects-0430/ComfyUI/.ce/.pixi/envs/sam3dobjects-nodes/lib/python3.12/threading.py", line 359 in wait
  [ComfyUI]   File "/workspaces/SAM3DObjects-0430/ComfyUI/.ce/.pixi/envs/sam3dobjects-nodes/lib/python3.12/threading.py", line 655 in wait
  [ComfyUI]   File "/workspaces/SAM3DObjects-0430/ComfyUI/.ce/.pixi/envs/sam3dobjects-nodes/lib/python3.12/site-packages/tqdm/_monitor.py", line 60 in run
  [ComfyUI]   File "/workspaces/SAM3DObjects-0430/ComfyUI/.ce/.pixi/envs/sam3dobjects-nodes/lib/python3.12/threading.py", line 1075 in _bootstrap_inner
  [ComfyUI]   File "/workspaces/SAM3DObjects-0430/ComfyUI/.ce/.pixi/envs/sam3dobjects-nodes/lib/python3.12/threading.py", line 1032 in _bootstrap
  [ComfyUI] 
  [ComfyUI] Thread 0x0000784b903ff640 (most recent call first):
  [ComfyUI]   File "/workspaces/SAM3DObjects-0430/ComfyUI/.ce/.pixi/envs/sam3dobjects-nodes/lib/python3.12/socket.py", line 295 in accept
  [ComfyUI]   File "/workspaces/SAM3DObjects-0430/ComfyUI/.ce/.pixi/envs/sam3dobjects-nodes/lib/python3.12/multiprocessing/connection.py", line 626 in accept
  [ComfyUI]   File "/workspaces/SAM3DObjects-0430/ComfyUI/.ce/.pixi/envs/sam3dobjects-nodes/lib/python3.12/multiprocessing/connection.py", line 480 in accept
  [ComfyUI]   File "/workspaces/SAM3DObjects-0430/ComfyUI/.ce/.pixi/envs/sam3dobjects-nodes/lib/python3.12/multiprocessing/resource_sharer.py", line 138 in _serve
  [ComfyUI]   File "/workspaces/SAM3DObjects-0430/ComfyUI/.ce/.pixi/envs/sam3dobjects-nodes/lib/python3.12/threading.py", line 1012 in run
  [ComfyUI]   File "/workspaces/SAM3DObjects-0430/ComfyUI/.ce/.pixi/envs/sam3dobjects-nodes/lib/python3.12/threading.py", line 1075 in _bootstrap_inner
  [ComfyUI]   File "/workspaces/SAM3DObjects-0430/ComfyUI/.ce/.pixi/envs/sam3dobjects-nodes/lib/python3.12/threading.py", line 1032 in _bootstrap
  [ComfyUI] 
  [ComfyUI] Thread 0x0000784de3e74640 (most recent call first):
  [ComfyUI]   File "/tmp/comfyui_pvenv_7mfv1yoo/persistent_worker.py", line 106 in _vram_poller
  [ComfyUI]   File "/workspaces/SAM3DObjects-0430/ComfyUI/.ce/.pixi/envs/sam3dobjects-nodes/lib/python3.12/threading.py", line 1012 in run
  [ComfyUI]   File "/workspaces/SAM3DObjects-0430/ComfyUI/.ce/.pixi/envs/sam3dobjects-nodes/lib/python3.12/threading.py", line 1075 in _bootstrap_inner
  [ComfyUI]   File "/workspaces/SAM3DObjects-0430/ComfyUI/.ce/.pixi/envs/sam3dobjects-nodes/lib/python3.12/threading.py", line 1032 in _bootstrap
  [ComfyUI] 
  [ComfyUI] Current thread 0x0000784de4679640 (most recent call first):
  [ComfyUI]   File "/tmp/comfyui_pvenv_7mfv1yoo/persistent_worker.py", line 52 in _watchdog
  [ComfyUI]   File "/workspaces/SAM3DObjects-0430/ComfyUI/.ce/.pixi/envs/sam3dobjects-nodes/lib/python3.12/threading.py", line 1012 in run
  [ComfyUI]   File "/workspaces/SAM3DObjects-0430/ComfyUI/.ce/.pixi/envs/sam3dobjects-nodes/lib/python3.12/threading.py", line 1075 in _bootstrap_inner
  [ComfyUI]   File "/workspaces/SAM3DObjects-0430/ComfyUI/.ce/.pixi/envs/sam3dobjects-nodes/lib/python3.12/threading.py", line 1032 in _bootstrap
  [ComfyUI] 
  [ComfyUI] Thread 0x0000784de4c74740 (most recent call first):
  [ComfyUI]   File "/workspaces/SAM3DObjects-0430/ComfyUI/.ce/.pixi/envs/sam3dobjects-nodes/lib/python3.12/site-packages/numpy/_core/shape_base.py", line 465 in stack
  [ComfyUI]   File "/workspaces/SAM3DObjects-0430/ComfyUI/custom_nodes/ComfyUI-SAM3DObjects/nodes/sam3d/representations.py", line 463 in load_ply
  [ComfyUI]   File "/workspaces/SAM3DObjects-0430/ComfyUI/custom_nodes/ComfyUI-SAM3DObjects/nodes/utils/stages.py", line 1587 in run_texture_bake_direct
  [ComfyUI]   File "/workspaces/SAM3DObjects-0430/ComfyUI/custom_nodes/ComfyUI-SAM3DObjects/nodes/postprocess.py", line 115 in execute
  [ComfyUI]   File "/workspaces/SAM3DObjects-0430/ComfyUI/.ce/.pixi/envs/sam3dobjects-nodes/lib/python3.12/site-packages/torch/utils/_contextlib.py", line 124 in decorate_context
  [ComfyUI]   File "/workspaces/SAM3DObjects-0430/ComfyUI/comfy_api/latest/_io.py", line 1827 in EXECUTE_NORMALIZED
  [ComfyUI]   File "/tmp/comfyui_pvenv_7mfv1yoo/persistent_worker.py", line 1749 in main
  [ComfyUI]   File "/tmp/comfyui_pvenv_7mfv1yoo/persistent_worker.py", line 1794 in <module>
  [ComfyUI] 
  [ComfyUI] [worker:ComfyUI-SAM3DObjects] === END ===
  [ComfyUI] 
  [ComfyUI] 2026-05-08 04:44:03.961 | INFO     | nodes.sam3d.postprocessing:to_glb:911 - Baking texture ...
  [capture-loop] iter=950 t=118.4s state={'complete': False, 'error': None, 'executedCount': 2, 'wsState': 1} eval_ms=3 ram=15.4/31.2GB (50%) swap=0.7/32.0GB (2%) cpu=6% browser_rss=0.95GB
  [ComfyUI] [SubprocessWorker] got response: ok
  [ComfyUI] [comfy-env] SAM3DTextureBake done (13.22s): result: NodeOutput
  [ComfyUI] [VRAM] After SAM3DTextureBake: 791 / 24124 MB
  [ComfyUI] [VRAM] Loaded: SubprocessModel (0 MB), SubprocessModel (0 MB), SubprocessModel (0 MB), SubprocessModel (0 MB), SubprocessModel (0 MB), SubprocessModel (0 MB), SubprocessModel (0 MB), SubprocessModel (0 MB)
  [ComfyUI] Prompt executed in 121.38 seconds
  [ComfyUI] [comfy-env] [VRAM] Before offload 'ShortCut_3' (3677 MB) -> cpu: 791 / 24124 MB
  [ComfyUI] [ComfyUI-SAM3DObjects] Health check: ping (timeout=5.0s)...
  [ComfyUI] [ComfyUI-SAM3DObjects] Health check: ok
  [ComfyUI] [SubprocessWorker] call_id=26 sending model_to_device
  [ComfyUI] [comfy-env] [VRAM] After offload 'ShortCut_3' (3677 MB): 791 / 24124 MB
  [ComfyUI] [comfy-env] [VRAM] Before offload 'FlowMatching_6' (2290 MB) -> cpu: 791 / 24124 MB
  [ComfyUI] [ComfyUI-SAM3DObjects] Health check: ping (timeout=5.0s)...
  [ComfyUI] [ComfyUI-SAM3DObjects] Health check: ok
  [ComfyUI] [SubprocessWorker] call_id=27 sending model_to_device
  [ComfyUI] [comfy-env] [VRAM] After offload 'FlowMatching_6' (2290 MB): 791 / 24124 MB
  [ComfyUI] [comfy-env] [VRAM] Before offload 'EmbedderFuser_2' (1259 MB) -> cpu: 791 / 24124 MB
  [ComfyUI] [ComfyUI-SAM3DObjects] Health check: ping (timeout=5.0s)...
  [ComfyUI] [ComfyUI-SAM3DObjects] Health check: ok
  [ComfyUI] [SubprocessWorker] call_id=28 sending model_to_device
  [ComfyUI] [comfy-env] [VRAM] After offload 'EmbedderFuser_2' (1259 MB): 791 / 24124 MB
  [ComfyUI] [comfy-env] [VRAM] Before offload 'EmbedderFuser_5' (1227 MB) -> cpu: 791 / 24124 MB
  [ComfyUI] [ComfyUI-SAM3DObjects] Health check: ping (timeout=5.0s)...
  [ComfyUI] [ComfyUI-SAM3DObjects] Health check: ok
  [ComfyUI] [SubprocessWorker] call_id=29 sending model_to_device
  [ComfyUI] [comfy-env] [VRAM] After offload 'EmbedderFuser_5' (1227 MB): 791 / 24124 MB
  [ComfyUI] [comfy-env] [VRAM] Before offload 'MoGeModelV1_1' (599 MB) -> cpu: 791 / 24124 MB
  [ComfyUI] [ComfyUI-SAM3DObjects] Health check: ping (timeout=5.0s)...
  [ComfyUI] [ComfyUI-SAM3DObjects] Health check: ok
  [ComfyUI] [SubprocessWorker] call_id=30 sending model_to_device
  [ComfyUI] [comfy-env] [VRAM] After offload 'MoGeModelV1_1' (599 MB): 791 / 24124 MB
  [ComfyUI] [comfy-env] [VRAM] Before offload 'SLatMeshDecoderTdfyWrapper_8' (173 MB) -> cpu: 791 / 24124 MB
  [ComfyUI] [ComfyUI-SAM3DObjects] Health check: ping (timeout=5.0s)...
  [ComfyUI] [ComfyUI-SAM3DObjects] Health check: ok
  [ComfyUI] [SubprocessWorker] call_id=31 sending model_to_device
  [ComfyUI] [comfy-env] [VRAM] After offload 'SLatMeshDecoderTdfyWrapper_8' (173 MB): 791 / 24124 MB
  [ComfyUI] [comfy-env] [VRAM] Before offload 'SLatGaussianDecoderTdfyWrapper_7' (162 MB) -> cpu: 791 / 24124 MB
  [ComfyUI] [ComfyUI-SAM3DObjects] Health check: ping (timeout=5.0s)...
  [ComfyUI] [ComfyUI-SAM3DObjects] Health check: ok
  [ComfyUI] [SubprocessWorker] call_id=32 sending model_to_device
  [ComfyUI] [comfy-env] [VRAM] After offload 'SLatGaussianDecoderTdfyWrapper_7' (162 MB): 791 / 24124 MB
  [ComfyUI] [comfy-env] [VRAM] Before offload 'SparseStructureDecoderTdfyWrapper_4' (140 MB) -> cpu: 791 / 24124 MB
  [ComfyUI] [ComfyUI-SAM3DObjects] Health check: ping (timeout=5.0s)...
  [ComfyUI] [ComfyUI-SAM3DObjects] Health check: ok
  [ComfyUI] [SubprocessWorker] call_id=33 sending model_to_device
  [ComfyUI] [comfy-env] [VRAM] After offload 'SparseStructureDecoderTdfyWrapper_4' (140 MB): 791 / 24124 MB
  Node executed (3 total), capturing...
  Frame 22 saved (frame_021.jpg, t=122.2s)
  [capture-node] freeze=75ms shot=625ms unfreeze=0ms saved=True
  Execution complete (t=122.1s)
  [3d-wait] Phase 1: Waiting for 'Loading 3D Model' text to disappear...
  [3d-wait] Phase 1 exception after 60.0s: Page.wait_for_function: Timeout 60000ms exceeded.
  [3d-wait] Phase 2: iframes=1
  [3d-wait] iframe viewer_ready=True (matched 1 console logs)
  [3d-wait] Unfrozen in 0.004s, rendering for 5s...
  [3d-wait] JS halted via CDP after 5.0s
  [3d-wait] Re-frozen in 6.0s
  [3d-wait] Total 3D wait: 66.1s
  Captured 22 unique frames over 189.03s
  [debug] iframes: 1
  [debug]   iframe[0]: src=http://127.0.0.1:41895/extensions/ComfyUI-SAM3DObjects/viewer_vtk.html?v=1778215, canvas=486x405, rafFrozen=True
  [timing] trigger_3d_previews: 0.0s
  Saved high-quality screenshot: full_generation_executed.png
  [timing] final_screenshot: 0.6s
    Captured 23 video frames