Capturing execution frames: gaussian_generation.json
  Frame 1 saved (frame_000.jpg, t=0.0s)
  Validating workflow...
  [ComfyUI] === /validate endpoint called ===
  Queuing workflow for execution...
  [ComfyUI] Received JSON with keys: ['prompt']
  [ComfyUI] Prompt has 8 nodes
  [ComfyUI]   Node 4: LoadImage
  [ComfyUI]     Inputs: {"image": "elephant.png"}
  [ComfyUI]   Node 28: InvertMask
  [ComfyUI]     Inputs: {"mask": ["4", 1]}
  [ComfyUI]   Node 53: MaskPreview
  [ComfyUI]     Inputs: {"mask": ["28", 0]}
  [ComfyUI]   Node 59: SAM3D_DepthEstimate
  [ComfyUI]     Inputs: {"depth_model": ["60", 0], "image": ["4", 0]}
  [ComfyUI]   Node 60: LoadSAM3DModel
  [ComfyUI]     Inputs: {"attn_backend": "flash_attn", "compile": false, "precision": "auto"}
  [ComfyUI]   Node 61: SAM3DGenerateSLAT
  [ComfyUI]     Inputs: {"seed": 42, "stage1_steps": 12, "stage1_cfg": 7.5, "stage1_cfg_pm": 0, "stage2_steps": 12, "stage2_cfg": 5, "use_distillation": false, "generator": ["60", 1], "image": ["4", 0], "mask": ["28", 0], "p
  [ComfyUI]   Node 62: SAM3D_PreviewPointCloud
  [ComfyUI]     Inputs: {"file_path": ["63", 0], "preview_vtk": ""}
  [ComfyUI]   Node 63: SAM3DGaussianDecode
  [ComfyUI]     Inputs: {"up_axis": "Y-up (standard)", "world_coordinates": false, "slat_decoder_gs": ["60", 2], "slat": ["61", 0]}
  [ComfyUI] Generated prompt_id: 15073a73-342a-41c2-81ed-e3f033149cfa
  [ComfyUI] Calling execution.validate_prompt()...
  [ComfyUI] Validation result: valid=True
  [ComfyUI] === Validation PASSED ===
  [ComfyUI] got prompt
  [ComfyUI] [comfy-env] Running LoadSAM3DModel: attn_backend: 'flash_attn', compile: False, precision: 'auto'
  [ComfyUI] [VRAM] Before LoadSAM3DModel: 1590 / 24124 MB
  [ComfyUI] [ComfyUI-SAM3DObjects] python: /tmp/comfytest-home/.ce/.pixi/envs/sam3dobjects-nodes/bin/python
  [ComfyUI] [SubprocessWorker] call_method: nodes.load_model.LoadSAM3DModel.EXECUTE_NORMALIZED
  [ComfyUI] [ComfyUI-SAM3DObjects] sys_path sent to worker: ['/workspaces/SAM3DObjects-2147/ComfyUI', '/workspaces/SAM3DObjects-2147/ComfyUI/custom_nodes/ComfyUI-SAM3DObjects', '/tmp/comfytest-home/.ce/.pixi/envs/sam3dobjects-nodes/lib/python3.12/site-packages', '/workspaces/SAM3DObjects-2147/ComfyUI/custom_nodes/ComfyUI-SAM3DObjects']
  [ComfyUI] [SubprocessWorker] acquired lock, ensuring started...
  [ComfyUI] [SubprocessWorker] is_pixi=True, python=/tmp/comfytest-home/.ce/.pixi/envs/sam3dobjects-nodes/bin/python
  [ComfyUI] [ComfyUI-SAM3DObjects] Health check: ping (timeout=5.0s)...
  [ComfyUI] [SubprocessWorker] launching cmd=['/tmp/comfytest-home/.pixi/bin/pixi', 'run', '--as-is', '--manifest-path', '/tmp/comfytest-home/.ce/pixi.toml', '-e', 'sam3dobjects-nodes', 'python', '/tmp/comfyui_pvenv_71ykybs_/persistent_worker.py', 'abstract://comfy_worker_92fc7187f7d6']...
  [ComfyUI] [ComfyUI-SAM3DObjects] Health check: failed
  [ComfyUI] [SubprocessWorker] socket_addr=abstract://comfy_worker_92fc7187f7d6 (abstract, no filesystem path)
  [ComfyUI] [ComfyUI-SAM3DObjects] Socket unhealthy, restarting worker...
  [ComfyUI] [comfy-env] Invalidated 8 stale model patchers (will be cleaned up during next unload)
  Node executed (1 total), capturing...
  Frame 2 saved (frame_001.jpg, t=0.9s)
  [capture-node] freeze=4ms shot=227ms unfreeze=3ms saved=True
  [ComfyUI] [worker:ComfyUI-SAM3DObjects] ERROR: Failed to import comfy_kitchen, Error: No module named 'comfy_kitchen', fp8 and fp4 support will not be available.
  [ComfyUI] [SubprocessWorker] worker started/confirmed
  [ComfyUI] [SubprocessWorker] serializing kwargs to shm...
  [ComfyUI] [SubprocessWorker] created 0 shm blocks
  [ComfyUI] [SubprocessWorker] sending request via socket...
  [ComfyUI] [SubprocessWorker] call_id=34 sending call_method
  [ComfyUI] [SubprocessWorker] got response: ok
  [ComfyUI] [comfy-env] [VRAM] Before offload 'SLatMeshDecoderTdfyWrapper_8' (173 MB) -> cpu: 1375 / 24124 MB
  [ComfyUI] [ComfyUI-SAM3DObjects] Health check: ping (timeout=5.0s)...
  [ComfyUI] [ComfyUI-SAM3DObjects] Health check: ok
  [ComfyUI] [SubprocessWorker] call_id=35 sending model_to_device
  [ComfyUI] Model 'SLatMeshDecoderTdfyWrapper_8' gone from worker (restarted?), treating as offloaded
  [ComfyUI] [comfy-env] [VRAM] After offload 'SLatMeshDecoderTdfyWrapper_8' (173 MB): 1375 / 24124 MB
  [ComfyUI] [comfy-env] [VRAM] Before offload 'SLatGaussianDecoderTdfyWrapper_7' (162 MB) -> cpu: 1375 / 24124 MB
  [ComfyUI] [ComfyUI-SAM3DObjects] Health check: ping (timeout=5.0s)...
  [ComfyUI] [ComfyUI-SAM3DObjects] Health check: ok
  [ComfyUI] [SubprocessWorker] call_id=36 sending model_to_device
  [ComfyUI] Model 'SLatGaussianDecoderTdfyWrapper_7' gone from worker (restarted?), treating as offloaded
  [ComfyUI] [comfy-env] [VRAM] After offload 'SLatGaussianDecoderTdfyWrapper_7' (162 MB): 1375 / 24124 MB
  [ComfyUI] [comfy-env] [VRAM] Before offload 'FlowMatching_6' (2290 MB) -> cpu: 1375 / 24124 MB
  [ComfyUI] [ComfyUI-SAM3DObjects] Health check: ping (timeout=5.0s)...
  [ComfyUI] [ComfyUI-SAM3DObjects] Health check: ok
  [ComfyUI] [SubprocessWorker] call_id=37 sending model_to_device
  [ComfyUI] Model 'FlowMatching_6' gone from worker (restarted?), treating as offloaded
  [ComfyUI] [comfy-env] [VRAM] After offload 'FlowMatching_6' (2290 MB): 1375 / 24124 MB
  [ComfyUI] [comfy-env] [VRAM] Before offload 'EmbedderFuser_5' (1227 MB) -> cpu: 1375 / 24124 MB
  [ComfyUI] [ComfyUI-SAM3DObjects] Health check: ping (timeout=5.0s)...
  [ComfyUI] [ComfyUI-SAM3DObjects] Health check: ok
  [ComfyUI] [SubprocessWorker] call_id=38 sending model_to_device
  [ComfyUI] Model 'EmbedderFuser_5' gone from worker (restarted?), treating as offloaded
  [ComfyUI] [comfy-env] [VRAM] After offload 'EmbedderFuser_5' (1227 MB): 1375 / 24124 MB
  [ComfyUI] [comfy-env] [VRAM] Before offload 'SparseStructureDecoderTdfyWrapper_4' (140 MB) -> cpu: 1375 / 24124 MB
  [ComfyUI] [ComfyUI-SAM3DObjects] Health check: ping (timeout=5.0s)...
  [ComfyUI] [ComfyUI-SAM3DObjects] Health check: ok
  [ComfyUI] [SubprocessWorker] call_id=39 sending model_to_device
  [ComfyUI] Model 'SparseStructureDecoderTdfyWrapper_4' gone from worker (restarted?), treating as offloaded
  [ComfyUI] [comfy-env] [VRAM] After offload 'SparseStructureDecoderTdfyWrapper_4' (140 MB): 1375 / 24124 MB
  [ComfyUI] [comfy-env] [VRAM] Before offload 'ShortCut_3' (3677 MB) -> cpu: 1375 / 24124 MB
  [ComfyUI] [ComfyUI-SAM3DObjects] Health check: ping (timeout=5.0s)...
  [ComfyUI] [ComfyUI-SAM3DObjects] Health check: ok
  [ComfyUI] [SubprocessWorker] call_id=40 sending model_to_device
  [ComfyUI] Model 'ShortCut_3' gone from worker (restarted?), treating as offloaded
  [ComfyUI] [comfy-env] [VRAM] After offload 'ShortCut_3' (3677 MB): 1375 / 24124 MB
  [ComfyUI] [comfy-env] [VRAM] Before offload 'EmbedderFuser_2' (1259 MB) -> cpu: 1375 / 24124 MB
  [ComfyUI] [ComfyUI-SAM3DObjects] Health check: ping (timeout=5.0s)...
  [ComfyUI] [ComfyUI-SAM3DObjects] Health check: ok
  [ComfyUI] [SubprocessWorker] call_id=41 sending model_to_device
  [ComfyUI] Model 'EmbedderFuser_2' gone from worker (restarted?), treating as offloaded
  [ComfyUI] [comfy-env] [VRAM] After offload 'EmbedderFuser_2' (1259 MB): 1375 / 24124 MB
  [ComfyUI] [comfy-env] [VRAM] Before offload 'MoGeModelV1_1' (599 MB) -> cpu: 1375 / 24124 MB
  [ComfyUI] [ComfyUI-SAM3DObjects] Health check: ping (timeout=5.0s)...
  [ComfyUI] [ComfyUI-SAM3DObjects] Health check: ok
  [ComfyUI] [SubprocessWorker] call_id=42 sending model_to_device
  [ComfyUI] Model 'MoGeModelV1_1' gone from worker (restarted?), treating as offloaded
  [ComfyUI] [comfy-env] [VRAM] After offload 'MoGeModelV1_1' (599 MB): 1375 / 24124 MB
  [ComfyUI] [comfy-env] LoadSAM3DModel done (3.74s): result: NodeOutput
  [ComfyUI] [VRAM] After LoadSAM3DModel: 1375 / 24124 MB
  [ComfyUI] [comfy-env] Running SAM3D_DepthEstimate: depth_model: dict, image: torch.float32 [1,1062,1600,3] cpu
  [ComfyUI] [VRAM] Before SAM3D_DepthEstimate: 1375 / 24124 MB
  [ComfyUI] [SubprocessWorker] call_method: nodes.depth_estimate.SAM3D_DepthEstimate.EXECUTE_NORMALIZED
  [ComfyUI] [SubprocessWorker] acquired lock, ensuring started...
  [ComfyUI] [ComfyUI-SAM3DObjects] Health check: ping (timeout=5.0s)...
  [ComfyUI] [ComfyUI-SAM3DObjects] Health check: ok
  [ComfyUI] [SubprocessWorker] worker started/confirmed
  [ComfyUI] [comfy-env] PRE-SERIALIZE 'image' shape: torch.Size([1, 1062, 1600, 3])
  [ComfyUI] [SubprocessWorker] serializing kwargs to shm...
  [ComfyUI] [SubprocessWorker] created 0 shm blocks
  [ComfyUI] [SubprocessWorker] sending request via socket...
  [ComfyUI] [SubprocessWorker] call_id=43 sending call_method
  [ComfyUI] [worker:ComfyUI-SAM3DObjects] [comfy-env] _from_shm got dict with keys: ['__type__', 'strategy', 'parent_pid', 'fd', 'storage_size']
  [ComfyUI] [worker:ComfyUI-SAM3DObjects] [comfy-env] DESERIALIZE TensorRef: tensor_size=[1, 1062, 1600, 3]
  [ComfyUI] [worker:ComfyUI-SAM3DObjects] [comfy-env] DESERIALIZED tensor shape: torch.Size([1, 1062, 1600, 3])
  [ComfyUI] [worker:ComfyUI-SAM3DObjects] WARNING: No comfy kitchen, using old apply_rope functions.
  Frame 3 saved (frame_002.jpg, t=5.5s)
  [capture-periodic] freeze=3ms shot=248ms unfreeze=4ms saved=True
  [capture-loop] iter=50 t=6.8s state={'complete': False, 'error': None, 'executedCount': 1, 'wsState': 1} eval_ms=3 ram=8.8/31.2GB (28%) swap=2.7/32.0GB (8%) cpu=7% browser_rss=0.72GB
  [ComfyUI] [worker:ComfyUI-SAM3DObjects] [VRAM] DepthEstimate: start: torch=0MiB alloc, 0MiB reserved | gpu=1369MiB/24124MiB used
  [ComfyUI] [worker:ComfyUI-SAM3DObjects] [VRAM] DepthEstimate: before MoGe from_pretrained: torch=0MiB alloc, 0MiB reserved | gpu=1369MiB/24124MiB used
  [ComfyUI] /workspaces/SAM3DObjects-2147/ComfyUI/custom_nodes/ComfyUI-SAM3DObjects/nodes/sam3d/moge.py:1012: UserWarning: Deprecated arguments ignored: {'output_mask': True, 'split_head': True}
  [ComfyUI]   warnings.warn(f"Deprecated arguments ignored: {deprecated_kwargs}")
  [ComfyUI] [worker:ComfyUI-SAM3DObjects] [VRAM] DepthEstimate: after MoGe from_pretrained: torch=0MiB alloc, 0MiB reserved | gpu=1369MiB/24124MiB used
  [ComfyUI] [worker:ComfyUI-SAM3DObjects] [VRAM] DepthEstimate: before load_models_gpu: torch=0MiB alloc, 0MiB reserved | gpu=1369MiB/24124MiB used
  [ComfyUI] [SubprocessWorker] callback 'request_vram_budget' from call_id=43
  [ComfyUI] [comfy-env] VRAM request: 0.63GB, free before eviction: 23.86GB
  [ComfyUI] [comfy-env] VRAM after eviction: 23.86GB
  [ComfyUI] [worker:ComfyUI-SAM3DObjects] [VRAM] +596MB (now 596MB) reserved=608MB peak=596MB
  [ComfyUI] [worker:ComfyUI-SAM3DObjects] [VRAM] DepthEstimate: after load_models_gpu: torch=599MiB alloc, 608MiB reserved | gpu=1997MiB/24124MiB used
  [capture-loop] iter=100 t=12.9s state={'complete': False, 'error': None, 'executedCount': 1, 'wsState': 1} eval_ms=3 ram=9.7/31.2GB (31%) swap=2.7/32.0GB (8%) cpu=11% browser_rss=0.71GB
  [ComfyUI] [SubprocessWorker] callback 'report_progress' from call_id=43
  [ComfyUI] [worker:ComfyUI-SAM3DObjects] [VRAM] DepthEstimate: before MoGe inference: torch=599MiB alloc, 608MiB reserved | gpu=1973MiB/24124MiB used
  Frame 4 saved (frame_003.jpg, t=14.7s)
  [capture-periodic] freeze=4ms shot=209ms unfreeze=6ms saved=True
  [ComfyUI] [worker:ComfyUI-SAM3DObjects] [VRAM] DepthEstimate: after MoGe inference: torch=642MiB alloc, 1088MiB reserved | gpu=2525MiB/24124MiB used
  [ComfyUI] [worker:ComfyUI-SAM3DObjects] [VRAM] -220MB (now 376MB) reserved=704MB peak=712MB
  [ComfyUI] [worker:ComfyUI-SAM3DObjects] [VRAM] DepthEstimate: after cleanup: torch=43MiB alloc, 96MiB reserved | gpu=1532MiB/24124MiB used
  [ComfyUI] [SubprocessWorker] callback 'report_progress' from call_id=43
  [ComfyUI] [SubprocessWorker] callback 'report_progress' from call_id=43
  [ComfyUI] [worker:ComfyUI-SAM3DObjects] [VRAM] -315MB (now 62MB) reserved=192MB peak=712MB
  [capture-loop] iter=150 t=18.7s state={'complete': False, 'error': None, 'executedCount': 1, 'wsState': 1} eval_ms=3 ram=9.9/31.2GB (32%) swap=2.7/32.0GB (8%) cpu=9% browser_rss=0.71GB
  [ComfyUI] [SubprocessWorker] callback 'report_progress' from call_id=43
  [ComfyUI] [worker:ComfyUI-SAM3DObjects] [VRAM] DepthEstimate: done: torch=62MiB alloc, 192MiB reserved | gpu=1624MiB/24124MiB used
  [ComfyUI] [SubprocessWorker] got response: ok
  [ComfyUI] [comfy-env] Created 1 model patchers: ['MoGeModelV1_1']
  [ComfyUI] [comfy-env] SAM3D_DepthEstimate done (14.54s): result: NodeOutput
  [ComfyUI] [VRAM] After SAM3D_DepthEstimate: 1624 / 24124 MB
  [ComfyUI] [VRAM] Loaded: SubprocessModel (0 MB)
  [ComfyUI] [comfy-env] Running SAM3DGenerateSLAT: seed: 42, stage1_steps: 12, stage1_cfg: 7.5, stage1_cfg_pm: 0.0, stage2_steps: 12, stage2_cfg: 5.0, use_distillation: False, generator: dict, image: torch.float32 [1,1062,1600,3] cpu, mask: torch.float32 [1,1062,1600] cpu, pointmap: torch.float32 [1062,1600,3] cpu
  [ComfyUI] [VRAM] Before SAM3DGenerateSLAT: 1624 / 24124 MB
  [ComfyUI] [VRAM] Loaded: SubprocessModel (0 MB)
  [ComfyUI] [SubprocessWorker] call_method: nodes.generate_slat.SAM3DGenerateSLAT.EXECUTE_NORMALIZED
  [ComfyUI] [SubprocessWorker] acquired lock, ensuring started...
  [ComfyUI] [ComfyUI-SAM3DObjects] Health check: ping (timeout=5.0s)...
  [ComfyUI] [ComfyUI-SAM3DObjects] Health check: ok
  [ComfyUI] [SubprocessWorker] worker started/confirmed
  [ComfyUI] [comfy-env] PRE-SERIALIZE 'image' shape: torch.Size([1, 1062, 1600, 3])
  [ComfyUI] [comfy-env] PRE-SERIALIZE 'mask' shape: torch.Size([1, 1062, 1600])
  [ComfyUI] [comfy-env] PRE-SERIALIZE 'pointmap' shape: torch.Size([1062, 1600, 3])
  [ComfyUI] [SubprocessWorker] serializing kwargs to shm...
  [ComfyUI] [SubprocessWorker] created 0 shm blocks
  [ComfyUI] [SubprocessWorker] sending request via socket...
  [ComfyUI] [SubprocessWorker] call_id=44 sending call_method
  [ComfyUI] [worker:ComfyUI-SAM3DObjects] [comfy-env] _from_shm got dict with keys: ['__type__', 'strategy', 'parent_pid', 'fd', 'storage_size']
  [ComfyUI] [worker:ComfyUI-SAM3DObjects] [comfy-env] DESERIALIZE TensorRef: tensor_size=[1, 1062, 1600, 3]
  [ComfyUI] [worker:ComfyUI-SAM3DObjects] [comfy-env] DESERIALIZED tensor shape: torch.Size([1, 1062, 1600, 3])
  [ComfyUI] [worker:ComfyUI-SAM3DObjects] [comfy-env] _from_shm got dict with keys: ['__type__', 'strategy', 'parent_pid', 'fd', 'storage_size']
  [ComfyUI] [worker:ComfyUI-SAM3DObjects] [comfy-env] DESERIALIZE TensorRef: tensor_size=[1, 1062, 1600]
  [ComfyUI] [worker:ComfyUI-SAM3DObjects] [comfy-env] DESERIALIZED tensor shape: torch.Size([1, 1062, 1600])
  [ComfyUI] [worker:ComfyUI-SAM3DObjects] [comfy-env] _from_shm got dict with keys: ['__type__', 'strategy', 'parent_pid', 'fd', 'storage_size']
  [ComfyUI] [worker:ComfyUI-SAM3DObjects] [comfy-env] DESERIALIZE TensorRef: tensor_size=[1062, 1600, 3]
  [ComfyUI] [worker:ComfyUI-SAM3DObjects] [comfy-env] DESERIALIZED tensor shape: torch.Size([1062, 1600, 3])
  [ComfyUI] [worker:ComfyUI-SAM3DObjects] [VRAM] GenerateSLAT: start: torch=9MiB alloc, 192MiB reserved | gpu=1624MiB/24124MiB used
  [ComfyUI] 2026-05-18 22:03:11.231 | WARNING  | nodes.sam3d.transforms:__post_init__:1359 - No rgb pointmap normalizer provided, using scale + shift
  [ComfyUI] [worker:ComfyUI-SAM3DObjects] [VRAM] _load_condition_embedder(ss): before build: torch=42MiB alloc, 224MiB reserved | gpu=1692MiB/24124MiB used
  Frame 5 saved (frame_004.jpg, t=19.3s)
  [capture-periodic] freeze=3ms shot=224ms unfreeze=6ms saved=True
  [capture-loop] iter=200 t=24.9s state={'complete': False, 'error': None, 'executedCount': 1, 'wsState': 1} eval_ms=4 ram=11.7/31.2GB (38%) swap=2.7/32.0GB (8%) cpu=11% browser_rss=0.62GB
  [ComfyUI] [worker:ComfyUI-SAM3DObjects] [VRAM] _load_condition_embedder(ss): after load_state_dict: torch=42MiB alloc, 224MiB reserved | gpu=1693MiB/24124MiB used
  [ComfyUI] [SubprocessWorker] callback 'request_vram_budget' from call_id=44
  [ComfyUI] [comfy-env] VRAM request: 2.54GB, free before eviction: 23.66GB
  [ComfyUI] [comfy-env] VRAM after eviction: 23.66GB
  [ComfyUI] [worker:ComfyUI-SAM3DObjects] [VRAM] +220MB (now 283MB) reserved=320MB peak=712MB
  [ComfyUI] [worker:ComfyUI-SAM3DObjects] [VRAM] Stage1: before embedding: torch=1302MiB alloc, 1312MiB reserved | gpu=2773MiB/24124MiB used
  [ComfyUI] [worker:ComfyUI-SAM3DObjects] [VRAM] +1944MB (now 2228MB) reserved=2304MB peak=2228MB
  [ComfyUI] [worker:ComfyUI-SAM3DObjects] [VRAM] Stage1: after embedding: torch=1331MiB alloc, 2432MiB reserved | gpu=3916MiB/24124MiB used
  [ComfyUI] [worker:ComfyUI-SAM3DObjects] [VRAM] Stage1: after embedder unload: torch=72MiB alloc, 160MiB reserved | gpu=1634MiB/24124MiB used
  [ComfyUI] [worker:ComfyUI-SAM3DObjects] [VRAM] _load_generator(ss): before build: torch=72MiB alloc, 160MiB reserved | gpu=1634MiB/24124MiB used
  [ComfyUI] [worker:ComfyUI-SAM3DObjects] [VRAM] _load_generator(ss): after load_state_dict: torch=72MiB alloc, 160MiB reserved | gpu=1634MiB/24124MiB used
  [ComfyUI] [SubprocessWorker] callback 'request_vram_budget' from call_id=44
  [ComfyUI] [comfy-env] VRAM request: 3.86GB, free before eviction: 23.58GB
  [ComfyUI] [comfy-env] VRAM after eviction: 23.58GB
  [ComfyUI] [worker:ComfyUI-SAM3DObjects] [VRAM] -1388MB (now 841MB) reserved=928MB peak=2228MB
  [capture-loop] iter=250 t=30.8s state={'complete': False, 'error': None, 'executedCount': 1, 'wsState': 1} eval_ms=4 ram=12.0/31.2GB (39%) swap=2.6/32.0GB (8%) cpu=8% browser_rss=0.61GB
  [ComfyUI] [worker:ComfyUI-SAM3DObjects] [VRAM] +1633MB (now 2474MB) reserved=2528MB peak=2474MB
  [ComfyUI] [worker:ComfyUI-SAM3DObjects] [VRAM] +1276MB (now 3750MB) reserved=3776MB peak=3750MB
  [ComfyUI] [worker:ComfyUI-SAM3DObjects] [VRAM] _load_decoder(ss): before instantiate: torch=3750MiB alloc, 3776MiB reserved | gpu=5250MiB/24124MiB used
  [ComfyUI] [worker:ComfyUI-SAM3DObjects] [VRAM] _load_decoder(ss): after load_state_dict: torch=3750MiB alloc, 3776MiB reserved | gpu=5250MiB/24124MiB used
  [ComfyUI] [SubprocessWorker] callback 'request_vram_budget' from call_id=44
  [ComfyUI] [comfy-env] VRAM request: 0.15GB, free before eviction: 19.79GB
  [ComfyUI] [comfy-env] VRAM after eviction: 19.79GB
  [ComfyUI] [worker:ComfyUI-SAM3DObjects] [VRAM] Stage1: before inference: torch=3890MiB alloc, 3904MiB reserved | gpu=5378MiB/24124MiB used
  [ComfyUI] [worker:ComfyUI-SAM3DObjects] [DTYPE_DBG] _generate_noise_tensor: _compute_dtype=torch.bfloat16 shape=(1, 1, 6) device=cuda:0
  [ComfyUI] [worker:ComfyUI-SAM3DObjects] [DTYPE_DBG] _generate_noise_tensor: _compute_dtype=torch.bfloat16 shape=(1, 1, 3) device=cuda:0
  [ComfyUI] [worker:ComfyUI-SAM3DObjects] [DTYPE_DBG] _generate_noise_tensor: _compute_dtype=torch.bfloat16 shape=(1, 4096, 8) device=cuda:0
  [ComfyUI] [worker:ComfyUI-SAM3DObjects] [DTYPE_DBG] _generate_noise_tensor: _compute_dtype=torch.bfloat16 shape=(1, 1, 3) device=cuda:0
  [ComfyUI] [worker:ComfyUI-SAM3DObjects] [DTYPE_DBG] _generate_noise_tensor: _compute_dtype=torch.bfloat16 shape=(1, 1, 1) device=cuda:0
  [ComfyUI] [worker:ComfyUI-SAM3DObjects] [VRAM] +311MB (now 4061MB) reserved=4256MB peak=4101MB
  [ComfyUI] [SubprocessWorker] callback 'report_progress' from call_id=44
  Frame 6 saved (frame_005.jpg, t=33.1s)
  [capture-periodic] freeze=3ms shot=227ms unfreeze=3ms saved=True
  [ComfyUI] [SubprocessWorker] callback 'report_progress' from call_id=44
  [ComfyUI] [SubprocessWorker] callback 'report_progress' from call_id=44
  [ComfyUI] [SubprocessWorker] callback 'report_progress' from call_id=44
  Frame 7 saved (frame_006.jpg, t=35.5s)
  [capture-periodic] freeze=4ms shot=221ms unfreeze=8ms saved=True
  [ComfyUI] [SubprocessWorker] callback 'report_progress' from call_id=44
  [ComfyUI] [SubprocessWorker] callback 'report_progress' from call_id=44
  [capture-loop] iter=300 t=37.1s state={'complete': False, 'error': None, 'executedCount': 1, 'wsState': 1} eval_ms=4 ram=11.8/31.2GB (38%) swap=2.7/32.0GB (8%) cpu=12% browser_rss=0.62GB
  [ComfyUI] [SubprocessWorker] callback 'report_progress' from call_id=44
  Frame 8 saved (frame_007.jpg, t=37.8s)
  [capture-periodic] freeze=3ms shot=198ms unfreeze=8ms saved=True
  [ComfyUI] [SubprocessWorker] callback 'report_progress' from call_id=44
  [ComfyUI] [SubprocessWorker] callback 'report_progress' from call_id=44
  [ComfyUI] [SubprocessWorker] callback 'report_progress' from call_id=44
  [ComfyUI] [SubprocessWorker] callback 'report_progress' from call_id=44
  Frame 9 saved (frame_008.jpg, t=40.1s)
  [capture-periodic] freeze=3ms shot=193ms unfreeze=7ms saved=True
  [ComfyUI] [SubprocessWorker] callback 'report_progress' from call_id=44
  [ComfyUI] [worker:ComfyUI-SAM3DObjects] [VRAM] Stage1: after inference: torch=3906MiB alloc, 4384MiB reserved | gpu=5856MiB/24124MiB used
  [ComfyUI] [worker:ComfyUI-SAM3DObjects] [VRAM] -674MB (now 3388MB) reserved=4384MB peak=4120MB
  [ComfyUI] [worker:ComfyUI-SAM3DObjects] [VRAM] -1818MB (now 1570MB) reserved=4384MB peak=4120MB
  Frame 10 saved (frame_009.jpg, t=42.5s)
  [capture-periodic] freeze=3ms shot=260ms unfreeze=15ms saved=True
  [capture-loop] iter=350 t=43.5s state={'complete': False, 'error': None, 'executedCount': 1, 'wsState': 1} eval_ms=4 ram=14.3/31.2GB (46%) swap=2.7/32.0GB (8%) cpu=10% browser_rss=0.63GB
  [ComfyUI] [worker:ComfyUI-SAM3DObjects] [VRAM] Stage1: after model cleanup: torch=88MiB alloc, 256MiB reserved | gpu=1718MiB/24124MiB used
  [ComfyUI] [worker:ComfyUI-SAM3DObjects] [VRAM] -1342MB (now 228MB) reserved=384MB peak=4120MB
  [ComfyUI] 2026-05-18 22:03:36.985 | WARNING  | nodes.sam3d.transforms:__post_init__:1359 - No rgb pointmap normalizer provided, using scale + shift
  [ComfyUI] [worker:ComfyUI-SAM3DObjects] [VRAM] _load_condition_embedder(slat): before build: torch=37MiB alloc, 256MiB reserved | gpu=1729MiB/24124MiB used
  [capture-loop] iter=400 t=50.1s state={'complete': False, 'error': None, 'executedCount': 1, 'wsState': 1} eval_ms=4 ram=16.2/31.2GB (52%) swap=2.7/32.0GB (8%) cpu=8% browser_rss=0.63GB
  [ComfyUI] [worker:ComfyUI-SAM3DObjects] [VRAM] _load_condition_embedder(slat): after load_state_dict: torch=37MiB alloc, 256MiB reserved | gpu=1732MiB/24124MiB used
  [ComfyUI] [SubprocessWorker] callback 'request_vram_budget' from call_id=44
  [ComfyUI] [comfy-env] VRAM request: 2.50GB, free before eviction: 23.58GB
  [ComfyUI] [comfy-env] VRAM after eviction: 23.58GB
  [ComfyUI] [worker:ComfyUI-SAM3DObjects] [VRAM] +256MB (now 485MB) reserved=576MB peak=4120MB
  [ComfyUI] [worker:ComfyUI-SAM3DObjects] [VRAM] Stage2: before embedding: torch=1264MiB alloc, 1344MiB reserved | gpu=2820MiB/24124MiB used
  [ComfyUI] [worker:ComfyUI-SAM3DObjects] [VRAM] Stage2: after embedding: torch=1275MiB alloc, 1440MiB reserved | gpu=2916MiB/24124MiB used
  [ComfyUI] [worker:ComfyUI-SAM3DObjects] [VRAM] +530MB (now 1016MB) reserved=1440MB peak=4120MB
  [ComfyUI] [worker:ComfyUI-SAM3DObjects] [VRAM] Stage2: after embedder unload: torch=48MiB alloc, 224MiB reserved | gpu=1707MiB/24124MiB used
  [ComfyUI] [worker:ComfyUI-SAM3DObjects] [VRAM] _load_generator(slat): before build: torch=48MiB alloc, 224MiB reserved | gpu=1707MiB/24124MiB used
  [capture-loop] iter=450 t=55.9s state={'complete': False, 'error': None, 'executedCount': 1, 'wsState': 1} eval_ms=4 ram=16.5/31.2GB (53%) swap=2.7/32.0GB (8%) cpu=9% browser_rss=0.62GB
  [ComfyUI] [worker:ComfyUI-SAM3DObjects] [VRAM] -969MB (now 48MB) reserved=224MB peak=4120MB
  [ComfyUI] [worker:ComfyUI-SAM3DObjects]
  [ComfyUI] === WATCHDOG TICK 1 ===
  [ComfyUI] [worker:ComfyUI-SAM3DObjects] Thread 0x00007269f8f04640 (most recent call first):
  [ComfyUI]   File "/tmp/comfytest-home/.ce/.pixi/envs/sam3dobjects-nodes/lib/python3.12/socket.py", line 295 in accept
  [ComfyUI]   File "/tmp/comfytest-home/.ce/.pixi/envs/sam3dobjects-nodes/lib/python3.12/multiprocessing/connection.py", line 626 in accept
  [ComfyUI]   File "/tmp/comfytest-home/.ce/.pixi/envs/sam3dobjects-nodes/lib/python3.12/multiprocessing/connection.py", line 480 in accept
  [ComfyUI]   File "/tmp/comfytest-home/.ce/.pixi/envs/sam3dobjects-nodes/lib/python3.12/multiprocessing/resource_sharer.py", line 138 in _serve
  [ComfyUI]   File "/tmp/comfytest-home/.ce/.pixi/envs/sam3dobjects-nodes/lib/python3.12/threading.py", line 1012 in run
  [ComfyUI]   File "/tmp/comfytest-home/.ce/.pixi/envs/sam3dobjects-nodes/lib/python3.12/threading.py", line 1075 in _bootstrap_inner
  [ComfyUI]   File "/tmp/comfytest-home/.ce/.pixi/envs/sam3dobjects-nodes/lib/python3.12/threading.py", line 1032 in _bootstrap
  [ComfyUI] 
  [ComfyUI] Thread 0x0000726c1ad13640 (most recent call first):
  [ComfyUI]   File "/tmp/comfyui_pvenv_71ykybs_/persistent_worker.py", line 106 in _vram_poller
  [ComfyUI]   File "/tmp/comfytest-home/.ce/.pixi/envs/sam3dobjects-nodes/lib/python3.12/threading.py", line 1012 in run
  [ComfyUI]   File "/tmp/comfytest-home/.ce/.pixi/envs/sam3dobjects-nodes/lib/python3.12/threading.py", line 1075 in _bootstrap_inner
  [ComfyUI]   File "/tmp/comfytest-home/.ce/.pixi/envs/sam3dobjects-nodes/lib/python3.12/threading.py", line 1032 in _bootstrap
  [ComfyUI] 
  [ComfyUI] Current thread 0x0000726c1b518640 (most recent call first):
  [ComfyUI]   File "/tmp/comfyui_pvenv_71ykybs_/persistent_worker.py", line 52 in _watchdog
  [ComfyUI]   File "/tmp/comfytest-home/.ce/.pixi/envs/sam3dobjects-nodes/lib/python3.12/threading.py", line 1012 in run
  [ComfyUI]   File "/tmp/comfytest-home/.ce/.pixi/envs/sam3dobjects-nodes/lib/python3.12/threading.py", line 1075 in _bootstrap_inner
  [ComfyUI]   File "/tmp/comfytest-home/.ce/.pixi/envs/sam3dobjects-nodes/lib/python3.12/threading.py", line 1032 in _bootstrap
  [ComfyUI] 
  [ComfyUI] Thread 0x0000726c1bb13740 (most recent call first):
  [ComfyUI]   File "/tmp/comfytest-home/.ce/.pixi/envs/sam3dobjects-nodes/lib/python3.12/site-packages/ccimport/buildmeta.py", line 122 in __init__
  [ComfyUI]   File "/tmp/comfytest-home/.ce/.pixi/envs/sam3dobjects-nodes/lib/python3.12/site-packages/pccm/core/__init__.py", line 1159 in __init__
  [ComfyUI]   File "/tmp/comfytest-home/.ce/.pixi/envs/sam3dobjects-nodes/lib/python3.12/site-packages/pccm/core/__init__.py", line 1935 in __init__
  [ComfyUI]   File "/tmp/comfytest-home/.ce/.pixi/envs/sam3dobjects-nodes/lib/python3.12/site-packages/pccm/core/__init__.py", line 983 in wrapper
  [ComfyUI]   File "/tmp/comfytest-home/.ce/.pixi/envs/sam3dobjects-nodes/lib/python3.12/site-packages/cumm/gemm/blockmma/mma_multistage.py", line 159 in __init__
  [ComfyUI]   File "/tmp/comfytest-home/.ce/.pixi/envs/sam3dobjects-nodes/lib/python3.12/site-packages/pccm/core/__init__.py", line 983 in wrapper
  [ComfyUI]   File "/tmp/comfytest-home/.ce/.pixi/envs/sam3dobjects-nodes/lib/python3.12/site-packages/cumm/conv/kernel.py", line 650 in __init__
  [ComfyUI]   File "/tmp/comfytest-home/.ce/.pixi/envs/sam3dobjects-nodes/lib/python3.12/site-packages/pccm/core/__init__.py", line 983 in wrapper
  [ComfyUI]   File "/tmp/comfytest-home/.ce/.pixi/envs/sam3dobjects-nodes/lib/python3.12/site-packages/cumm/conv/main.py", line 209 in gen_gemm_kernels
  [ComfyUI]   File "/tmp/comfytest-home/.ce/.pixi/envs/sam3dobjects-nodes/lib/python3.12/site-packages/spconv/algocore.py", line 86 in get_conv_algo_desp_from_param
  [ComfyUI]   File "/tmp/comfytest-home/.ce/.pixi/envs/sam3dobjects-nodes/lib/python3.12/site-packages/spconv/algo.py", line 1056 in <module>
  [ComfyUI]   File "<frozen importlib._bootstrap>", line 488 in _call_with_frames_removed
  [ComfyUI]   File "<frozen importlib._bootstrap_external>", line 999 in exec_module
  [ComfyUI]   File "<frozen importlib._bootstrap>", line 935 in _load_unlocked
  [ComfyUI]   File "<frozen importlib._bootstrap>", line 1331 in _find_and_load_unlocked
  [ComfyUI]   File "<frozen importlib._bootstrap>", line 1360 in _find_and_load
  [ComfyUI]   File "/tmp/comfytest-home/.ce/.pixi/envs/sam3dobjects-nodes/lib/python3.12/site-packages/spconv/pytorch/ops.py", line 38 in <module>
  [ComfyUI]   File "<frozen importlib._bootstrap>", line 488 in _call_with_frames_removed
  [ComfyUI]   File "<frozen importlib._bootstrap_external>", line 999 in exec_module
  [ComfyUI]   File "<frozen importlib._bootstrap>", line 935 in _load_unlocked
  [ComfyUI]   File "<frozen importlib._bootstrap>", line 1331 in _find_and_load_unlocked
  [ComfyUI]   File "<frozen importlib._bootstrap>", line 1360 in _find_and_load
  [ComfyUI]   File "<frozen importlib._bootstrap>", line 488 in _call_with_frames_removed
  [ComfyUI]   File "<frozen importlib._bootstrap>", line 1415 in _handle_fromlist
  [ComfyUI]   File "/tmp/comfytest-home/.ce/.pixi/envs/sam3dobjects-nodes/lib/python3.12/site-packages/spconv/pytorch/functional.py", line 24 in <module>
  [ComfyUI]   File "<frozen importlib._bootstrap>", line 488 in _call_with_frames_removed
  [ComfyUI]   File "<frozen importlib._bootstrap_external>", line 999 in exec_module
  [ComfyUI]   File "<frozen importlib._bootstrap>", line 935 in _load_unlocked
  [ComfyUI]   File "<frozen importlib._bootstrap>", line 1331 in _find_and_load_unlocked
  [ComfyUI]   File "<frozen importlib._bootstrap>", line 1360 in _find_and_load
  [ComfyUI]   File "<frozen importlib._bootstrap>", line 488 in _call_with_frames_removed
  [ComfyUI]   File "<frozen importlib._bootstrap>", line 1415 in _handle_fromlist
  [ComfyUI]   File "/tmp/comfytest-home/.ce/.pixi/envs/sam3dobjects-nodes/lib/python3.12/site-packages/spconv/pytorch/__init__.py", line 8 in <module>
  [ComfyUI]   File "<frozen importlib._bootstrap>", line 488 in _call_with_frames_removed
  [ComfyUI]   File "<frozen importlib._bootstrap_external>", line 999 in exec_module
  [ComfyUI]   File "<frozen importlib._bootstrap>", line 935 in _load_unlocked
  [ComfyUI]   File "<frozen importlib._bootstrap>", line 1331 in _find_and_load_unlocked
  [ComfyUI]   File "<frozen importlib._bootstrap>", line 1360 in _find_and_load
  [ComfyUI]   File "/workspaces/SAM3DObjects-2147/ComfyUI/custom_nodes/ComfyUI-SAM3DObjects/nodes/sam3d/ops_sparse.py", line 125 in _load_spconv
  [ComfyUI]   File "/workspaces/SAM3DObjects-2147/ComfyUI/custom_nodes/ComfyUI-SAM3DObjects/nodes/sam3d/ops_sparse.py", line 131 in _spconv_conv3d_init
  [ComfyUI]   File "/workspaces/SAM3DObjects-2147/ComfyUI/custom_nodes/ComfyUI-SAM3DObjects/nodes/sam3d/ops_sparse.py", line 570 in __init__
  [ComfyUI]   File "/workspaces/SAM3DObjects-2147/ComfyUI/custom_nodes/ComfyUI-SAM3DObjects/nodes/sam3d/model.py", line 1166 in __init__
  [ComfyUI]   File "/workspaces/SAM3DObjects-2147/ComfyUI/custom_nodes/ComfyUI-SAM3DObjects/nodes/sam3d/model.py", line 1609 in __init__
  [ComfyUI]   File "/workspaces/SAM3DObjects-2147/ComfyUI/custom_nodes/ComfyUI-SAM3DObjects/nodes/sam3d/model.py", line 1716 in __init__
  [ComfyUI]   File "/workspaces/SAM3DObjects-2147/ComfyUI/custom_nodes/ComfyUI-SAM3DObjects/nodes/utils/stages.py", line 275 in _instantiate
  [ComfyUI]   File "/workspaces/SAM3DObjects-2147/ComfyUI/custom_nodes/ComfyUI-SAM3DObjects/nodes/utils/stages.py", line 272 in _instantiate
  [ComfyUI]   File "/workspaces/SAM3DObjects-2147/ComfyUI/custom_nodes/ComfyUI-SAM3DObjects/nodes/utils/stages.py", line 272 in _instantiate
  [ComfyUI]   File "/workspaces/SAM3DObjects-2147/ComfyUI/custom_nodes/ComfyUI-SAM3DObjects/nodes/utils/stages.py", line 442 in _load_generator
  [ComfyUI]   File "/workspaces/SAM3DObjects-2147/ComfyUI/custom_nodes/ComfyUI-SAM3DObjects/nodes/utils/stages.py", line 1179 in run_stage2
  [ComfyUI]   File "/workspaces/SAM3DObjects-2147/ComfyUI/custom_nodes/ComfyUI-SAM3DObjects/nodes/generate_slat.py", line 262 in execute
  [ComfyUI]   File "/tmp/comfytest-home/.ce/.pixi/envs/sam3dobjects-nodes/lib/python3.12/site-packages/torch/utils/_contextlib.py", line 124 in decorate_context
  [ComfyUI]   File "/workspaces/SAM3DObjects-2147/ComfyUI/comfy_api/latest/_io.py", line 1833 in EXECUTE_NORMALIZED
  [ComfyUI]   File "/tmp/comfyui_pvenv_71ykybs_/persistent_worker.py", line 1762 in main
  [ComfyUI]   File "/tmp/comfyui_pvenv_71ykybs_/persistent_worker.py", line 1807 in <module>
  [ComfyUI] 
  [ComfyUI] [worker:ComfyUI-SAM3DObjects] === END ===
  [ComfyUI] 
  [capture-loop] iter=500 t=61.9s state={'complete': False, 'error': None, 'executedCount': 1, 'wsState': 1} eval_ms=3 ram=16.7/31.2GB (54%) swap=2.7/32.0GB (8%) cpu=9% browser_rss=0.63GB
  [ComfyUI] [worker:ComfyUI-SAM3DObjects] [VRAM] _load_generator(slat): after load_state_dict: torch=48MiB alloc, 224MiB reserved | gpu=1958MiB/24124MiB used
  [ComfyUI] [SubprocessWorker] callback 'request_vram_budget' from call_id=44
  [ComfyUI] [comfy-env] VRAM request: 2.40GB, free before eviction: 23.24GB
  [ComfyUI] [comfy-env] VRAM after eviction: 23.24GB
  [ComfyUI] [worker:ComfyUI-SAM3DObjects] [VRAM] +231MB (now 279MB) reserved=416MB peak=4120MB
  [ComfyUI] [worker:ComfyUI-SAM3DObjects] [VRAM] +1726MB (now 2006MB) reserved=2048MB peak=4120MB
  [ComfyUI] [worker:ComfyUI-SAM3DObjects] [VRAM] Stage2: before inference: torch=2338MiB alloc, 2400MiB reserved | gpu=4130MiB/24124MiB used
  [ComfyUI] [worker:ComfyUI-SAM3DObjects] [DTYPE_DBG] _generate_noise_tensor: _compute_dtype=torch.bfloat16 shape=(1, 8684, 8) device=cuda:0
  [ComfyUI] W0518 22:03:55.731000 3557 site-packages/torch/fx/_symbolic_trace.py:53] is_fx_tracing will return true for both fx.symbolic_trace and torch.export. Please use is_fx_tracing_symbolic_tracing() for specifically fx.symbolic_trace or torch.compiler.is_compiling() for specifically torch.export/compile.
  [ComfyUI] [worker:ComfyUI-SAM3DObjects] [33m[comfy-attn] Varlen attention: sage2[0m
  [ComfyUI] [worker:ComfyUI-SAM3DObjects] [VRAM] +501MB (now 2507MB) reserved=2720MB peak=4120MB
  [ComfyUI] [SubprocessWorker] callback 'report_progress' from call_id=44
  [ComfyUI] [SubprocessWorker] callback 'report_progress' from call_id=44
  Frame 11 saved (frame_010.jpg, t=65.2s)
  [capture-periodic] freeze=3ms shot=194ms unfreeze=9ms saved=True
  [ComfyUI] [SubprocessWorker] callback 'report_progress' from call_id=44
  [ComfyUI] [SubprocessWorker] callback 'report_progress' from call_id=44
  [ComfyUI] [SubprocessWorker] callback 'report_progress' from call_id=44
  [ComfyUI] [SubprocessWorker] callback 'report_progress' from call_id=44
  [ComfyUI] [SubprocessWorker] callback 'report_progress' from call_id=44
  [ComfyUI] [SubprocessWorker] callback 'report_progress' from call_id=44
  Frame 12 saved (frame_011.jpg, t=67.5s)
  [capture-periodic] freeze=3ms shot=210ms unfreeze=9ms saved=True
  [ComfyUI] [SubprocessWorker] callback 'report_progress' from call_id=44
  [capture-loop] iter=550 t=68.0s state={'complete': False, 'error': None, 'executedCount': 1, 'wsState': 1} eval_ms=10 ram=16.7/31.2GB (54%) swap=2.7/32.0GB (8%) cpu=11% browser_rss=0.63GB
  [ComfyUI] [SubprocessWorker] callback 'report_progress' from call_id=44
  [ComfyUI] [SubprocessWorker] callback 'report_progress' from call_id=44
  [ComfyUI] [SubprocessWorker] callback 'report_progress' from call_id=44
  [ComfyUI] [worker:ComfyUI-SAM3DObjects] [VRAM] Stage2: after inference: torch=2338MiB alloc, 2720MiB reserved | gpu=4452MiB/24124MiB used
  [ComfyUI] [worker:ComfyUI-SAM3DObjects] [VRAM] -300MB (now 2207MB) reserved=2720MB peak=4120MB
  [ComfyUI] [worker:ComfyUI-SAM3DObjects] [VRAM] -1483MB (now 725MB) reserved=2720MB peak=4120MB
  Frame 13 saved (frame_012.jpg, t=69.8s)
  [capture-periodic] freeze=3ms shot=223ms unfreeze=3ms saved=True
  [ComfyUI] [worker:ComfyUI-SAM3DObjects] [VRAM] Stage2: after model cleanup: torch=48MiB alloc, 256MiB reserved | gpu=1986MiB/24124MiB used
  [ComfyUI] [worker:ComfyUI-SAM3DObjects] [VRAM] GenerateSLAT: done: torch=29MiB alloc, 256MiB reserved | gpu=1986MiB/24124MiB used
  [ComfyUI] [SubprocessWorker] got response: ok
  [ComfyUI] [comfy-env] Created 5 model patchers: ['EmbedderFuser_2', 'ShortCut_3', 'SparseStructureDecoderTdfyWrapper_4', 'EmbedderFuser_5', 'FlowMatching_6']
  [ComfyUI] [comfy-env] SAM3DGenerateSLAT done (51.24s): result: NodeOutput
  [ComfyUI] [VRAM] After SAM3DGenerateSLAT: 1986 / 24124 MB
  [ComfyUI] [VRAM] Loaded: SubprocessModel (0 MB), SubprocessModel (0 MB), SubprocessModel (0 MB), SubprocessModel (0 MB), SubprocessModel (0 MB), SubprocessModel (0 MB)
  [ComfyUI] [comfy-env] Running SAM3DGaussianDecode: up_axis: 'Y-up (standard)', world_coordinates: False, slat_decoder_gs: dict, slat: '/workspaces/SAM3DObjects-2147/ComfyUI/output/sam3d_run_3...
  [ComfyUI] [VRAM] Before SAM3DGaussianDecode: 1986 / 24124 MB
  [ComfyUI] [VRAM] Loaded: SubprocessModel (0 MB), SubprocessModel (0 MB), SubprocessModel (0 MB), SubprocessModel (0 MB), SubprocessModel (0 MB), SubprocessModel (0 MB)
  [ComfyUI] [SubprocessWorker] call_method: nodes.gaussian_decode.SAM3DGaussianDecode.EXECUTE_NORMALIZED
  [ComfyUI] [SubprocessWorker] acquired lock, ensuring started...
  [ComfyUI] [ComfyUI-SAM3DObjects] Health check: ping (timeout=5.0s)...
  [ComfyUI] [ComfyUI-SAM3DObjects] Health check: ok
  [ComfyUI] [SubprocessWorker] worker started/confirmed
  [ComfyUI] [SubprocessWorker] serializing kwargs to shm...
  [ComfyUI] [SubprocessWorker] created 0 shm blocks
  [ComfyUI] [SubprocessWorker] sending request via socket...
  [ComfyUI] [SubprocessWorker] call_id=45 sending call_method
  [ComfyUI] [worker:ComfyUI-SAM3DObjects] [VRAM] GaussianDecode: start: torch=9MiB alloc, 256MiB reserved | gpu=1986MiB/24124MiB used
  [ComfyUI] [SubprocessWorker] callback 'report_progress' from call_id=45
  [ComfyUI] [worker:ComfyUI-SAM3DObjects] [VRAM] _load_decoder(slat_decoder_gs): before instantiate: torch=9MiB alloc, 256MiB reserved | gpu=1986MiB/24124MiB used
  [ComfyUI] [worker:ComfyUI-SAM3DObjects] [VRAM] -717MB (now 9MB) reserved=256MB peak=4120MB
  [ComfyUI] 2026-05-18 22:04:02.733 | DEBUG    | nodes.sam3d.image_ops:<module>:14 - image_operations: cv2 available, using OpenCV backend
  [ComfyUI] [worker:ComfyUI-SAM3DObjects] [VRAM] _load_decoder(slat_decoder_gs): after load_state_dict: torch=9MiB alloc, 256MiB reserved | gpu=1986MiB/24124MiB used
  [ComfyUI] [SubprocessWorker] callback 'request_vram_budget' from call_id=45
  [ComfyUI] [comfy-env] VRAM request: 0.17GB, free before eviction: 23.21GB
  [ComfyUI] [comfy-env] VRAM after eviction: 23.21GB
  [ComfyUI] [worker:ComfyUI-SAM3DObjects] [VRAM] Decode(gaussian): after load_models_gpu: torch=172MiB alloc, 256MiB reserved | gpu=1986MiB/24124MiB used
  [ComfyUI] [SubprocessWorker] callback 'report_progress' from call_id=45
  [ComfyUI] [worker:ComfyUI-SAM3DObjects] [VRAM] Decode(gaussian): after cleanup: torch=24MiB alloc, 64MiB reserved | gpu=1794MiB/24124MiB used
  Frame 14 saved (frame_013.jpg, t=72.2s)
  [capture-periodic] freeze=3ms shot=191ms unfreeze=3ms saved=True
  [capture-loop] iter=600 t=74.5s state={'complete': False, 'error': None, 'executedCount': 1, 'wsState': 1} eval_ms=4 ram=19.6/31.2GB (63%) swap=2.4/32.0GB (7%) cpu=17% browser_rss=0.61GB
  [capture-loop] iter=650 t=80.8s state={'complete': False, 'error': None, 'executedCount': 1, 'wsState': 1} eval_ms=3 ram=20.0/31.2GB (64%) swap=2.4/32.0GB (8%) cpu=12% browser_rss=0.57GB
  [capture-loop] iter=700 t=87.1s state={'complete': False, 'error': None, 'executedCount': 1, 'wsState': 1} eval_ms=4 ram=20.8/31.2GB (67%) swap=2.6/32.0GB (8%) cpu=10% browser_rss=0.57GB
  [capture-loop] iter=750 t=93.5s state={'complete': False, 'error': None, 'executedCount': 1, 'wsState': 1} eval_ms=4 ram=21.0/31.2GB (67%) swap=3.3/32.0GB (10%) cpu=8% browser_rss=0.56GB
  [capture-loop] iter=800 t=102.1s state={'complete': False, 'error': None, 'executedCount': 1, 'wsState': 1} eval_ms=4 ram=20.7/31.2GB (66%) swap=3.9/32.0GB (12%) cpu=6% browser_rss=0.57GB
  [ComfyUI] [SubprocessWorker] callback 'report_progress' from call_id=45
  [ComfyUI] [worker:ComfyUI-SAM3DObjects] [VRAM] GaussianDecode: done: torch=9MiB alloc, 96MiB reserved | gpu=2705MiB/24124MiB used
  [ComfyUI] [SubprocessWorker] got response: ok
  [ComfyUI] [comfy-env] Created 1 model patchers: ['SLatGaussianDecoderTdfyWrapper_7']
  [ComfyUI] [comfy-env] SAM3DGaussianDecode done (35.50s): result: NodeOutput
  [ComfyUI] [VRAM] After SAM3DGaussianDecode: 2706 / 24124 MB
  [ComfyUI] [VRAM] Loaded: SubprocessModel (0 MB), SubprocessModel (0 MB), SubprocessModel (0 MB), SubprocessModel (0 MB), SubprocessModel (0 MB), SubprocessModel (0 MB), SubprocessModel (0 MB)
  Frame 15 saved (frame_014.jpg, t=106.4s)
  [ComfyUI] [comfy-env] Running SAM3D_PreviewPointCloud: file_path: '/workspaces/SAM3DObjects-2147/ComfyUI/output/sam3d_run_3...
  [capture-periodic] freeze=3ms shot=250ms unfreeze=4ms saved=True
  [ComfyUI] [VRAM] Before SAM3D_PreviewPointCloud: 2706 / 24124 MB
  [ComfyUI] [VRAM] Loaded: SubprocessModel (0 MB), SubprocessModel (0 MB), SubprocessModel (0 MB), SubprocessModel (0 MB), SubprocessModel (0 MB), SubprocessModel (0 MB), SubprocessModel (0 MB)
  [ComfyUI] [SubprocessWorker] call_method: nodes.preview_nodes.SAM3D_PreviewPointCloud.EXECUTE_NORMALIZED
  [ComfyUI] [SubprocessWorker] acquired lock, ensuring started...
  [ComfyUI] [ComfyUI-SAM3DObjects] Health check: ping (timeout=5.0s)...
  [ComfyUI] [ComfyUI-SAM3DObjects] Health check: ok
  [ComfyUI] [SubprocessWorker] worker started/confirmed
  [ComfyUI] [SubprocessWorker] serializing kwargs to shm...
  [ComfyUI] [SubprocessWorker] created 0 shm blocks
  [ComfyUI] [SubprocessWorker] sending request via socket...
  [ComfyUI] [SubprocessWorker] call_id=46 sending call_method
  [ComfyUI] [SubprocessWorker] got response: ok
  [ComfyUI] [comfy-env] SAM3D_PreviewPointCloud done (3.09s): result: NodeOutput
  [ComfyUI] [VRAM] After SAM3D_PreviewPointCloud: 2161 / 24124 MB
  [ComfyUI] [VRAM] Loaded: SubprocessModel (0 MB), SubprocessModel (0 MB), SubprocessModel (0 MB), SubprocessModel (0 MB), SubprocessModel (0 MB), SubprocessModel (0 MB), SubprocessModel (0 MB)
  [ComfyUI] Prompt executed in 108.46 seconds
  Node executed (2 total), capturing...
  Frame 16 saved (frame_015.jpg, t=109.4s)
  [capture-node] freeze=84ms shot=2812ms unfreeze=0ms saved=True
  Execution complete (t=109.4s)
  [3d-wait] Phase 1: Waiting for 'Loading 3D Model' text to disappear...
  [3d-wait] Phase 1 done in 0.0s
  [3d-wait] Phase 2: iframes=1
  [3d-wait] iframe viewer_ready=True (matched 1 console logs)
  [3d-wait] Unfrozen in 0.003s, rendering for 5s...
  [3d-wait] JS halted via CDP after 5.0s
  [3d-wait] Re-frozen in 6.0s
  [3d-wait] Total 3D wait: 6.1s
  Captured 16 unique frames over 118.48s
  [debug] iframes: 1
  [debug]   iframe[0]: src=http://127.0.0.1:41898/extensions/ComfyUI-SAM3DObjects/viewer_vtk.html?v=1779141, canvas=486x405, rafFrozen=True
  [timing] trigger_3d_previews: 0.0s
  Saved high-quality screenshot: gaussian_generation_executed.png
  [timing] final_screenshot: 2.4s
    Captured 17 video frames