Capturing execution frames: full_generation.json
  [Console-error] Failed to load resource: the server responded with a status of 404 (Not Found)
  [Console-error] Failed to load resource: the server responded with a status of 404 (Not Found)
  [Console-error] Failed to load resource: the server responded with a status of 404 (Not Found)
  [Console-error] Failed to load resource: the server responded with a status of 404 (Not Found)
  [Console-error] Failed to load resource: the server responded with a status of 404 (Not Found)
  [Console-warning] WARNING: Multiple instances of Three.js being imported.
  [Console-warning] [ComfyUI Deprecated] Importing from "scripts/ui.js" is deprecated and will be removed in v1.34.
  [Console-error] Error loading extension /extensions/ComfyUI-SAM3DObjects/js/pointcloud_preview_vtk.js Error: Extension named 'comfy3d.pointcloud.vtk' already registered.
    at Proxy.registerExtension (http://127.0.0.1:8188/assets/index-BFHZsBkN.js:83:1634)
    at Proxy.wrappedAction (http://127.0.0.1:8188/assets/vendor-vue-DaLZjKA7.js:8:5819)
    at Object.registerExtension (http://127.0.0.1:8188/assets/index-BFHZsBkN.js:86:51130)
    at ComfyApp.registerExtension (http://127.0.0.1:8188/assets/index-BFHZsBkN.js:280:21199)
    at http://127.0.0.1:8188/extensions/ComfyUI-SAM3DObjects/js/pointcloud_preview_vtk.js:13:5
  [Console-warning] [MaskEditor] ComfyApp.open_maskeditor is deprecated. Plugins should migrate to using the command system or direct node context menu integration.
  [Console-warning] [ComfyUI Deprecated] Importing from "scripts/ui/components/buttonGroup.js" is deprecated and will be removed in v1.34.
  [Console-warning] [ComfyUI Deprecated] Importing from "scripts/ui/components/button.js" is deprecated and will be removed in v1.34.
  [Console-error] Failed to load resource: the server responded with a status of 403 (Forbidden)
  [Console-error] Error loading model: zy: fetch for "http://127.0.0.1:8188/api/view?type=output&subfolder=%2Fhome%2Fshadeform%2Fsam3dobjects%2FComfyUI%2Foutput%2Fsam3d_inference_15&filename=mesh_textured.glb" responded with 403: Forbidden
    at http://127.0.0.1:8188/assets/vendor-three-DH0o8VQ7.js:3824:114758
  [Console-error] Failed to load resource: the server responded with a status of 403 (Forbidden)
  [Console-error] Error loading model: zy: fetch for "http://127.0.0.1:8188/api/view?type=output&subfolder=%2Fhome%2Fshadeform%2Fsam3dobjects%2FComfyUI%2Foutput%2Fsam3d_inference_15&filename=mesh_textured.glb" responded with 403: Forbidden
    at http://127.0.0.1:8188/assets/vendor-three-DH0o8VQ7.js:3824:114758
  [Console-warning] Canvas2D: Multiple readback operations using getImageData are faster with the willReadFrequently attribute set to true. See: https://html.spec.whatwg.org/multipage/canvas.html#concept-canvas-will-read-frequently
  [Console-error] No input!
  Frame 1 saved (frame_000.jpg, t=0.0s)
  Validating workflow...
  Queuing workflow for execution...
  Node executed (1 total), capturing...
  Frame 2 saved (frame_001.jpg, t=1.5s)
  [capture-node] freeze=30ms shot=487ms unfreeze=24ms saved=True
  [capture-loop] iter=50 t=10.7s state={'complete': False, 'error': None, 'executedCount': 1, 'wsState': 1} eval_ms=20
  [capture-loop] iter=100 t=19.3s state={'complete': False, 'error': None, 'executedCount': 1, 'wsState': 1} eval_ms=20
  Frame 3 saved (frame_002.jpg, t=19.6s)
  [capture-periodic] freeze=23ms shot=581ms unfreeze=24ms saved=True
  [capture-loop] iter=150 t=28.6s state={'complete': False, 'error': None, 'executedCount': 1, 'wsState': 1} eval_ms=21
  [capture-loop] iter=200 t=37.5s state={'complete': False, 'error': None, 'executedCount': 1, 'wsState': 1} eval_ms=30
  [capture-loop] iter=250 t=46.8s state={'complete': False, 'error': None, 'executedCount': 1, 'wsState': 1} eval_ms=20
  [capture-loop] iter=300 t=55.9s state={'complete': False, 'error': None, 'executedCount': 1, 'wsState': 1} eval_ms=22
  Frame 4 saved (frame_003.jpg, t=63.9s)
  [capture-periodic] freeze=26ms shot=461ms unfreeze=26ms saved=True
  [capture-loop] iter=350 t=65.2s state={'complete': False, 'error': None, 'executedCount': 1, 'wsState': 1} eval_ms=29
  Frame 5 saved (frame_004.jpg, t=66.5s)
  [capture-periodic] freeze=21ms shot=477ms unfreeze=22ms saved=True
  [capture-loop] iter=400 t=74.2s state={'complete': False, 'error': None, 'executedCount': 1, 'wsState': 1} eval_ms=22
  Frame 6 saved (frame_005.jpg, t=82.3s)
  [capture-periodic] freeze=21ms shot=646ms unfreeze=74ms saved=True
  Node executed (2 total), capturing...
  Frame 7 saved (frame_006.jpg, t=83.4s)
  [capture-node] freeze=27ms shot=619ms unfreeze=33ms saved=True
  Frame 8 saved (frame_007.jpg, t=87.2s)
  [capture-periodic] freeze=24ms shot=554ms unfreeze=25ms saved=True
  [capture-loop] iter=450 t=88.6s state={'complete': False, 'error': None, 'executedCount': 2, 'wsState': 1} eval_ms=28
  [capture-loop] iter=500 t=97.8s state={'complete': False, 'error': None, 'executedCount': 2, 'wsState': 1} eval_ms=30
  [capture-loop] iter=550 t=107.5s state={'complete': False, 'error': None, 'executedCount': 2, 'wsState': 1} eval_ms=24
  [capture-loop] iter=600 t=117.9s state={'complete': False, 'error': None, 'executedCount': 2, 'wsState': 1} eval_ms=24
  [capture-loop] iter=650 t=127.0s state={'complete': False, 'error': None, 'executedCount': 2, 'wsState': 1} eval_ms=21
  [capture-loop] iter=700 t=136.6s state={'complete': False, 'error': None, 'executedCount': 2, 'wsState': 1} eval_ms=29
  [capture-loop] iter=750 t=145.6s state={'complete': False, 'error': None, 'executedCount': 2, 'wsState': 1} eval_ms=27
  [capture-loop] iter=800 t=155.6s state={'complete': False, 'error': None, 'executedCount': 2, 'wsState': 1} eval_ms=31
  [capture-loop] iter=850 t=165.4s state={'complete': False, 'error': None, 'executedCount': 2, 'wsState': 1} eval_ms=27
  Frame 9 saved (frame_008.jpg, t=171.0s)
  [capture-periodic] freeze=18ms shot=734ms unfreeze=22ms saved=True
  Frame 10 saved (frame_009.jpg, t=174.1s)
  [capture-periodic] freeze=18ms shot=784ms unfreeze=33ms saved=True
  [capture-loop] iter=900 t=176.2s state={'complete': False, 'error': None, 'executedCount': 2, 'wsState': 1} eval_ms=24
  Frame 11 saved (frame_010.jpg, t=177.1s)
  [capture-periodic] freeze=19ms shot=546ms unfreeze=26ms saved=True
  Frame 12 saved (frame_011.jpg, t=180.0s)
  [capture-periodic] freeze=20ms shot=774ms unfreeze=32ms saved=True
  Frame 13 saved (frame_012.jpg, t=183.0s)
  [capture-periodic] freeze=23ms shot=539ms unfreeze=23ms saved=True
  Frame 14 saved (frame_013.jpg, t=185.8s)
  [capture-periodic] freeze=19ms shot=499ms unfreeze=23ms saved=True
  [capture-loop] iter=950 t=186.7s state={'complete': False, 'error': None, 'executedCount': 2, 'wsState': 1} eval_ms=18
  Frame 15 saved (frame_014.jpg, t=188.5s)
  [capture-periodic] freeze=28ms shot=496ms unfreeze=24ms saved=True
  Frame 16 saved (frame_015.jpg, t=191.2s)
  [capture-periodic] freeze=22ms shot=477ms unfreeze=25ms saved=True
  Frame 17 saved (frame_016.jpg, t=193.9s)
  [capture-periodic] freeze=19ms shot=498ms unfreeze=24ms saved=True
  [capture-loop] iter=1000 t=195.9s state={'complete': False, 'error': None, 'executedCount': 2, 'wsState': 1} eval_ms=22
  Frame 18 saved (frame_017.jpg, t=196.5s)
  [capture-periodic] freeze=35ms shot=500ms unfreeze=39ms saved=True
  Frame 19 saved (frame_018.jpg, t=199.3s)
  [capture-periodic] freeze=19ms shot=574ms unfreeze=24ms saved=True
  [capture-loop] iter=1050 t=205.5s state={'complete': False, 'error': None, 'executedCount': 2, 'wsState': 1} eval_ms=20
  [capture-loop] iter=1100 t=214.6s state={'complete': False, 'error': None, 'executedCount': 2, 'wsState': 1} eval_ms=19
  [capture-loop] iter=1150 t=223.5s state={'complete': False, 'error': None, 'executedCount': 2, 'wsState': 1} eval_ms=34
  [capture-loop] iter=1200 t=233.3s state={'complete': False, 'error': None, 'executedCount': 2, 'wsState': 1} eval_ms=19
  [capture-loop] iter=1250 t=242.9s state={'complete': False, 'error': None, 'executedCount': 2, 'wsState': 1} eval_ms=26
  [capture-loop] iter=1300 t=251.9s state={'complete': False, 'error': None, 'executedCount': 2, 'wsState': 1} eval_ms=24
  [capture-loop] iter=1350 t=260.7s state={'complete': False, 'error': None, 'executedCount': 2, 'wsState': 1} eval_ms=19
  [capture-loop] iter=1400 t=270.1s state={'complete': False, 'error': None, 'executedCount': 2, 'wsState': 1} eval_ms=22
  [capture-loop] iter=1450 t=278.8s state={'complete': False, 'error': None, 'executedCount': 2, 'wsState': 1} eval_ms=21
  [capture-loop] iter=1500 t=288.2s state={'complete': False, 'error': None, 'executedCount': 2, 'wsState': 1} eval_ms=22
  [capture-loop] iter=1550 t=297.0s state={'complete': False, 'error': None, 'executedCount': 2, 'wsState': 1} eval_ms=21
  Frame 20 saved (frame_019.jpg, t=297.0s)
  [capture-periodic] freeze=22ms shot=461ms unfreeze=21ms saved=True
  Frame 21 saved (frame_020.jpg, t=299.6s)
  [capture-periodic] freeze=32ms shot=460ms unfreeze=59ms saved=True
  Frame 22 saved (frame_021.jpg, t=302.2s)
  [capture-periodic] freeze=19ms shot=446ms unfreeze=23ms saved=True
  Frame 23 saved (frame_022.jpg, t=304.9s)
  [capture-periodic] freeze=14ms shot=449ms unfreeze=23ms saved=True
  [capture-loop] iter=1600 t=306.5s state={'complete': False, 'error': None, 'executedCount': 2, 'wsState': 1} eval_ms=23
  Frame 24 saved (frame_023.jpg, t=307.5s)
  [capture-periodic] freeze=30ms shot=439ms unfreeze=23ms saved=True
  Frame 25 saved (frame_024.jpg, t=310.1s)
  [capture-periodic] freeze=43ms shot=474ms unfreeze=20ms saved=True
  Frame 26 saved (frame_025.jpg, t=312.9s)
  [capture-periodic] freeze=19ms shot=455ms unfreeze=48ms saved=True
  [capture-loop] iter=1650 t=315.5s state={'complete': False, 'error': None, 'executedCount': 2, 'wsState': 1} eval_ms=19
  Frame 27 saved (frame_026.jpg, t=315.6s)
  [capture-periodic] freeze=17ms shot=454ms unfreeze=47ms saved=True
  Frame 28 saved (frame_027.jpg, t=323.6s)
  [capture-periodic] freeze=20ms shot=462ms unfreeze=21ms saved=True
  [capture-loop] iter=1700 t=324.9s state={'complete': False, 'error': None, 'executedCount': 2, 'wsState': 1} eval_ms=17
  [capture-loop] iter=1750 t=333.4s state={'complete': False, 'error': None, 'executedCount': 2, 'wsState': 1} eval_ms=22
  [capture-loop] iter=1800 t=341.9s state={'complete': False, 'error': None, 'executedCount': 2, 'wsState': 1} eval_ms=17
  [capture-loop] iter=1850 t=350.7s state={'complete': False, 'error': None, 'executedCount': 2, 'wsState': 1} eval_ms=21
  [capture-loop] iter=1900 t=359.1s state={'complete': False, 'error': None, 'executedCount': 2, 'wsState': 1} eval_ms=17
  [capture-loop] iter=1950 t=373.5s state={'complete': False, 'error': None, 'executedCount': 2, 'wsState': 1} eval_ms=26
  [capture-loop] iter=2000 t=383.8s state={'complete': False, 'error': None, 'executedCount': 2, 'wsState': 1} eval_ms=27
  [capture-loop] iter=2050 t=397.8s state={'complete': False, 'error': None, 'executedCount': 2, 'wsState': 1} eval_ms=38
  [capture-loop] iter=2100 t=407.5s state={'complete': False, 'error': None, 'executedCount': 2, 'wsState': 1} eval_ms=25
  [capture-loop] iter=2150 t=417.3s state={'complete': False, 'error': None, 'executedCount': 2, 'wsState': 1} eval_ms=20
  [capture-loop] iter=2200 t=427.5s state={'complete': False, 'error': None, 'executedCount': 2, 'wsState': 1} eval_ms=21
  Frame 29 saved (frame_028.jpg, t=428.6s)
  [capture-periodic] freeze=19ms shot=1997ms unfreeze=21ms saved=True
  [capture-loop] iter=2250 t=446.7s state={'complete': False, 'error': None, 'executedCount': 2, 'wsState': 1} eval_ms=23
  [capture-loop] iter=2300 t=463.7s state={'complete': False, 'error': None, 'executedCount': 2, 'wsState': 1} eval_ms=18
  [capture-loop] iter=2350 t=477.6s state={'complete': False, 'error': None, 'executedCount': 2, 'wsState': 1} eval_ms=17
  [capture-loop] iter=2400 t=487.1s state={'complete': False, 'error': None, 'executedCount': 2, 'wsState': 1} eval_ms=18
  [capture-loop] iter=2450 t=495.9s state={'complete': False, 'error': None, 'executedCount': 2, 'wsState': 1} eval_ms=23
  [capture-loop] iter=2500 t=508.1s state={'complete': False, 'error': None, 'executedCount': 2, 'wsState': 1} eval_ms=25
  [capture-loop] iter=2550 t=523.8s state={'complete': False, 'error': None, 'executedCount': 2, 'wsState': 1} eval_ms=25
  [capture-loop] iter=2600 t=532.4s state={'complete': False, 'error': None, 'executedCount': 2, 'wsState': 1} eval_ms=19
  [capture-loop] iter=2650 t=541.6s state={'complete': False, 'error': None, 'executedCount': 2, 'wsState': 1} eval_ms=21
  [capture-loop] iter=2700 t=550.5s state={'complete': False, 'error': None, 'executedCount': 2, 'wsState': 1} eval_ms=21
  [capture-loop] iter=2750 t=560.0s state={'complete': False, 'error': None, 'executedCount': 2, 'wsState': 1} eval_ms=18
  [capture-loop] iter=2800 t=568.9s state={'complete': False, 'error': None, 'executedCount': 2, 'wsState': 1} eval_ms=18
  [capture-loop] iter=2850 t=577.7s state={'complete': False, 'error': None, 'executedCount': 2, 'wsState': 1} eval_ms=20
  [capture-loop] iter=2900 t=587.1s state={'complete': False, 'error': None, 'executedCount': 2, 'wsState': 1} eval_ms=18
  [capture-loop] iter=2950 t=595.9s state={'complete': False, 'error': None, 'executedCount': 2, 'wsState': 1} eval_ms=18
  [capture-loop] iter=3000 t=604.7s state={'complete': False, 'error': None, 'executedCount': 2, 'wsState': 1} eval_ms=17
  [capture-loop] iter=3050 t=614.1s state={'complete': False, 'error': None, 'executedCount': 2, 'wsState': 1} eval_ms=19
  [capture-loop] iter=3100 t=622.9s state={'complete': False, 'error': None, 'executedCount': 2, 'wsState': 1} eval_ms=19
  [capture-loop] iter=3150 t=631.6s state={'complete': False, 'error': None, 'executedCount': 2, 'wsState': 1} eval_ms=16
  [capture-loop] iter=3200 t=640.9s state={'complete': False, 'error': None, 'executedCount': 2, 'wsState': 1} eval_ms=17
  [capture-loop] iter=3250 t=649.8s state={'complete': False, 'error': None, 'executedCount': 2, 'wsState': 1} eval_ms=18
  [capture-loop] iter=3300 t=658.8s state={'complete': False, 'error': None, 'executedCount': 2, 'wsState': 1} eval_ms=20
  [capture-loop] iter=3350 t=668.5s state={'complete': False, 'error': None, 'executedCount': 2, 'wsState': 1} eval_ms=24
  [capture-loop] iter=3400 t=677.4s state={'complete': False, 'error': None, 'executedCount': 2, 'wsState': 1} eval_ms=21
  [capture-loop] iter=3450 t=686.3s state={'complete': False, 'error': None, 'executedCount': 2, 'wsState': 1} eval_ms=19
  [capture-loop] iter=3500 t=695.9s state={'complete': False, 'error': None, 'executedCount': 2, 'wsState': 1} eval_ms=17
  [capture-loop] iter=3550 t=704.7s state={'complete': False, 'error': None, 'executedCount': 2, 'wsState': 1} eval_ms=18
  [capture-loop] iter=3600 t=713.7s state={'complete': False, 'error': None, 'executedCount': 2, 'wsState': 1} eval_ms=21
  [capture-loop] iter=3650 t=723.3s state={'complete': False, 'error': None, 'executedCount': 2, 'wsState': 1} eval_ms=20
  [capture-loop] iter=3700 t=732.2s state={'complete': False, 'error': None, 'executedCount': 2, 'wsState': 1} eval_ms=19
  [capture-loop] iter=3750 t=741.8s state={'complete': False, 'error': None, 'executedCount': 2, 'wsState': 1} eval_ms=20
  [capture-loop] iter=3800 t=750.7s state={'complete': False, 'error': None, 'executedCount': 2, 'wsState': 1} eval_ms=19
  [capture-loop] iter=3850 t=759.7s state={'complete': False, 'error': None, 'executedCount': 2, 'wsState': 1} eval_ms=32
  [capture-loop] iter=3900 t=769.2s state={'complete': False, 'error': None, 'executedCount': 2, 'wsState': 1} eval_ms=19
  [capture-loop] iter=3950 t=778.1s state={'complete': False, 'error': None, 'executedCount': 2, 'wsState': 1} eval_ms=24
  [capture-loop] iter=4000 t=787.1s state={'complete': False, 'error': None, 'executedCount': 2, 'wsState': 1} eval_ms=19
  [capture-loop] iter=4050 t=796.7s state={'complete': False, 'error': None, 'executedCount': 2, 'wsState': 1} eval_ms=20
  [capture-loop] iter=4100 t=805.6s state={'complete': False, 'error': None, 'executedCount': 2, 'wsState': 1} eval_ms=18
  [capture-loop] iter=4150 t=815.2s state={'complete': False, 'error': None, 'executedCount': 2, 'wsState': 1} eval_ms=18
  [capture-loop] iter=4200 t=824.1s state={'complete': False, 'error': None, 'executedCount': 2, 'wsState': 1} eval_ms=19
  [capture-loop] iter=4250 t=833.0s state={'complete': False, 'error': None, 'executedCount': 2, 'wsState': 1} eval_ms=19
  [capture-loop] iter=4300 t=842.7s state={'complete': False, 'error': None, 'executedCount': 2, 'wsState': 1} eval_ms=18
  [capture-loop] iter=4350 t=851.7s state={'complete': False, 'error': None, 'executedCount': 2, 'wsState': 1} eval_ms=21
  [capture-loop] iter=4400 t=860.6s state={'complete': False, 'error': None, 'executedCount': 2, 'wsState': 1} eval_ms=23
  [capture-loop] iter=4450 t=870.3s state={'complete': False, 'error': None, 'executedCount': 2, 'wsState': 1} eval_ms=23
  [capture-loop] iter=4500 t=879.2s state={'complete': False, 'error': None, 'executedCount': 2, 'wsState': 1} eval_ms=18
  [capture-loop] iter=4550 t=888.2s state={'complete': False, 'error': None, 'executedCount': 2, 'wsState': 1} eval_ms=19
  [capture-loop] iter=4600 t=897.8s state={'complete': False, 'error': None, 'executedCount': 2, 'wsState': 1} eval_ms=21
  [capture-loop] iter=4650 t=906.7s state={'complete': False, 'error': None, 'executedCount': 2, 'wsState': 1} eval_ms=18
  [capture-loop] iter=4700 t=915.6s state={'complete': False, 'error': None, 'executedCount': 2, 'wsState': 1} eval_ms=18
  [capture-loop] iter=4750 t=925.1s state={'complete': False, 'error': None, 'executedCount': 2, 'wsState': 1} eval_ms=23
  [capture-loop] iter=4800 t=933.9s state={'complete': False, 'error': None, 'executedCount': 2, 'wsState': 1} eval_ms=22
  [capture-loop] iter=4850 t=942.7s state={'complete': False, 'error': None, 'executedCount': 2, 'wsState': 1} eval_ms=20
  [capture-loop] iter=4900 t=952.2s state={'complete': False, 'error': None, 'executedCount': 2, 'wsState': 1} eval_ms=20
  [capture-loop] iter=4950 t=961.1s state={'complete': False, 'error': None, 'executedCount': 2, 'wsState': 1} eval_ms=17
  [capture-loop] iter=5000 t=969.9s state={'complete': False, 'error': None, 'executedCount': 2, 'wsState': 1} eval_ms=17
  [capture-loop] iter=5050 t=979.4s state={'complete': False, 'error': None, 'executedCount': 2, 'wsState': 1} eval_ms=17
  [capture-loop] iter=5100 t=988.3s state={'complete': False, 'error': None, 'executedCount': 2, 'wsState': 1} eval_ms=21
  [capture-loop] iter=5150 t=997.2s state={'complete': False, 'error': None, 'executedCount': 2, 'wsState': 1} eval_ms=19
  [capture-loop] iter=5200 t=1006.7s state={'complete': False, 'error': None, 'executedCount': 2, 'wsState': 1} eval_ms=20
  [capture-loop] iter=5250 t=1015.3s state={'complete': False, 'error': None, 'executedCount': 2, 'wsState': 1} eval_ms=18
  [capture-loop] iter=5300 t=1023.9s state={'complete': False, 'error': None, 'executedCount': 2, 'wsState': 1} eval_ms=25
  [capture-loop] iter=5350 t=1033.4s state={'complete': False, 'error': None, 'executedCount': 2, 'wsState': 1} eval_ms=22
  [capture-loop] iter=5400 t=1042.3s state={'complete': False, 'error': None, 'executedCount': 2, 'wsState': 1} eval_ms=18
  [capture-loop] iter=5450 t=1051.2s state={'complete': False, 'error': None, 'executedCount': 2, 'wsState': 1} eval_ms=22
  [capture-loop] iter=5500 t=1125.7s state={'complete': False, 'error': None, 'executedCount': 2, 'wsState': 1} eval_ms=22
  [capture-loop] iter=5550 t=1134.8s state={'complete': False, 'error': None, 'executedCount': 2, 'wsState': 1} eval_ms=24
  Frame 30 saved (frame_029.jpg, t=1138.0s)
  [capture-periodic] freeze=22ms shot=437ms unfreeze=20ms saved=True
  Frame 31 saved (frame_030.jpg, t=1143.3s)
  [capture-periodic] freeze=21ms shot=436ms unfreeze=21ms saved=True
  [capture-loop] iter=5600 t=1144.6s state={'complete': False, 'error': None, 'executedCount': 2, 'wsState': 1} eval_ms=24
  [capture-loop] iter=5650 t=1153.2s state={'complete': False, 'error': None, 'executedCount': 2, 'wsState': 1} eval_ms=21
  [capture-loop] iter=5700 t=1163.6s state={'complete': False, 'error': None, 'executedCount': 2, 'wsState': 1} eval_ms=22
  [capture-loop] iter=5750 t=1172.4s state={'complete': False, 'error': None, 'executedCount': 2, 'wsState': 1} eval_ms=26
  [capture-loop] iter=5800 t=1181.7s state={'complete': False, 'error': None, 'executedCount': 2, 'wsState': 1} eval_ms=20
  Frame 32 saved (frame_031.jpg, t=1190.3s)
  [capture-periodic] freeze=16ms shot=466ms unfreeze=18ms saved=True
  [capture-loop] iter=5850 t=1191.2s state={'complete': False, 'error': None, 'executedCount': 2, 'wsState': 1} eval_ms=18
  [capture-loop] iter=5900 t=1199.4s state={'complete': False, 'error': None, 'executedCount': 2, 'wsState': 1} eval_ms=19
  [capture-loop] iter=5950 t=1207.9s state={'complete': False, 'error': None, 'executedCount': 2, 'wsState': 1} eval_ms=24
  [capture-loop] iter=6000 t=1217.1s state={'complete': False, 'error': None, 'executedCount': 2, 'wsState': 1} eval_ms=42
  [capture-loop] iter=6050 t=1225.6s state={'complete': False, 'error': None, 'executedCount': 2, 'wsState': 1} eval_ms=16
  [capture-loop] iter=6100 t=1234.7s state={'complete': False, 'error': None, 'executedCount': 2, 'wsState': 1} eval_ms=20
  [capture-loop] iter=6150 t=1243.6s state={'complete': False, 'error': None, 'executedCount': 2, 'wsState': 1} eval_ms=25
  [capture-loop] iter=6200 t=1253.1s state={'complete': False, 'error': None, 'executedCount': 2, 'wsState': 1} eval_ms=19
  [capture-loop] iter=6250 t=1261.9s state={'complete': False, 'error': None, 'executedCount': 2, 'wsState': 1} eval_ms=26
  Frame 33 saved (frame_032.jpg, t=1267.7s)
  [capture-periodic] freeze=21ms shot=1114ms unfreeze=28ms saved=True
  Node executed (3 total), capturing...
  Frame 34 saved (frame_033.jpg, t=1269.3s)
  [capture-node] freeze=177ms shot=1109ms unfreeze=0ms saved=True
  Execution complete (t=1269.3s)
  [3d-wait] Phase 1: Waiting for 'Loading 3D Model' text to disappear...
  [3d-wait] Phase 1 exception after 60.0s: Page.wait_for_function: Timeout 60000ms exceeded.
  [3d-wait] Phase 2: iframes=1
  [3d-wait] iframe viewer_ready=False (matched 0 console logs)
  [3d-wait] Waiting for 'Loaded successfully' console message (timeout=60s)...
  [3d-wait] iframe wait exception: Timeout 60000ms exceeded while waiting for event "console"
=========================== logs ===========================
waiting for event "console"
============================================================
  [3d-wait] Total 3D wait: 120.2s
  Captured 34 unique frames over 1390.98s
  [debug] iframes: 1
  [debug]   iframe[0]: src=http://127.0.0.1:8188/extensions/ComfyUI-GeometryPack/viewer_vtk.html?v=17719380, canvas=588x545, rafFrozen=True
  [timing] trigger_3d_previews: 0.0s
  Saved high-quality screenshot: full_generation_executed.png
  [timing] final_screenshot: 2.8s
    Captured 35 video frames