Capturing execution frames: gaussian_generation.json
  [Console-error] Failed to load resource: the server responded with a status of 404 (Not Found)
  [Console-error] Failed to load resource: the server responded with a status of 404 (Not Found)
  [Console-error] Failed to load resource: the server responded with a status of 404 (Not Found)
  [Console-error] Failed to load resource: the server responded with a status of 404 (Not Found)
  [Console-error] Failed to load resource: the server responded with a status of 404 (Not Found)
  [Console-warning] WARNING: Multiple instances of Three.js being imported.
  [Console-warning] [ComfyUI Deprecated] Importing from "scripts/ui.js" is deprecated and will be removed in v1.34.
  [Console-error] Error loading extension /extensions/ComfyUI-SAM3DObjects/js/pointcloud_preview_vtk.js Error: Extension named 'comfy3d.pointcloud.vtk' already registered.
    at Proxy.registerExtension (http://127.0.0.1:8188/assets/index-BFHZsBkN.js:83:1634)
    at Proxy.wrappedAction (http://127.0.0.1:8188/assets/vendor-vue-DaLZjKA7.js:8:5819)
    at Object.registerExtension (http://127.0.0.1:8188/assets/index-BFHZsBkN.js:86:51130)
    at ComfyApp.registerExtension (http://127.0.0.1:8188/assets/index-BFHZsBkN.js:280:21199)
    at http://127.0.0.1:8188/extensions/ComfyUI-SAM3DObjects/js/pointcloud_preview_vtk.js:13:5
  [Console-warning] [MaskEditor] ComfyApp.open_maskeditor is deprecated. Plugins should migrate to using the command system or direct node context menu integration.
  [Console-warning] [ComfyUI Deprecated] Importing from "scripts/ui/components/buttonGroup.js" is deprecated and will be removed in v1.34.
  [Console-warning] [ComfyUI Deprecated] Importing from "scripts/ui/components/button.js" is deprecated and will be removed in v1.34.
  [Console-warning] Canvas2D: Multiple readback operations using getImageData are faster with the willReadFrequently attribute set to true. See: https://html.spec.whatwg.org/multipage/canvas.html#concept-canvas-will-read-frequently
  [Console-error] No input!
  Frame 1 saved (frame_000.jpg, t=0.0s)
  Validating workflow...
  Queuing workflow for execution...
  Node executed (1 total), capturing...
  Frame 2 saved (frame_001.jpg, t=1.6s)
  [capture-node] freeze=27ms shot=519ms unfreeze=22ms saved=True
  [capture-loop] iter=50 t=10.6s state={'complete': False, 'error': None, 'executedCount': 1, 'wsState': 1} eval_ms=18
  [capture-loop] iter=100 t=19.0s state={'complete': False, 'error': None, 'executedCount': 1, 'wsState': 1} eval_ms=19
  Frame 3 saved (frame_002.jpg, t=24.5s)
  [capture-periodic] freeze=25ms shot=485ms unfreeze=21ms saved=True
  [capture-loop] iter=150 t=28.5s state={'complete': False, 'error': None, 'executedCount': 1, 'wsState': 1} eval_ms=21
  [capture-loop] iter=200 t=37.2s state={'complete': False, 'error': None, 'executedCount': 1, 'wsState': 1} eval_ms=17
  [capture-loop] iter=250 t=46.4s state={'complete': False, 'error': None, 'executedCount': 1, 'wsState': 1} eval_ms=33
  [capture-loop] iter=300 t=55.1s state={'complete': False, 'error': None, 'executedCount': 1, 'wsState': 1} eval_ms=32
  [capture-loop] iter=350 t=64.1s state={'complete': False, 'error': None, 'executedCount': 1, 'wsState': 1} eval_ms=22
  Frame 4 saved (frame_003.jpg, t=70.2s)
  [capture-periodic] freeze=25ms shot=520ms unfreeze=19ms saved=True
  [capture-loop] iter=400 t=72.9s state={'complete': False, 'error': None, 'executedCount': 1, 'wsState': 1} eval_ms=21
  Frame 5 saved (frame_004.jpg, t=72.9s)
  [capture-periodic] freeze=21ms shot=454ms unfreeze=21ms saved=True
  [capture-loop] iter=450 t=81.8s state={'complete': False, 'error': None, 'executedCount': 1, 'wsState': 1} eval_ms=21
  Frame 6 saved (frame_005.jpg, t=85.5s)
  [capture-periodic] freeze=26ms shot=385ms unfreeze=19ms saved=True
  [capture-loop] iter=500 t=90.4s state={'complete': False, 'error': None, 'executedCount': 1, 'wsState': 1} eval_ms=20
  [capture-loop] iter=550 t=99.2s state={'complete': False, 'error': None, 'executedCount': 1, 'wsState': 1} eval_ms=22
  [capture-loop] iter=600 t=107.9s state={'complete': False, 'error': None, 'executedCount': 1, 'wsState': 1} eval_ms=20
  [capture-loop] iter=650 t=116.8s state={'complete': False, 'error': None, 'executedCount': 1, 'wsState': 1} eval_ms=22
  [capture-loop] iter=700 t=125.5s state={'complete': False, 'error': None, 'executedCount': 1, 'wsState': 1} eval_ms=26
  [capture-loop] iter=750 t=134.5s state={'complete': False, 'error': None, 'executedCount': 1, 'wsState': 1} eval_ms=22
  [capture-loop] iter=800 t=143.0s state={'complete': False, 'error': None, 'executedCount': 1, 'wsState': 1} eval_ms=22
  [capture-loop] iter=850 t=152.1s state={'complete': False, 'error': None, 'executedCount': 1, 'wsState': 1} eval_ms=20
  [capture-loop] iter=900 t=160.6s state={'complete': False, 'error': None, 'executedCount': 1, 'wsState': 1} eval_ms=17
  [capture-loop] iter=950 t=169.3s state={'complete': False, 'error': None, 'executedCount': 1, 'wsState': 1} eval_ms=20
  Frame 7 saved (frame_006.jpg, t=177.2s)
  [capture-periodic] freeze=30ms shot=503ms unfreeze=29ms saved=True
  [capture-loop] iter=1000 t=178.7s state={'complete': False, 'error': None, 'executedCount': 1, 'wsState': 1} eval_ms=19
  Frame 8 saved (frame_007.jpg, t=179.9s)
  [capture-periodic] freeze=18ms shot=398ms unfreeze=19ms saved=True
  Frame 9 saved (frame_008.jpg, t=182.5s)
  [capture-periodic] freeze=19ms shot=412ms unfreeze=20ms saved=True
  Frame 10 saved (frame_009.jpg, t=185.2s)
  [capture-periodic] freeze=16ms shot=448ms unfreeze=22ms saved=True
  [capture-loop] iter=1050 t=187.4s state={'complete': False, 'error': None, 'executedCount': 1, 'wsState': 1} eval_ms=17
  Frame 11 saved (frame_010.jpg, t=187.9s)
  [capture-periodic] freeze=20ms shot=419ms unfreeze=21ms saved=True
  Frame 12 saved (frame_011.jpg, t=190.6s)
  [capture-periodic] freeze=23ms shot=382ms unfreeze=22ms saved=True
  Frame 13 saved (frame_012.jpg, t=193.2s)
  [capture-periodic] freeze=17ms shot=410ms unfreeze=35ms saved=True
  Frame 14 saved (frame_013.jpg, t=195.9s)
  [capture-periodic] freeze=18ms shot=456ms unfreeze=19ms saved=True
  [capture-loop] iter=1100 t=196.8s state={'complete': False, 'error': None, 'executedCount': 1, 'wsState': 1} eval_ms=37
  Frame 15 saved (frame_014.jpg, t=198.6s)
  [capture-periodic] freeze=17ms shot=396ms unfreeze=18ms saved=True
  Frame 16 saved (frame_015.jpg, t=201.2s)
  [capture-periodic] freeze=17ms shot=333ms unfreeze=17ms saved=True
  Frame 17 saved (frame_016.jpg, t=203.8s)
  [capture-periodic] freeze=20ms shot=413ms unfreeze=20ms saved=True
  [capture-loop] iter=1150 t=205.5s state={'complete': False, 'error': None, 'executedCount': 1, 'wsState': 1} eval_ms=19
  [capture-loop] iter=1200 t=214.3s state={'complete': False, 'error': None, 'executedCount': 1, 'wsState': 1} eval_ms=17
  [capture-loop] iter=1250 t=222.8s state={'complete': False, 'error': None, 'executedCount': 1, 'wsState': 1} eval_ms=21
  [capture-loop] iter=1300 t=231.1s state={'complete': False, 'error': None, 'executedCount': 1, 'wsState': 1} eval_ms=18
  [capture-loop] iter=1350 t=240.1s state={'complete': False, 'error': None, 'executedCount': 1, 'wsState': 1} eval_ms=21
  [capture-loop] iter=1400 t=248.7s state={'complete': False, 'error': None, 'executedCount': 1, 'wsState': 1} eval_ms=26
  [capture-loop] iter=1450 t=257.6s state={'complete': False, 'error': None, 'executedCount': 1, 'wsState': 1} eval_ms=22
  [capture-loop] iter=1500 t=266.1s state={'complete': False, 'error': None, 'executedCount': 1, 'wsState': 1} eval_ms=16
  [capture-loop] iter=1550 t=275.0s state={'complete': False, 'error': None, 'executedCount': 1, 'wsState': 1} eval_ms=21
  [capture-loop] iter=1600 t=283.4s state={'complete': False, 'error': None, 'executedCount': 1, 'wsState': 1} eval_ms=28
  [capture-loop] iter=1650 t=292.5s state={'complete': False, 'error': None, 'executedCount': 1, 'wsState': 1} eval_ms=23
  Frame 18 saved (frame_017.jpg, t=299.5s)
  [capture-periodic] freeze=23ms shot=409ms unfreeze=22ms saved=True
  [capture-loop] iter=1700 t=301.3s state={'complete': False, 'error': None, 'executedCount': 1, 'wsState': 1} eval_ms=22
  Frame 19 saved (frame_018.jpg, t=302.1s)
  [capture-periodic] freeze=16ms shot=398ms unfreeze=20ms saved=True
  Frame 20 saved (frame_019.jpg, t=304.8s)
  [capture-periodic] freeze=21ms shot=398ms unfreeze=23ms saved=True
  Frame 21 saved (frame_020.jpg, t=307.4s)
  [capture-periodic] freeze=1ms shot=520ms unfreeze=22ms saved=True
  Frame 22 saved (frame_021.jpg, t=310.0s)
  [capture-periodic] freeze=27ms shot=347ms unfreeze=21ms saved=True
  [capture-loop] iter=1750 t=310.7s state={'complete': False, 'error': None, 'executedCount': 1, 'wsState': 1} eval_ms=27
  Frame 23 saved (frame_022.jpg, t=312.6s)
  [capture-periodic] freeze=17ms shot=434ms unfreeze=23ms saved=True
  Frame 24 saved (frame_023.jpg, t=315.2s)
  [capture-periodic] freeze=20ms shot=461ms unfreeze=20ms saved=True
  Frame 25 saved (frame_024.jpg, t=317.9s)
  [capture-periodic] freeze=23ms shot=398ms unfreeze=39ms saved=True
  [capture-loop] iter=1800 t=319.6s state={'complete': False, 'error': None, 'executedCount': 1, 'wsState': 1} eval_ms=22
  Frame 26 saved (frame_025.jpg, t=325.4s)
  [capture-periodic] freeze=19ms shot=454ms unfreeze=35ms saved=True
  Frame 27 saved (frame_026.jpg, t=328.0s)
  [capture-periodic] freeze=17ms shot=387ms unfreeze=21ms saved=True
  [capture-loop] iter=1850 t=328.8s state={'complete': False, 'error': None, 'executedCount': 1, 'wsState': 1} eval_ms=20
  [capture-loop] iter=1900 t=337.2s state={'complete': False, 'error': None, 'executedCount': 1, 'wsState': 1} eval_ms=24
  [capture-loop] iter=1950 t=345.6s state={'complete': False, 'error': None, 'executedCount': 1, 'wsState': 1} eval_ms=25
  [capture-loop] iter=2000 t=354.6s state={'complete': False, 'error': None, 'executedCount': 1, 'wsState': 1} eval_ms=19
  [capture-loop] iter=2050 t=363.1s state={'complete': False, 'error': None, 'executedCount': 1, 'wsState': 1} eval_ms=23
  [capture-loop] iter=2100 t=372.0s state={'complete': False, 'error': None, 'executedCount': 1, 'wsState': 1} eval_ms=24
  [capture-loop] iter=2150 t=380.5s state={'complete': False, 'error': None, 'executedCount': 1, 'wsState': 1} eval_ms=26
  [capture-loop] iter=2200 t=389.1s state={'complete': False, 'error': None, 'executedCount': 1, 'wsState': 1} eval_ms=20
  [capture-loop] iter=2250 t=398.3s state={'complete': False, 'error': None, 'executedCount': 1, 'wsState': 1} eval_ms=21
  [capture-loop] iter=2300 t=406.7s state={'complete': False, 'error': None, 'executedCount': 1, 'wsState': 1} eval_ms=21
  [capture-loop] iter=2350 t=415.7s state={'complete': False, 'error': None, 'executedCount': 1, 'wsState': 1} eval_ms=21
  Node executed (2 total), capturing...
  Frame 28 saved (frame_027.jpg, t=423.5s)
  [capture-node] freeze=18ms shot=419ms unfreeze=0ms saved=True
  Execution complete (t=423.5s)
  [3d-wait] Phase 1: Waiting for 'Loading 3D Model' text to disappear...
  [3d-wait] Phase 1 done in 0.1s
  [3d-wait] Phase 2: iframes=1
  [3d-wait] iframe viewer_ready=False (matched 0 console logs)
  [3d-wait] Waiting for 'Loaded successfully' console message (timeout=60s)...
  [3d-wait] iframe wait exception: Timeout 60000ms exceeded while waiting for event "console"
=========================== logs ===========================
waiting for event "console"
============================================================
  [3d-wait] Total 3D wait: 60.2s
  Captured 28 unique frames over 484.29s
  [debug] iframes: 1
  [debug]   iframe[0]: src=http://127.0.0.1:8188/extensions/ComfyUI-GeometryPack/viewer_vtk.html?v=17719394, canvas=588x545, rafFrozen=True
  [timing] trigger_3d_previews: 0.0s
  Saved high-quality screenshot: gaussian_generation_executed.png
  [timing] final_screenshot: 2.4s
    Captured 29 video frames