Capturing execution frames: mesh_generation.json
  [Console-error] Failed to load resource: the server responded with a status of 404 (Not Found)
  [Console-error] Failed to load resource: the server responded with a status of 404 (Not Found)
  [Console-error] Failed to load resource: the server responded with a status of 404 (Not Found)
  [Console-error] Failed to load resource: the server responded with a status of 404 (Not Found)
  [Console-error] Failed to load resource: the server responded with a status of 404 (Not Found)
  [Console-warning] WARNING: Multiple instances of Three.js being imported.
  [Console-error] Error loading extension /extensions/ComfyUI-GeometryPack/js/pointcloud_preview_vtk.js Error: Extension named 'comfy3d.pointcloud.vtk' already registered.
    at Proxy.registerExtension (http://127.0.0.1:8188/assets/index-BFHZsBkN.js:83:1634)
    at Proxy.wrappedAction (http://127.0.0.1:8188/assets/vendor-vue-DaLZjKA7.js:8:5819)
    at Object.registerExtension (http://127.0.0.1:8188/assets/index-BFHZsBkN.js:86:51130)
    at ComfyApp.registerExtension (http://127.0.0.1:8188/assets/index-BFHZsBkN.js:280:21199)
    at http://127.0.0.1:8188/extensions/ComfyUI-GeometryPack/js/pointcloud_preview_vtk.js:13:5
  [Console-warning] [ComfyUI Deprecated] Importing from "scripts/ui.js" is deprecated and will be removed in v1.34.
  [Console-warning] [MaskEditor] ComfyApp.open_maskeditor is deprecated. Plugins should migrate to using the command system or direct node context menu integration.
  [Console-warning] [ComfyUI Deprecated] Importing from "scripts/ui/components/buttonGroup.js" is deprecated and will be removed in v1.34.
  [Console-warning] [ComfyUI Deprecated] Importing from "scripts/ui/components/button.js" is deprecated and will be removed in v1.34.
  [Console-error] Failed to load resource: the server responded with a status of 403 (Forbidden)
  [Console-error] Error loading model: zy: fetch for "http://127.0.0.1:8188/api/view?type=output&subfolder=%2Fhome%2Fshadeform%2Fsam3dobjects%2FComfyUI%2Foutput%2Fsam3d_inference_10&filename=mesh.glb" responded with 403: Forbidden
    at http://127.0.0.1:8188/assets/vendor-three-DH0o8VQ7.js:3824:114758
  [Console-error] Failed to load resource: the server responded with a status of 403 (Forbidden)
  [Console-error] Error loading model: zy: fetch for "http://127.0.0.1:8188/api/view?type=output&subfolder=%2Fhome%2Fshadeform%2Fsam3dobjects%2FComfyUI%2Foutput%2Fsam3d_inference_10&filename=mesh.glb" responded with 403: Forbidden
    at http://127.0.0.1:8188/assets/vendor-three-DH0o8VQ7.js:3824:114758
  Frame 1 saved (frame_000.jpg, t=0.0s)
  Validating workflow...
  Queuing workflow for execution...
  Node executed (1 total), capturing...
  Frame 2 saved (frame_001.jpg, t=1.8s)
  [capture-node] freeze=25ms shot=404ms unfreeze=21ms saved=True
  [capture-loop] iter=50 t=10.5s state={'complete': False, 'error': None, 'executedCount': 1, 'wsState': 1} eval_ms=22
  [capture-loop] iter=100 t=19.0s state={'complete': False, 'error': None, 'executedCount': 1, 'wsState': 1} eval_ms=24
  Frame 3 saved (frame_002.jpg, t=22.3s)
  [capture-periodic] freeze=32ms shot=420ms unfreeze=23ms saved=True
  [capture-loop] iter=150 t=28.6s state={'complete': False, 'error': None, 'executedCount': 1, 'wsState': 1} eval_ms=18
  [capture-loop] iter=200 t=37.2s state={'complete': False, 'error': None, 'executedCount': 1, 'wsState': 1} eval_ms=20
  [capture-loop] iter=250 t=46.4s state={'complete': False, 'error': None, 'executedCount': 1, 'wsState': 1} eval_ms=21
  [capture-loop] iter=300 t=55.1s state={'complete': False, 'error': None, 'executedCount': 1, 'wsState': 1} eval_ms=20
  [capture-loop] iter=350 t=64.3s state={'complete': False, 'error': None, 'executedCount': 1, 'wsState': 1} eval_ms=19
  Frame 4 saved (frame_003.jpg, t=66.1s)
  [capture-periodic] freeze=17ms shot=448ms unfreeze=22ms saved=True
  Frame 5 saved (frame_004.jpg, t=68.8s)
  [capture-periodic] freeze=23ms shot=677ms unfreeze=40ms saved=True
  Frame 6 saved (frame_005.jpg, t=71.8s)
  [capture-periodic] freeze=20ms shot=438ms unfreeze=4ms saved=True
  [capture-loop] iter=400 t=73.4s state={'complete': False, 'error': None, 'executedCount': 1, 'wsState': 1} eval_ms=18
  [capture-loop] iter=450 t=81.9s state={'complete': False, 'error': None, 'executedCount': 1, 'wsState': 1} eval_ms=18
  Frame 7 saved (frame_006.jpg, t=82.1s)
  [capture-periodic] freeze=19ms shot=540ms unfreeze=20ms saved=True
  Frame 8 saved (frame_007.jpg, t=84.8s)
  [capture-periodic] freeze=20ms shot=428ms unfreeze=23ms saved=True
  [capture-loop] iter=500 t=91.3s state={'complete': False, 'error': None, 'executedCount': 1, 'wsState': 1} eval_ms=17
  [capture-loop] iter=550 t=99.9s state={'complete': False, 'error': None, 'executedCount': 1, 'wsState': 1} eval_ms=18
  [capture-loop] iter=600 t=108.9s state={'complete': False, 'error': None, 'executedCount': 1, 'wsState': 1} eval_ms=29
  [capture-loop] iter=650 t=117.4s state={'complete': False, 'error': None, 'executedCount': 1, 'wsState': 1} eval_ms=20
  [capture-loop] iter=700 t=126.5s state={'complete': False, 'error': None, 'executedCount': 1, 'wsState': 1} eval_ms=21
  [capture-loop] iter=750 t=135.0s state={'complete': False, 'error': None, 'executedCount': 1, 'wsState': 1} eval_ms=21
  [capture-loop] iter=800 t=143.5s state={'complete': False, 'error': None, 'executedCount': 1, 'wsState': 1} eval_ms=21
  [capture-loop] iter=850 t=152.6s state={'complete': False, 'error': None, 'executedCount': 1, 'wsState': 1} eval_ms=20
  [capture-loop] iter=900 t=161.3s state={'complete': False, 'error': None, 'executedCount': 1, 'wsState': 1} eval_ms=21
  [capture-loop] iter=950 t=170.3s state={'complete': False, 'error': None, 'executedCount': 1, 'wsState': 1} eval_ms=18
  [capture-loop] iter=1000 t=178.9s state={'complete': False, 'error': None, 'executedCount': 1, 'wsState': 1} eval_ms=15
  Frame 9 saved (frame_008.jpg, t=181.6s)
  [capture-periodic] freeze=18ms shot=507ms unfreeze=27ms saved=True
  Frame 10 saved (frame_009.jpg, t=184.4s)
  [capture-periodic] freeze=26ms shot=450ms unfreeze=23ms saved=True
  Frame 11 saved (frame_010.jpg, t=187.0s)
  [capture-periodic] freeze=17ms shot=417ms unfreeze=23ms saved=True
  [capture-loop] iter=1050 t=188.1s state={'complete': False, 'error': None, 'executedCount': 1, 'wsState': 1} eval_ms=19
  Frame 12 saved (frame_011.jpg, t=189.6s)
  [capture-periodic] freeze=74ms shot=471ms unfreeze=20ms saved=True
  Frame 13 saved (frame_012.jpg, t=192.4s)
  [capture-periodic] freeze=19ms shot=422ms unfreeze=23ms saved=True
  Frame 14 saved (frame_013.jpg, t=195.0s)
  [capture-periodic] freeze=19ms shot=457ms unfreeze=28ms saved=True
  [capture-loop] iter=1100 t=197.4s state={'complete': False, 'error': None, 'executedCount': 1, 'wsState': 1} eval_ms=20
  Frame 15 saved (frame_014.jpg, t=197.7s)
  [capture-periodic] freeze=19ms shot=418ms unfreeze=20ms saved=True
  Frame 16 saved (frame_015.jpg, t=200.3s)
  [capture-periodic] freeze=17ms shot=448ms unfreeze=66ms saved=True
  Frame 17 saved (frame_016.jpg, t=202.9s)
  [capture-periodic] freeze=18ms shot=404ms unfreeze=24ms saved=True
  Frame 18 saved (frame_017.jpg, t=205.5s)
  [capture-periodic] freeze=19ms shot=425ms unfreeze=21ms saved=True
  [capture-loop] iter=1150 t=206.9s state={'complete': False, 'error': None, 'executedCount': 1, 'wsState': 1} eval_ms=23
  Frame 19 saved (frame_018.jpg, t=208.1s)
  [capture-periodic] freeze=8ms shot=393ms unfreeze=22ms saved=True
  [capture-loop] iter=1200 t=215.5s state={'complete': False, 'error': None, 'executedCount': 1, 'wsState': 1} eval_ms=19
  [capture-loop] iter=1250 t=224.4s state={'complete': False, 'error': None, 'executedCount': 1, 'wsState': 1} eval_ms=23
  [capture-loop] iter=1300 t=233.0s state={'complete': False, 'error': None, 'executedCount': 1, 'wsState': 1} eval_ms=24
  [capture-loop] iter=1350 t=242.0s state={'complete': False, 'error': None, 'executedCount': 1, 'wsState': 1} eval_ms=23
  [capture-loop] iter=1400 t=250.6s state={'complete': False, 'error': None, 'executedCount': 1, 'wsState': 1} eval_ms=22
  [capture-loop] iter=1450 t=259.3s state={'complete': False, 'error': None, 'executedCount': 1, 'wsState': 1} eval_ms=20
  [capture-loop] iter=1500 t=268.3s state={'complete': False, 'error': None, 'executedCount': 1, 'wsState': 1} eval_ms=22
  [capture-loop] iter=1550 t=277.2s state={'complete': False, 'error': None, 'executedCount': 1, 'wsState': 1} eval_ms=35
  Frame 20 saved (frame_019.jpg, t=285.5s)
  [capture-periodic] freeze=22ms shot=577ms unfreeze=20ms saved=True
  [capture-loop] iter=1600 t=286.9s state={'complete': False, 'error': None, 'executedCount': 1, 'wsState': 1} eval_ms=21
  Frame 21 saved (frame_020.jpg, t=288.3s)
  [capture-periodic] freeze=18ms shot=455ms unfreeze=20ms saved=True
  Frame 22 saved (frame_021.jpg, t=291.0s)
  [capture-periodic] freeze=19ms shot=464ms unfreeze=23ms saved=True
  Frame 23 saved (frame_022.jpg, t=293.6s)
  [capture-periodic] freeze=22ms shot=348ms unfreeze=33ms saved=True
  [capture-loop] iter=1650 t=295.8s state={'complete': False, 'error': None, 'executedCount': 1, 'wsState': 1} eval_ms=17
  Frame 24 saved (frame_023.jpg, t=296.1s)
  [capture-periodic] freeze=21ms shot=365ms unfreeze=19ms saved=True
  Frame 25 saved (frame_024.jpg, t=298.6s)
  [capture-periodic] freeze=19ms shot=439ms unfreeze=30ms saved=True
  Frame 26 saved (frame_025.jpg, t=301.3s)
  [capture-periodic] freeze=26ms shot=405ms unfreeze=18ms saved=True
  Frame 27 saved (frame_026.jpg, t=304.0s)
  [capture-periodic] freeze=57ms shot=418ms unfreeze=20ms saved=True
  [capture-loop] iter=1700 t=305.1s state={'complete': False, 'error': None, 'executedCount': 1, 'wsState': 1} eval_ms=20
  Frame 28 saved (frame_027.jpg, t=306.7s)
  [capture-periodic] freeze=18ms shot=418ms unfreeze=19ms saved=True
  [capture-loop] iter=1750 t=313.9s state={'complete': False, 'error': None, 'executedCount': 1, 'wsState': 1} eval_ms=22
  Frame 29 saved (frame_028.jpg, t=314.4s)
  [capture-periodic] freeze=24ms shot=451ms unfreeze=30ms saved=True
  [capture-loop] iter=1800 t=327.1s state={'complete': False, 'error': None, 'executedCount': 1, 'wsState': 1} eval_ms=22
  [capture-loop] iter=1850 t=339.0s state={'complete': False, 'error': None, 'executedCount': 1, 'wsState': 1} eval_ms=19
  [capture-loop] iter=1900 t=352.0s state={'complete': True, 'error': None, 'executedCount': 2, 'wsState': 1} eval_ms=202
  Node executed (2 total), capturing...
  Frame 30 saved (frame_029.jpg, t=352.2s)
  [capture-node] freeze=19ms shot=463ms unfreeze=0ms saved=True
  Execution complete (t=352.2s)
  [3d-wait] Phase 1: Waiting for 'Loading 3D Model' text to disappear...
  [3d-wait] Phase 1 exception after 60.0s: Page.wait_for_function: Timeout 60000ms exceeded.
  [3d-wait] Phase 2: iframes=0
  [3d-wait] Total 3D wait: 60.1s
  Captured 30 unique frames over 412.96s
  [debug] iframes: 0
  [timing] trigger_3d_previews: 0.0s
  Saved high-quality screenshot: mesh_generation_executed.png
  [timing] final_screenshot: 2.4s
    Captured 31 video frames