[Console-error] Failed to load resource: the server responded with a status of 404 (Not Found)
[Console-error] Failed to load resource: the server responded with a status of 404 (Not Found)
[Console-error] Failed to load resource: the server responded with a status of 404 (Not Found)
[Console-error] Failed to load resource: the server responded with a status of 404 (Not Found)
[Console-error] Failed to load resource: the server responded with a status of 404 (Not Found)
[Console-warning] WARNING: Multiple instances of Three.js being imported.
[Console-log] [VTK Bundle] GLTFImporter included in bundle
[Console-log] [DynamicWidgets] Loading extension...
[Console-log] [DynamicWidgets] Extension registered
[Console-log] [GeomPack] Loading mesh preview extension...
[Console-log] [GeomPack] Mesh preview extension registered
[Console-log] [GeomPack] Loading UV mesh preview extension...
[Console-log] [GeomPack] UV mesh preview extension registered
[Console-log] [BVHViewer] Loading BVH Viewer extension
[Console-log] [BVHViewer] Loading BVH viewer extension...
[Console-log] [BVHViewer] Extension registered: comfy3d.bvhviewer
[Console-log] [FBX Preview] Auto-registering for all known FBX preview node types...
[Console-log] [UniRig] Loading FBX mesh preview extension...
[Console-log] [UniRig] Detected extension folder: ComfyUI-GeometryPack
[Console-log] [UniRig] FBX mesh preview extension registered
[Console-log] [SAM3DBody] Loading FBX mesh preview extension...
[Console-log] [SAM3DBody] Detected extension folder: ComfyUI-GeometryPack
[Console-log] [SAM3DBody] FBX mesh preview extension registered
[Console-log] [MotionCapture] Loading FBX mesh preview extension...
[Console-log] [MotionCapture] Detected extension folder: ComfyUI-GeometryPack
[Console-log] [MotionCapture] FBX mesh preview extension registered
[Console-log] [MotionCapture] Loading FBX mesh preview extension...
[Console-log] [MotionCapture] Detected extension folder: ComfyUI-GeometryPack
[Console-log] [MotionCapture] FBX mesh preview extension registered
[Console-log] [UniRig Debug] Loading FBX mesh preview extension...
[Console-log] [UniRig Debug] Detected extension folder: ComfyUI-GeometryPack
[Console-log] [UniRig Debug] FBX mesh preview extension registered
[Console-log] [CompareSMPLBVH] Loading Compare SMPL BVH extension
[Console-log] [CompareSMPLBVH] Loading Compare SMPL BVH extension...
[Console-log] [CompareSMPLBVH] Extension registered: comfy3d.comparesmplbvh
[Console-log] [FBXAnimationViewer] Loading FBX Animation Viewer extension
[Console-log] [FBXAnimationViewer] Loading FBX Animation Viewer extension...
[Console-log] [FBXAnimationViewer] Extension registered: comfy3d.fbxanimationviewer
[Console-log] [UniRig Compare] Loading compare skeleton widget...
[Console-log] [UniRig Compare] Detected extension folder: ComfyUI-GeometryPack
[Console-log] [UniRig Compare] Compare skeleton widget registered
[Console-log] [GeomPack Gaussian] Loading extension...
[Console-log] [GeomPack] Loading VTK.js textured mesh preview extension...
[Console-log] [GeomPack] VTK.js textured mesh preview extension registered
[Console-log] [GeomPack Multi JS] Loading mesh_preview_multi.js extension
[Console-warning] [ComfyUI Deprecated] Importing from "scripts/ui.js" is deprecated and will be removed in v1.34.
[Console-log] [VTK Bundle] GLTFImporter included in bundle
[Console-error] Error loading extension /extensions/ComfyUI-SAM3DObjects/js/pointcloud_preview_vtk.js Error: Extension named 'comfy3d.pointcloud.vtk' already registered.
    at Proxy.registerExtension (http://127.0.0.1:8188/assets/index-BFHZsBkN.js:83:1634)
    at Proxy.wrappedAction (http://127.0.0.1:8188/assets/vendor-vue-DaLZjKA7.js:8:5819)
    at Object.registerExtension (http://127.0.0.1:8188/assets/index-BFHZsBkN.js:86:51130)
    at ComfyApp.registerExtension (http://127.0.0.1:8188/assets/index-BFHZsBkN.js:280:21199)
    at http://127.0.0.1:8188/extensions/ComfyUI-SAM3DObjects/js/pointcloud_preview_vtk.js:13:5
[Console-warning] [MaskEditor] ComfyApp.open_maskeditor is deprecated. Plugins should migrate to using the command system or direct node context menu integration.
[Console-log] [DynamicWidgets] Loaded mappings for 6 nodes
[Console-log] [GeomPack] Registering Preview Mesh node
[Console-log] [GeomPack] Registering Preview Mesh UV node
[Console-log] [GeomPack Gaussian] Registering Preview Gaussian node
[Console-warning] [ComfyUI Deprecated] Importing from "scripts/ui/components/buttonGroup.js" is deprecated and will be removed in v1.34.
[Console-warning] [ComfyUI Deprecated] Importing from "scripts/ui/components/button.js" is deprecated and will be removed in v1.34.
[Console-log] [VTK Bundle] GLTFImporter included in bundle
[Console-log] [GeomPack VTK Viewer] Initializing unified viewer...
[Console-warning] Canvas2D: Multiple readback operations using getImageData are faster with the willReadFrequently attribute set to true. See: https://html.spec.whatwg.org/multipage/canvas.html#concept-canvas-will-read-frequently
[Console-log] [GeomPack VTK Viewer] Ready (unified)
[Console-error] No input!
[Console-log] [comfy-test] graphToPrompt: 13 nodes, missing class_type: [], sample: {"inputs":{"depth_model":["74",0],"image":["77",0]},"class_type":"SAM3D_DepthEstimate","_meta":{"title":"SAM3D Depth Estimate"}}
[Console-error] No input!
[Console-log] [VTK Bundle] GLTFImporter included in bundle
[Console-warning] Canvas2D: Multiple readback operations using getImageData are faster with the willReadFrequently attribute set to true. See: https://html.spec.whatwg.org/multipage/canvas.html#concept-canvas-will-read-frequently
[Console-log] [LoaderFactory] Loading GLB file: /view?filename=preview_vtk_831e1cf6.glb&type=output&subfolder=
[Console-log] [GLTFLoader] Configuring mapper - hasVertexColors: false hasTexture: false